09-20 03:52:33.225 15695 15721 I OTA-COMPOSER: 1OTAStateMachine.updateEcuStateList(Line:225)current Ecu State [EcuState: { ecu: Ecu: { nodeAddress: 0x01, ecuId: MQAAAAAAAAAAAAAAAAAAAA==, softwareId: , updateFilePath: [/storage/1CB9-1D2B/full_update.zip], rollbackFilePath: [], retryTimes: 0, reserved:  }, ecuUpdateState: INSTALLING, statusCode: 0, curStateProgress: 0 }]
09-20 03:52:33.939  1595  1595 I update_engine: [INFO:filesystem_verifier_action.cc(330)] Hashing partition 19 (secs2d) on device /dev/block/bootdevice/by-name/secs2d_b
09-20 03:52:33.977  1595  1595 I update_engine: [INFO:filesystem_verifier_action.cc(380)] Verity writes disabled on partition secs2d
09-20 03:52:34.011  1595  1595 I update_engine: [INFO:filesystem_verifier_action.cc(436)] Hash of secs2d: GplHZ6SfPOb8WECdcyBWWjErtpQCpddIajpjvbqzklo=
09-20 03:52:34.050  1595  1595 I update_engine: [INFO:filesystem_verifier_action.cc(330)] Hashing partition 20 (tz) on device /dev/block/bootdevice/by-name/tz_b
09-20 03:52:34.090  1595  1595 I update_engine: [INFO:filesystem_verifier_action.cc(380)] Verity writes disabled on partition tz
09-20 03:52:34.151  1595  1595 I update_engine: [INFO:filesystem_verifier_action.cc(436)] Hash of tz: ilv69NqaL/iIvgT4Xr8d+nZUCSOcwCj5AcsWYHxgNvA=
09-20 03:52:34.189  1595  1595 I update_engine: [INFO:filesystem_verifier_action.cc(330)] Hashing partition 21 (uefisecapp) on device /dev/block/bootdevice/by-name/uefisecapp_b
09-20 03:52:34.220  1595  1595 I update_engine: [INFO:filesystem_verifier_action.cc(380)] Verity writes disabled on partition uefisecapp
09-20 03:52:34.253  1595  1595 I update_engine: [INFO:filesystem_verifier_action.cc(436)] Hash of uefisecapp: wxhZTAptYJmAtfuqQYlbokvu9rOixLJMy717B2jENVE=
09-20 03:52:34.288  1595  1595 I update_engine: [INFO:filesystem_verifier_action.cc(330)] Hashing partition 22 (xbl) on device /dev/block/bootdevice/by-name/xbl_b
09-20 03:52:34.321  1595  1595 I update_engine: [INFO:filesystem_verifier_action.cc(380)] Verity writes disabled on partition xbl
09-20 03:52:34.385  1595  1595 I update_engine: [INFO:filesystem_verifier_action.cc(436)] Hash of xbl: II/xQOeQIRyN/TQG1e5A8QLOC519efowuzjTIyRcY8M=
09-20 03:52:34.421  1595  1595 I update_engine: [INFO:filesystem_verifier_action.cc(330)] Hashing partition 23 (xbl_config) on device /dev/block/bootdevice/by-name/xbl_config_b
09-20 03:52:34.454  1595  1595 I update_engine: [INFO:filesystem_verifier_action.cc(380)] Verity writes disabled on partition xbl_config
09-20 03:52:34.487  1595  1595 I update_engine: [INFO:filesystem_verifier_action.cc(436)] Hash of xbl_config: ZOikEpLAf25rEnSsJY/E0ulQgNB0dxVYSiGDt4dHYOg=
09-20 03:52:34.526  1595  1595 I update_engine: [INFO:action_processor.cc(116)] ActionProcessor: finished FilesystemVerifierAction with code ErrorCode::kSuccess
09-20 03:52:34.547 15674 15711 D UPDATE_AGENT: DefaultState.processMessage(Line:128)DefaultState: 71
09-20 03:52:33.225 15695 15721 I OTA-COMPOSER: 1OTAStateMachine.notifyProgress(Line:199)notify Agent the last data
09-20 03:52:33.226 15695 15721 D OTA-COMPOSER: 256ComposerModel.getInstance(Line:48)->getInstance()
09-20 03:52:33.251 15695 15712 D OTA-COMPOSER: 28673UpdateEngineProxy$1.onStatusUpdate(Line:91)onStatusUpdate:      status = 4   percent = 0.61875
09-20 03:52:33.252 15695 15712 D OTA-COMPOSER: 28673UpdateEngineProxy.statusUpdate(Line:250)status: 4 (int) percent 99
09-20 03:52:33.252 15695 15712 D OTA-COMPOSER: 28673UpdateEngineProxy.statusUpdate(Line:251)status: 4 Math.round(percent) 99
09-20 03:52:34.608 15674 15690 I UPDATE_AGENT: OTAComposerProxy.notifyInstallState(Line:195)current ecu state INSTALLING && progress: 0
09-20 03:52:33.253 15695 15721 I OTA-COMPOSER: 17DefaultState.processMessage(Line:136)65
09-20 03:52:34.609 15674 15690 D UPDATE_AGENT: AgentModel.getInstance(Line:73)getInstance
09-20 03:52:33.253 15695 15721 D OTA-COMPOSER: 97InstallState.processMessage(Line:91)current MSG 65
09-20 03:52:34.611 15674 15711 D UPDATE_AGENT: DefaultState.processMessage(Line:128)DefaultState: 71
09-20 03:52:33.254 15695 15721 I OTA-COMPOSER: 100InstallState.processMessage(Line:103)installing
09-20 03:52:33.254 15695 15721 I OTA-COMPOSER: 100InstallState.processMessage(Line:107)get soc install msg
09-20 03:52:33.255 15695 15721 I OTA-COMPOSER: 100InstallState.updateInstallationProgress(Line:151)Soc progress is 99
09-20 03:52:33.255 15695 15721 I OTA-COMPOSER: 100InstallState.updateInstallationProgress(Line:152)is soc install now 0x01
09-20 03:52:33.256 15695 15721 I OTA-COMPOSER: 100InstallState.updateInstallationProgress(Line:190)get percent update, notify to AGENT
09-20 03:52:33.257 15695 15721 I OTA-COMPOSER: 1OTAStateMachine.updateEcuStateList(Line:225)current Ecu State [EcuState: { ecu: Ecu: { nodeAddress: 0x01, ecuId: MQAAAAAAAAAAAAAAAAAAAA==, softwareId: , updateFilePath: [/storage/1CB9-1D2B/full_update.zip], rollbackFilePath: [], retryTimes: 0, reserved:  }, ecuUpdateState: INSTALLING, statusCode: 0, curStateProgress: 0 }]
09-20 03:52:33.257 15695 15721 I OTA-COMPOSER: 1OTAStateMachine.notifyProgress(Line:199)notify Agent the last data
09-20 03:52:33.258 15695 15721 D OTA-COMPOSER: 256ComposerModel.getInstance(Line:48)->getInstance()
09-20 03:52:33.369 15695 15712 D OTA-COMPOSER: 28673UpdateEngineProxy$1.onStatusUpdate(Line:91)onStatusUpdate:      status = 4   percent = 0.6545198
09-20 03:52:33.369 15695 15712 D OTA-COMPOSER: 28673UpdateEngineProxy.statusUpdate(Line:250)status: 4 (int) percent 99
09-20 03:52:33.370 15695 15712 D OTA-COMPOSER: 28673UpdateEngineProxy.statusUpdate(Line:251)status: 4 Math.round(percent) 99
09-20 03:52:33.372 15695 15721 I OTA-COMPOSER: 17DefaultState.processMessage(Line:136)65
09-20 03:52:33.373 15695 15721 D OTA-COMPOSER: 97InstallState.processMessage(Line:91)current MSG 65
09-20 03:52:33.374 15695 15721 I OTA-COMPOSER: 100InstallState.processMessage(Line:103)installing
09-20 03:52:33.374 15695 15712 D OTA-COMPOSER: 28673UpdateEngineProxy$1.onStatusUpdate(Line:91)onStatusUpdate:      status = 4   percent = 0.6666667
09-20 03:52:33.374 15695 15712 D OTA-COMPOSER: 28673UpdateEngineProxy.statusUpdate(Line:250)status: 4 (int) percent 99
09-20 03:52:33.375 15695 15712 D OTA-COMPOSER: 28673UpdateEngineProxy.statusUpdate(Line:251)status: 4 Math.round(percent) 99
09-20 03:52:33.375 15695 15721 I OTA-COMPOSER: 100InstallState.processMessage(Line:107)get soc install msg
09-20 03:52:33.377 15695 15721 I OTA-COMPOSER: 100InstallState.updateInstallationProgress(Line:151)Soc progress is 99
09-20 03:52:33.377 15695 15721 I OTA-COMPOSER: 100InstallState.updateInstallationProgress(Line:152)is soc install now 0x01
09-20 03:52:33.378 15695 15721 I OTA-COMPOSER: 100InstallState.updateInstallationProgress(Line:190)get percent update, notify to AGENT
09-20 03:52:33.379 15695 15721 I OTA-COMPOSER: 1OTAStateMachine.updateEcuStateList(Line:225)current Ecu State [EcuState: { ecu: Ecu: { nodeAddress: 0x01, ecuId: MQAAAAAAAAAAAAAAAAAAAA==, softwareId: , updateFilePath: [/storage/1CB9-1D2B/full_update.zip], rollbackFilePath: [], retryTimes: 0, reserved:  }, ecuUpdateState: INSTALLING, statusCode: 0, curStateProgress: 0 }]
09-20 03:52:33.380 15695 15721 I OTA-COMPOSER: 1OTAStateMachine.notifyProgress(Line:199)notify Agent the last data
09-20 03:52:33.380 15695 15721 D OTA-COMPOSER: 256ComposerModel.getInstance(Line:48)->getInstance()
09-20 03:52:33.385 15695 15721 I OTA-COMPOSER: 17DefaultState.processMessage(Line:136)65
09-20 03:52:33.385 15695 15721 D OTA-COMPOSER: 97InstallState.processMessage(Line:91)current MSG 65
09-20 03:52:33.386 15695 15721 I OTA-COMPOSER: 100InstallState.processMessage(Line:103)installing
09-20 03:52:33.386 15695 15721 I OTA-COMPOSER: 100InstallState.processMessage(Line:107)get soc install msg
09-20 03:52:33.387 15695 15721 I OTA-COMPOSER: 100InstallState.updateInstallationProgress(Line:151)Soc progress is 99
09-20 03:52:34.560  1595  1595 I update_engine: [INFO:action_processor.cc(143)] ActionProcessor: starting PostinstallRunnerAction
09-20 03:52:34.598  1595  1595 I update_engine: [INFO:dynamic_partition_control_android.cc(1053)] Snapshot writes are done.
09-20 03:52:34.634  1595  1595 I update_engine: Wipe is not scheduled. Deleting forward merge indicator.
09-20 03:52:34.963  1595  1595 I update_engine: Successfully unmapped snapshot vendor_b
09-20 03:52:35.188  1595  1595 I update_engine: Successfully unmapped snapshot system_b
09-20 03:52:35.412  1595  1595 I update_engine: Successfully unmapped snapshot system_ext_b
09-20 03:52:35.447  1595  1595 I update_engine: [INFO:dynamic_partition_control_android.cc(296)] Destroying [system_b, system_ext_b, vendor_b] from device mapper
09-20 03:52:35.748 15674 15690 I UPDATE_AGENT: OTAComposerProxy.notifyInstallState(Line:195)current ecu state INSTALLING && progress: 0
09-20 03:52:35.477  1595  1595 I update_engine: [INFO:postinstall_runner_action.cc(389)] Unmapped all partitions.
09-20 03:52:35.507  1595  1595 I update_engine: [INFO:postinstall_runner_action.cc(405)] All post-install commands succeeded
09-20 03:52:35.537  1595  1595 I update_engine: [INFO:action_processor.cc(116)] ActionProcessor: finished last action PostinstallRunnerAction with code ErrorCode::kSuccess
09-20 03:52:35.749 15674 15690 D UPDATE_AGENT: AgentModel.getInstance(Line:73)getInstance
09-20 03:52:35.569  1595  1595 I update_engine: [INFO:update_attempter_android.cc(574)] Processing Done.
09-20 03:52:35.750 15674 15711 D UPDATE_AGENT: DefaultState.processMessage(Line:128)DefaultState: 71
09-20 03:52:35.607  1595  1595 I update_engine: [INFO:update_attempter_android.cc(587)] Update successfully applied, waiting to reboot.
09-20 03:52:35.644  1595  1595 I update_engine: Successfully unmapped snapshot vendor_b
09-20 03:52:35.675  1595  1595 I update_engine: Successfully unmapped snapshot system_b
09-20 03:52:35.705  1595  1595 I update_engine: Successfully unmapped snapshot system_ext_b
09-20 03:52:35.761 15674 15690 I UPDATE_AGENT: OTAComposerProxy.notifyInstallState(Line:195)current ecu state INSTALLING && progress: 0
09-20 03:52:35.762 15674 15690 D UPDATE_AGENT: AgentModel.getInstance(Line:73)getInstance
09-20 03:52:35.764 15674 15711 D UPDATE_AGENT: DefaultState.processMessage(Line:128)DefaultState: 71
09-20 03:52:33.387 15695 15721 I OTA-COMPOSER: 100InstallState.updateInstallationProgress(Line:152)is soc install now 0x01
09-20 03:52:33.387 15695 15721 I OTA-COMPOSER: 100InstallState.updateInstallationProgress(Line:190)get percent update, notify to AGENT
09-20 03:52:33.388 15695 15721 I OTA-COMPOSER: 1OTAStateMachine.updateEcuStateList(Line:225)current Ecu State [EcuState: { ecu: Ecu: { nodeAddress: 0x01, ecuId: MQAAAAAAAAAAAAAAAAAAAA==, softwareId: , updateFilePath: [/storage/1CB9-1D2B/full_update.zip], rollbackFilePath: [], retryTimes: 0, reserved:  }, ecuUpdateState: INSTALLING, statusCode: 0, curStateProgress: 0 }]
09-20 03:52:35.754  1595  1595 I update_engine: [INFO:metrics_reporter_android.cc(159)] Current update attempt downloads 1620 bytes data
09-20 03:52:33.389 15695 15721 I OTA-COMPOSER: 1OTAStateMachine.notifyProgress(Line:199)notify Agent the last data
09-20 03:52:33.389 15695 15721 D OTA-COMPOSER: 256ComposerModel.getInstance(Line:48)->getInstance()
09-20 03:52:35.796  1595  1595 I update_engine: [INFO:metrics_utils.cc(335)] Updated Marker = 1/1/1970 0:52:49 GMT
09-20 03:52:33.478 15695 15712 D OTA-COMPOSER: 28673UpdateEngineProxy$1.onStatusUpdate(Line:91)onStatusUpdate:      status = 4   percent = 0.69660497
09-20 03:52:33.479 15695 15712 D OTA-COMPOSER: 28673UpdateEngineProxy.statusUpdate(Line:250)status: 4 (int) percent 99
09-20 03:52:33.479 15695 15712 D OTA-COMPOSER: 28673UpdateEngineProxy.statusUpdate(Line:251)status: 4 Math.round(percent) 99
09-20 03:52:33.481 15695 15721 I OTA-COMPOSER: 17DefaultState.processMessage(Line:136)65
09-20 03:52:33.481 15695 15712 D OTA-COMPOSER: 28673UpdateEngineProxy$1.onStatusUpdate(Line:91)onStatusUpdate:      status = 4   percent = 0.7083333
09-20 03:52:33.482 15695 15721 D OTA-COMPOSER: 97InstallState.processMessage(Line:91)current MSG 65
09-20 03:52:33.482 15695 15712 D OTA-COMPOSER: 28673UpdateEngineProxy.statusUpdate(Line:250)status: 4 (int) percent 99
09-20 03:52:33.482 15695 15721 I OTA-COMPOSER: 100InstallState.processMessage(Line:103)installing
09-20 03:52:33.483 15695 15712 D OTA-COMPOSER: 28673UpdateEngineProxy.statusUpdate(Line:251)status: 4 Math.round(percent) 99
09-20 03:52:33.483 15695 15721 I OTA-COMPOSER: 100InstallState.processMessage(Line:107)get soc install msg
09-20 03:52:33.484 15695 15721 I OTA-COMPOSER: 100InstallState.updateInstallationProgress(Line:151)Soc progress is 99
09-20 03:52:33.484 15695 15721 I OTA-COMPOSER: 100InstallState.updateInstallationProgress(Line:152)is soc install now 0x01
09-20 03:52:33.485 15695 15721 I OTA-COMPOSER: 100InstallState.updateInstallationProgress(Line:190)get percent update, notify to AGENT
09-20 03:52:33.485 15695 15721 I OTA-COMPOSER: 1OTAStateMachine.updateEcuStateList(Line:225)current Ecu State [EcuState: { ecu: Ecu: { nodeAddress: 0x01, ecuId: MQAAAAAAAAAAAAAAAAAAAA==, softwareId: , updateFilePath: [/storage/1CB9-1D2B/full_update.zip], rollbackFilePath: [], retryTimes: 0, reserved:  }, ecuUpdateState: INSTALLING, statusCode: 0, curStateProgress: 0 }]
09-20 03:52:33.487 15695 15721 I OTA-COMPOSER: 1OTAStateMachine.notifyProgress(Line:199)notify Agent the last data
09-20 03:52:33.488 15695 15721 D OTA-COMPOSER: 256ComposerModel.getInstance(Line:48)->getInstance()
09-20 03:52:33.500 15695 15721 I OTA-COMPOSER: 17DefaultState.processMessage(Line:136)65
09-20 03:52:33.500 15695 15721 D OTA-COMPOSER: 97InstallState.processMessage(Line:91)current MSG 65
09-20 03:52:33.501 15695 15721 I OTA-COMPOSER: 100InstallState.processMessage(Line:103)installing
09-20 03:52:33.502 15695 15721 I OTA-COMPOSER: 100InstallState.processMessage(Line:107)get soc install msg
09-20 03:52:33.502 15695 15721 I OTA-COMPOSER: 100InstallState.updateInstallationProgress(Line:151)Soc progress is 99
09-20 03:52:33.503 15695 15721 I OTA-COMPOSER: 100InstallState.updateInstallationProgress(Line:152)is soc install now 0x01
09-20 03:52:33.503 15695 15721 I OTA-COMPOSER: 100InstallState.updateInstallationProgress(Line:190)get percent update, notify to AGENT
09-20 03:52:33.504 15695 15721 I OTA-COMPOSER: 1OTAStateMachine.updateEcuStateList(Line:225)current Ecu State [EcuState: { ecu: Ecu: { nodeAddress: 0x01, ecuId: MQAAAAAAAAAAAAAAAAAAAA==, softwareId: , updateFilePath: [/storage/1CB9-1D2B/full_update.zip], rollbackFilePath: [], retryTimes: 0, reserved:  }, ecuUpdateState: INSTALLING, statusCode: 0, curStateProgress: 0 }]
09-20 03:52:33.504 15695 15721 I OTA-COMPOSER: 1OTAStateMachine.notifyProgress(Line:199)notify Agent the last data
09-20 03:52:33.505 15695 15721 D OTA-COMPOSER: 256ComposerModel.getInstance(Line:48)->getInstance()
09-20 03:52:33.591 15695 15712 D OTA-COMPOSER: 28673UpdateEngineProxy$1.onStatusUpdate(Line:91)onStatusUpdate:      status = 4   percent = 0.73340344
09-20 03:52:33.592 15695 15712 D OTA-COMPOSER: 28673UpdateEngineProxy.statusUpdate(Line:250)status: 4 (int) percent 99
09-20 03:52:33.593 15695 15712 D OTA-COMPOSER: 28673UpdateEngineProxy.statusUpdate(Line:251)status: 4 Math.round(percent) 99
09-20 03:52:33.594 15695 15721 I OTA-COMPOSER: 17DefaultState.processMessage(Line:136)65
09-20 03:52:33.595 15695 15721 D OTA-COMPOSER: 97InstallState.processMessage(Line:91)current MSG 65
09-20 03:52:33.595 15695 15721 I OTA-COMPOSER: 100InstallState.processMessage(Line:103)installing
09-20 03:52:33.596 15695 15721 I OTA-COMPOSER: 100InstallState.processMessage(Line:107)get soc install msg
09-20 03:52:33.596 15695 15721 I OTA-COMPOSER: 100InstallState.updateInstallationProgress(Line:151)Soc progress is 99
09-20 03:52:33.597 15695 15721 I OTA-COMPOSER: 100InstallState.updateInstallationProgress(Line:152)is soc install now 0x01
09-20 03:52:33.597 15695 15721 I OTA-COMPOSER: 100InstallState.updateInstallationProgress(Line:190)get percent update, notify to AGENT
09-20 03:52:33.598 15695 15721 I OTA-COMPOSER: 1OTAStateMachine.updateEcuStateList(Line:225)current Ecu State [EcuState: { ecu: Ecu: { nodeAddress: 0x01, ecuId: MQAAAAAAAAAAAAAAAAAAAA==, softwareId: , updateFilePath: [/storage/1CB9-1D2B/full_update.zip], rollbackFilePath: [], retryTimes: 0, reserved:  }, ecuUpdateState: INSTALLING, statusCode: 0, curStateProgress: 0 }]
09-20 03:52:33.599 15695 15721 I OTA-COMPOSER: 1OTAStateMachine.notifyProgress(Line:199)notify Agent the last data
09-20 03:52:33.599 15695 15721 D OTA-COMPOSER: 256ComposerModel.getInstance(Line:48)->getInstance()
09-20 03:52:33.700 15695 15712 D OTA-COMPOSER: 28673UpdateEngineProxy$1.onStatusUpdate(Line:91)onStatusUpdate:      status = 4   percent = 0.7434319
09-20 03:52:33.701 15695 15712 D OTA-COMPOSER: 28673UpdateEngineProxy.statusUpdate(Line:250)status: 4 (int) percent 99
09-20 03:52:33.701 15695 15712 D OTA-COMPOSER: 28673UpdateEngineProxy.statusUpdate(Line:251)status: 4 Math.round(percent) 99
09-20 03:52:33.702 15695 15721 I OTA-COMPOSER: 17DefaultState.processMessage(Line:136)65
09-20 03:52:33.702 15695 15721 D OTA-COMPOSER: 97InstallState.processMessage(Line:91)current MSG 65
09-20 03:52:33.703 15695 15721 I OTA-COMPOSER: 100InstallState.processMessage(Line:103)installing
09-20 03:52:33.703 15695 15721 I OTA-COMPOSER: 100InstallState.processMessage(Line:107)get soc install msg
09-20 03:52:33.704 15695 15721 I OTA-COMPOSER: 100InstallState.updateInstallationProgress(Line:151)Soc progress is 99
09-20 03:52:33.704 15695 15721 I OTA-COMPOSER: 100InstallState.updateInstallationProgress(Line:152)is soc install now 0x01
09-20 03:52:33.704 15695 15721 I OTA-COMPOSER: 100InstallState.updateInstallationProgress(Line:190)get percent update, notify to AGENT
09-20 03:52:33.705 15695 15721 I OTA-COMPOSER: 1OTAStateMachine.updateEcuStateList(Line:225)current Ecu State [EcuState: { ecu: Ecu: { nodeAddress: 0x01, ecuId: MQAAAAAAAAAAAAAAAAAAAA==, softwareId: , updateFilePath: [/storage/1CB9-1D2B/full_update.zip], rollbackFilePath: [], retryTimes: 0, reserved:  }, ecuUpdateState: INSTALLING, statusCode: 0, curStateProgress: 0 }]
09-20 03:52:33.705 15695 15721 I OTA-COMPOSER: 1OTAStateMachine.notifyProgress(Line:199)notify Agent the last data
09-20 03:52:33.706 15695 15721 D OTA-COMPOSER: 256ComposerModel.getInstance(Line:48)->getInstance()
09-20 03:52:33.904 15695 15712 D OTA-COMPOSER: 28673UpdateEngineProxy$1.onStatusUpdate(Line:91)onStatusUpdate:      status = 4   percent = 0.7916667
09-20 03:52:33.905 15695 15712 D OTA-COMPOSER: 28673UpdateEngineProxy.statusUpdate(Line:250)status: 4 (int) percent 99
09-20 03:52:33.906 15695 15712 D OTA-COMPOSER: 28673UpdateEngineProxy.statusUpdate(Line:251)status: 4 Math.round(percent) 99
09-20 03:52:33.907 15695 15721 I OTA-COMPOSER: 17DefaultState.processMessage(Line:136)65
09-20 03:52:33.907 15695 15721 D OTA-COMPOSER: 97InstallState.processMessage(Line:91)current MSG 65
09-20 03:52:33.908 15695 15721 I OTA-COMPOSER: 100InstallState.processMessage(Line:103)installing
09-20 03:52:33.909 15695 15721 I OTA-COMPOSER: 100InstallState.processMessage(Line:107)get soc install msg
09-20 03:52:33.909 15695 15721 I OTA-COMPOSER: 100InstallState.updateInstallationProgress(Line:151)Soc progress is 99
09-20 03:52:33.910 15695 15721 I OTA-COMPOSER: 100InstallState.updateInstallationProgress(Line:152)is soc install now 0x01
09-20 03:52:33.910 15695 15721 I OTA-COMPOSER: 100InstallState.updateInstallationProgress(Line:190)get percent update, notify to AGENT
09-20 03:52:33.911 15695 15721 I OTA-COMPOSER: 1OTAStateMachine.updateEcuStateList(Line:225)current Ecu State [EcuState: { ecu: Ecu: { nodeAddress: 0x01, ecuId: MQAAAAAAAAAAAAAAAAAAAA==, softwareId: , updateFilePath: [/storage/1CB9-1D2B/full_update.zip], rollbackFilePath: [], retryTimes: 0, reserved:  }, ecuUpdateState: INSTALLING, statusCode: 0, curStateProgress: 0 }]
09-20 03:52:33.911 15695 15721 I OTA-COMPOSER: 1OTAStateMachine.notifyProgress(Line:199)notify Agent the last data
09-20 03:52:33.912 15695 15721 D OTA-COMPOSER: 256ComposerModel.getInstance(Line:48)->getInstance()
09-20 03:52:34.011 15695 15712 D OTA-COMPOSER: 28673UpdateEngineProxy$1.onStatusUpdate(Line:91)onStatusUpdate:      status = 4   percent = 0.8333333
09-20 03:52:34.012 15695 15712 D OTA-COMPOSER: 28673UpdateEngineProxy.statusUpdate(Line:250)status: 4 (int) percent 99
09-20 03:52:34.012 15695 15712 D OTA-COMPOSER: 28673UpdateEngineProxy.statusUpdate(Line:251)status: 4 Math.round(percent) 99
09-20 03:52:34.014 15695 15721 I OTA-COMPOSER: 17DefaultState.processMessage(Line:136)65
09-20 03:52:34.014 15695 15721 D OTA-COMPOSER: 97InstallState.processMessage(Line:91)current MSG 65
09-20 03:52:34.015 15695 15721 I OTA-COMPOSER: 100InstallState.processMessage(Line:103)installing
09-20 03:52:34.015 15695 15721 I OTA-COMPOSER: 100InstallState.processMessage(Line:107)get soc install msg
09-20 03:52:34.016 15695 15721 I OTA-COMPOSER: 100InstallState.updateInstallationProgress(Line:151)Soc progress is 99
09-20 03:52:34.017 15695 15721 I OTA-COMPOSER: 100InstallState.updateInstallationProgress(Line:152)is soc install now 0x01
09-20 03:52:34.017 15695 15721 I OTA-COMPOSER: 100InstallState.updateInstallationProgress(Line:190)get percent update, notify to AGENT
09-20 03:52:34.018 15695 15721 I OTA-COMPOSER: 1OTAStateMachine.updateEcuStateList(Line:225)current Ecu State [EcuState: { ecu: Ecu: { nodeAddress: 0x01, ecuId: MQAAAAAAAAAAAAAAAAAAAA==, softwareId: , updateFilePath: [/storage/1CB9-1D2B/full_update.zip], rollbackFilePath: [], retryTimes: 0, reserved:  }, ecuUpdateState: INSTALLING, statusCode: 0, curStateProgress: 0 }]
09-20 03:52:34.019 15695 15721 I OTA-COMPOSER: 1OTAStateMachine.notifyProgress(Line:199)notify Agent the last data
09-20 03:52:34.019 15695 15721 D OTA-COMPOSER: 256ComposerModel.getInstance(Line:48)->getInstance()
09-20 03:52:34.129 15695 15712 D OTA-COMPOSER: 28673UpdateEngineProxy$1.onStatusUpdate(Line:91)onStatusUpdate:      status = 4   percent = 0.8590224
09-20 03:52:34.129 15695 15712 D OTA-COMPOSER: 28673UpdateEngineProxy.statusUpdate(Line:250)status: 4 (int) percent 99
09-20 03:52:34.130 15695 15712 D OTA-COMPOSER: 28673UpdateEngineProxy.statusUpdate(Line:251)status: 4 Math.round(percent) 99
09-20 03:52:34.131 15695 15721 I OTA-COMPOSER: 17DefaultState.processMessage(Line:136)65
09-20 03:52:34.132 15695 15721 D OTA-COMPOSER: 97InstallState.processMessage(Line:91)current MSG 65
09-20 03:52:34.132 15695 15721 I OTA-COMPOSER: 100InstallState.processMessage(Line:103)installing
09-20 03:52:34.133 15695 15721 I OTA-COMPOSER: 100InstallState.processMessage(Line:107)get soc install msg
09-20 03:52:34.133 15695 15721 I OTA-COMPOSER: 100InstallState.updateInstallationProgress(Line:151)Soc progress is 99
09-20 03:52:34.134 15695 15721 I OTA-COMPOSER: 100InstallState.updateInstallationProgress(Line:152)is soc install now 0x01
09-20 03:52:34.134 15695 15721 I OTA-COMPOSER: 100InstallState.updateInstallationProgress(Line:190)get percent update, notify to AGENT
09-20 03:52:34.135 15695 15721 I OTA-COMPOSER: 1OTAStateMachine.updateEcuStateList(Line:225)current Ecu State [EcuState: { ecu: Ecu: { nodeAddress: 0x01, ecuId: MQAAAAAAAAAAAAAAAAAAAA==, softwareId: , updateFilePath: [/storage/1CB9-1D2B/full_update.zip], rollbackFilePath: [], retryTimes: 0, reserved:  }, ecuUpdateState: INSTALLING, statusCode: 0, curStateProgress: 0 }]
09-20 03:52:34.136 15695 15721 I OTA-COMPOSER: 1OTAStateMachine.notifyProgress(Line:199)notify Agent the last data
09-20 03:52:34.137 15695 15721 D OTA-COMPOSER: 256ComposerModel.getInstance(Line:48)->getInstance()
09-20 03:52:34.147 15695 15712 D OTA-COMPOSER: 28673UpdateEngineProxy$1.onStatusUpdate(Line:91)onStatusUpdate:      status = 4   percent = 0.8693583
09-20 03:52:34.147 15695 15712 D OTA-COMPOSER: 28673UpdateEngineProxy.statusUpdate(Line:250)status: 4 (int) percent 99
09-20 03:52:34.147 15695 15712 D OTA-COMPOSER: 28673UpdateEngineProxy.statusUpdate(Line:251)status: 4 Math.round(percent) 99
09-20 03:52:34.148 15695 15721 I OTA-COMPOSER: 17DefaultState.processMessage(Line:136)65
09-20 03:52:34.149 15695 15721 D OTA-COMPOSER: 97InstallState.processMessage(Line:91)current MSG 65
09-20 03:52:34.149 15695 15721 I OTA-COMPOSER: 100InstallState.processMessage(Line:103)installing
09-20 03:52:34.149 15695 15721 I OTA-COMPOSER: 100InstallState.processMessage(Line:107)get soc install msg
09-20 03:52:34.150 15695 15721 I OTA-COMPOSER: 100InstallState.updateInstallationProgress(Line:151)Soc progress is 99
09-20 03:52:34.150 15695 15721 I OTA-COMPOSER: 100InstallState.updateInstallationProgress(Line:152)is soc install now 0x01
09-20 03:52:34.150 15695 15721 I OTA-COMPOSER: 100InstallState.updateInstallationProgress(Line:190)get percent update, notify to AGENT
09-20 03:52:34.151 15695 15721 I OTA-COMPOSER: 1OTAStateMachine.updateEcuStateList(Line:225)current Ecu State [EcuState: { ecu: Ecu: { nodeAddress: 0x01, ecuId: MQAAAAAAAAAAAAAAAAAAAA==, softwareId: , updateFilePath: [/storage/1CB9-1D2B/full_update.zip], rollbackFilePath: [], retryTimes: 0, reserved:  }, ecuUpdateState: INSTALLING, statusCode: 0, curStateProgress: 0 }]
09-20 03:52:34.151 15695 15721 I OTA-COMPOSER: 1OTAStateMachine.notifyProgress(Line:199)notify Agent the last data
09-20 03:52:34.152 15695 15721 D OTA-COMPOSER: 256ComposerModel.getInstance(Line:48)->getInstance()
09-20 03:52:34.254 15695 15712 D OTA-COMPOSER: 28673UpdateEngineProxy$1.onStatusUpdate(Line:91)onStatusUpdate:      status = 4   percent = 0.9166667
09-20 03:52:34.255 15695 15712 D OTA-COMPOSER: 28673UpdateEngineProxy.statusUpdate(Line:250)status: 4 (int) percent 99
09-20 03:52:34.255 15695 15712 D OTA-COMPOSER: 28673UpdateEngineProxy.statusUpdate(Line:251)status: 4 Math.round(percent) 99
09-20 03:52:34.256 15695 15721 I OTA-COMPOSER: 17DefaultState.processMessage(Line:136)65
09-20 03:52:34.256 15695 15721 D OTA-COMPOSER: 97InstallState.processMessage(Line:91)current MSG 65
09-20 03:52:34.257 15695 15721 I OTA-COMPOSER: 100InstallState.processMessage(Line:103)installing
09-20 03:52:34.257 15695 15721 I OTA-COMPOSER: 100InstallState.processMessage(Line:107)get soc install msg
09-20 03:52:34.258 15695 15721 I OTA-COMPOSER: 100InstallState.updateInstallationProgress(Line:151)Soc progress is 99
09-20 03:52:34.258 15695 15721 I OTA-COMPOSER: 100InstallState.updateInstallationProgress(Line:152)is soc install now 0x01
09-20 03:52:34.259 15695 15721 I OTA-COMPOSER: 100InstallState.updateInstallationProgress(Line:190)get percent update, notify to AGENT
09-20 03:52:34.260 15695 15721 I OTA-COMPOSER: 1OTAStateMachine.updateEcuStateList(Line:225)current Ecu State [EcuState: { ecu: Ecu: { nodeAddress: 0x01, ecuId: MQAAAAAAAAAAAAAAAAAAAA==, softwareId: , updateFilePath: [/storage/1CB9-1D2B/full_update.zip], rollbackFilePath: [], retryTimes: 0, reserved:  }, ecuUpdateState: INSTALLING, statusCode: 0, curStateProgress: 0 }]
09-20 03:52:34.260 15695 15721 I OTA-COMPOSER: 1OTAStateMachine.notifyProgress(Line:199)notify Agent the last data
09-20 03:52:34.260 15695 15721 D OTA-COMPOSER: 256ComposerModel.getInstance(Line:48)->getInstance()
09-20 03:52:34.362 15695 15712 D OTA-COMPOSER: 28673UpdateEngineProxy$1.onStatusUpdate(Line:91)onStatusUpdate:      status = 4   percent = 0.9424498
09-20 03:52:34.363 15695 15712 D OTA-COMPOSER: 28673UpdateEngineProxy.statusUpdate(Line:250)status: 4 (int) percent 99
09-20 03:52:34.363 15695 15712 D OTA-COMPOSER: 28673UpdateEngineProxy.statusUpdate(Line:251)status: 4 Math.round(percent) 99
09-20 03:52:34.364 15695 15721 I OTA-COMPOSER: 17DefaultState.processMessage(Line:136)65
09-20 03:52:34.365 15695 15721 D OTA-COMPOSER: 97InstallState.processMessage(Line:91)current MSG 65
09-20 03:52:34.366 15695 15721 I OTA-COMPOSER: 100InstallState.processMessage(Line:103)installing
09-20 03:52:34.366 15695 15721 I OTA-COMPOSER: 100InstallState.processMessage(Line:107)get soc install msg
09-20 03:52:34.367 15695 15721 I OTA-COMPOSER: 100InstallState.updateInstallationProgress(Line:151)Soc progress is 99
09-20 03:52:34.367 15695 15721 I OTA-COMPOSER: 100InstallState.updateInstallationProgress(Line:152)is soc install now 0x01
09-20 03:52:34.368 15695 15721 I OTA-COMPOSER: 100InstallState.updateInstallationProgress(Line:190)get percent update, notify to AGENT
09-20 03:52:34.369 15695 15721 I OTA-COMPOSER: 1OTAStateMachine.updateEcuStateList(Line:225)current Ecu State [EcuState: { ecu: Ecu: { nodeAddress: 0x01, ecuId: MQAAAAAAAAAAAAAAAAAAAA==, softwareId: , updateFilePath: [/storage/1CB9-1D2B/full_update.zip], rollbackFilePath: [], retryTimes: 0, reserved:  }, ecuUpdateState: INSTALLING, statusCode: 0, curStateProgress: 0 }]
09-20 03:52:34.370 15695 15721 I OTA-COMPOSER: 1OTAStateMachine.notifyProgress(Line:199)notify Agent the last data
09-20 03:52:34.370 15695 15721 D OTA-COMPOSER: 256ComposerModel.getInstance(Line:48)->getInstance()
09-20 03:52:34.377 15695 15712 D OTA-COMPOSER: 28673UpdateEngineProxy$1.onStatusUpdate(Line:91)onStatusUpdate:      status = 4   percent = 0.95263094
09-20 03:52:34.377 15695 15712 D OTA-COMPOSER: 28673UpdateEngineProxy.statusUpdate(Line:250)status: 4 (int) percent 99
09-20 03:52:34.378 15695 15712 D OTA-COMPOSER: 28673UpdateEngineProxy.statusUpdate(Line:251)status: 4 Math.round(percent) 99
09-20 03:52:34.379 15695 15721 I OTA-COMPOSER: 17DefaultState.processMessage(Line:136)65
09-20 03:52:34.379 15695 15721 D OTA-COMPOSER: 97InstallState.processMessage(Line:91)current MSG 65
09-20 03:52:34.380 15695 15721 I OTA-COMPOSER: 100InstallState.processMessage(Line:103)installing
09-20 03:52:34.380 15695 15721 I OTA-COMPOSER: 100InstallState.processMessage(Line:107)get soc install msg
09-20 03:52:34.381 15695 15721 I OTA-COMPOSER: 100InstallState.updateInstallationProgress(Line:151)Soc progress is 99
09-20 03:52:34.381 15695 15721 I OTA-COMPOSER: 100InstallState.updateInstallationProgress(Line:152)is soc install now 0x01
09-20 03:52:34.382 15695 15721 I OTA-COMPOSER: 100InstallState.updateInstallationProgress(Line:190)get percent update, notify to AGENT
09-20 03:52:34.382 15695 15721 I OTA-COMPOSER: 1OTAStateMachine.updateEcuStateList(Line:225)current Ecu State [EcuState: { ecu: Ecu: { nodeAddress: 0x01, ecuId: MQAAAAAAAAAAAAAAAAAAAA==, softwareId: , updateFilePath: [/storage/1CB9-1D2B/full_update.zip], rollbackFilePath: [], retryTimes: 0, reserved:  }, ecuUpdateState: INSTALLING, statusCode: 0, curStateProgress: 0 }]
09-20 03:52:34.383 15695 15721 I OTA-COMPOSER: 1OTAStateMachine.notifyProgress(Line:199)notify Agent the last data
09-20 03:52:34.383 15695 15721 D OTA-COMPOSER: 256ComposerModel.getInstance(Line:48)->getInstance()
09-20 03:52:34.489 15695 15712 D OTA-COMPOSER: 28673UpdateEngineProxy$1.onStatusUpdate(Line:91)onStatusUpdate:      status = 4   percent = 1.0
09-20 03:52:34.489 15695 15712 D OTA-COMPOSER: 28673UpdateEngineProxy.statusUpdate(Line:250)status: 4 (int) percent 100
09-20 03:52:34.490 15695 15712 D OTA-COMPOSER: 28673UpdateEngineProxy.statusUpdate(Line:251)status: 4 Math.round(percent) 100
09-20 03:52:34.491 15695 15721 I OTA-COMPOSER: 17DefaultState.processMessage(Line:136)65
09-20 03:52:34.491 15695 15721 D OTA-COMPOSER: 97InstallState.processMessage(Line:91)current MSG 65
09-20 03:52:34.492 15695 15721 I OTA-COMPOSER: 100InstallState.processMessage(Line:103)installing
09-20 03:52:34.493 15695 15721 I OTA-COMPOSER: 100InstallState.processMessage(Line:107)get soc install msg
09-20 03:52:34.493 15695 15721 I OTA-COMPOSER: 100InstallState.updateInstallationProgress(Line:151)Soc progress is 100
09-20 03:52:34.493 15695 15721 I OTA-COMPOSER: 100InstallState.updateInstallationProgress(Line:152)is soc install now 0x01
09-20 03:52:34.494 15695 15721 I OTA-COMPOSER: 100InstallState.updateInstallationProgress(Line:190)get percent update, notify to AGENT
09-20 03:52:34.495 15695 15721 I OTA-COMPOSER: 1OTAStateMachine.updateEcuStateList(Line:225)current Ecu State [EcuState: { ecu: Ecu: { nodeAddress: 0x01, ecuId: MQAAAAAAAAAAAAAAAAAAAA==, softwareId: , updateFilePath: [/storage/1CB9-1D2B/full_update.zip], rollbackFilePath: [], retryTimes: 0, reserved:  }, ecuUpdateState: INSTALLING, statusCode: 0, curStateProgress: 0 }]
09-20 03:52:34.495 15695 15721 I OTA-COMPOSER: 1OTAStateMachine.notifyProgress(Line:199)notify Agent the last data
09-20 03:52:34.495 15695 15721 D OTA-COMPOSER: 256ComposerModel.getInstance(Line:48)->getInstance()
09-20 03:52:34.525 15695 15712 D OTA-COMPOSER: 28673UpdateEngineProxy$1.onStatusUpdate(Line:91)onStatusUpdate:      status = 4   percent = 1.0
09-20 03:52:34.526 15695 15712 D OTA-COMPOSER: 28673UpdateEngineProxy.statusUpdate(Line:250)status: 4 (int) percent 100
09-20 03:52:34.526 15695 15712 D OTA-COMPOSER: 28673UpdateEngineProxy.statusUpdate(Line:251)status: 4 Math.round(percent) 100
09-20 03:52:34.527 15695 15721 I OTA-COMPOSER: 17DefaultState.processMessage(Line:136)65
09-20 03:52:34.528 15695 15710 D OTA-COMPOSER: 28673UpdateEngineProxy$1.onStatusUpdate(Line:91)onStatusUpdate:      status = 5   percent = 0.0
09-20 03:52:34.528 15695 15721 D OTA-COMPOSER: 97InstallState.processMessage(Line:91)current MSG 65
09-20 03:52:34.528 15695 15710 D OTA-COMPOSER: 28673UpdateEngineProxy.statusUpdate(Line:250)status: 5 (int) percent 100
09-20 03:52:34.528 15695 15710 D OTA-COMPOSER: 28673UpdateEngineProxy.statusUpdate(Line:251)status: 5 Math.round(percent) 100
09-20 03:52:34.529 15695 15721 I OTA-COMPOSER: 100InstallState.processMessage(Line:103)installing
09-20 03:52:34.529 15695 15721 I OTA-COMPOSER: 100InstallState.processMessage(Line:107)get soc install msg
09-20 03:52:34.530 15695 15721 I OTA-COMPOSER: 100InstallState.updateInstallationProgress(Line:151)Soc progress is 100
09-20 03:52:34.530 15695 15721 I OTA-COMPOSER: 100InstallState.updateInstallationProgress(Line:152)is soc install now 0x01
09-20 03:52:34.531 15695 15721 I OTA-COMPOSER: 100InstallState.updateInstallationProgress(Line:190)get percent update, notify to AGENT
09-20 03:52:34.531 15695 15721 I OTA-COMPOSER: 1OTAStateMachine.updateEcuStateList(Line:225)current Ecu State [EcuState: { ecu: Ecu: { nodeAddress: 0x01, ecuId: MQAAAAAAAAAAAAAAAAAAAA==, softwareId: , updateFilePath: [/storage/1CB9-1D2B/full_update.zip], rollbackFilePath: [], retryTimes: 0, reserved:  }, ecuUpdateState: INSTALLING, statusCode: 0, curStateProgress: 0 }]
09-20 03:52:34.532 15695 15721 I OTA-COMPOSER: 1OTAStateMachine.notifyProgress(Line:199)notify Agent the last data
09-20 03:52:34.533 15695 15721 D OTA-COMPOSER: 256ComposerModel.getInstance(Line:48)->getInstance()
09-20 03:52:34.539 15695 15721 I OTA-COMPOSER: 17DefaultState.processMessage(Line:136)65
09-20 03:52:34.540 15695 15721 D OTA-COMPOSER: 97InstallState.processMessage(Line:91)current MSG 65
09-20 03:52:34.540 15695 15721 I OTA-COMPOSER: 100InstallState.processMessage(Line:103)installing
09-20 03:52:34.541 15695 15721 I OTA-COMPOSER: 100InstallState.processMessage(Line:107)get soc install msg
09-20 03:52:34.541 15695 15721 I OTA-COMPOSER: 100InstallState.updateInstallationProgress(Line:151)Soc progress is 100
09-20 03:52:34.542 15695 15721 I OTA-COMPOSER: 100InstallState.updateInstallationProgress(Line:152)is soc install now 0x01
09-20 03:52:34.542 15695 15721 I OTA-COMPOSER: 100InstallState.updateInstallationProgress(Line:190)get percent update, notify to AGENT
09-20 03:52:34.543 15695 15721 I OTA-COMPOSER: 1OTAStateMachine.updateEcuStateList(Line:225)current Ecu State [EcuState: { ecu: Ecu: { nodeAddress: 0x01, ecuId: MQAAAAAAAAAAAAAAAAAAAA==, softwareId: , updateFilePath: [/storage/1CB9-1D2B/full_update.zip], rollbackFilePath: [], retryTimes: 0, reserved:  }, ecuUpdateState: INSTALLING, statusCode: 0, curStateProgress: 0 }]
09-20 03:52:34.543 15695 15721 I OTA-COMPOSER: 1OTAStateMachine.notifyProgress(Line:199)notify Agent the last data
09-20 03:52:34.544 15695 15721 D OTA-COMPOSER: 256ComposerModel.getInstance(Line:48)->getInstance()
09-20 03:52:34.599 15695 15712 D OTA-COMPOSER: 28673UpdateEngineProxy$1.onStatusUpdate(Line:91)onStatusUpdate:      status = 5   percent = 1.0
09-20 03:52:34.599 15695 15712 D OTA-COMPOSER: 28673UpdateEngineProxy.statusUpdate(Line:250)status: 5 (int) percent 100
09-20 03:52:34.600 15695 15712 D OTA-COMPOSER: 28673UpdateEngineProxy.statusUpdate(Line:251)status: 5 Math.round(percent) 100
09-20 03:52:34.601 15695 15721 I OTA-COMPOSER: 17DefaultState.processMessage(Line:136)65
09-20 03:52:34.601 15695 15721 D OTA-COMPOSER: 97InstallState.processMessage(Line:91)current MSG 65
09-20 03:52:34.602 15695 15721 I OTA-COMPOSER: 100InstallState.processMessage(Line:103)installing
09-20 03:52:34.602 15695 15721 I OTA-COMPOSER: 100InstallState.processMessage(Line:107)get soc install msg
09-20 03:52:34.603 15695 15721 I OTA-COMPOSER: 100InstallState.updateInstallationProgress(Line:151)Soc progress is 100
09-20 03:52:34.603 15695 15721 I OTA-COMPOSER: 100InstallState.updateInstallationProgress(Line:152)is soc install now 0x01
09-20 03:52:34.604 15695 15721 I OTA-COMPOSER: 100InstallState.updateInstallationProgress(Line:190)get percent update, notify to AGENT
09-20 03:52:34.605 15695 15721 I OTA-COMPOSER: 1OTAStateMachine.updateEcuStateList(Line:225)current Ecu State [EcuState: { ecu: Ecu: { nodeAddress: 0x01, ecuId: MQAAAAAAAAAAAAAAAAAAAA==, softwareId: , updateFilePath: [/storage/1CB9-1D2B/full_update.zip], rollbackFilePath: [], retryTimes: 0, reserved:  }, ecuUpdateState: INSTALLING, statusCode: 0, curStateProgress: 0 }]
09-20 03:52:34.605 15695 15721 I OTA-COMPOSER: 1OTAStateMachine.notifyProgress(Line:199)notify Agent the last data
09-20 03:52:34.606 15695 15721 D OTA-COMPOSER: 256ComposerModel.getInstance(Line:48)->getInstance()
09-20 03:52:35.737 15695 15712 D OTA-COMPOSER: 28673UpdateEngineProxy$1.onStatusUpdate(Line:91)onStatusUpdate:      status = 6   percent = 0.0
09-20 03:52:35.737 15695 15712 D OTA-COMPOSER: 28673UpdateEngineProxy.statusUpdate(Line:250)status: 6 (int) percent 100
09-20 03:52:35.738 15695 15712 D OTA-COMPOSER: 28673UpdateEngineProxy.statusUpdate(Line:251)status: 6 Math.round(percent) 100
09-20 03:52:35.739 15695 15710 D OTA-COMPOSER: 28673UpdateEngineProxy$1.onPayloadApplicationComplete(Line:99)onPayloadApplicationComplete  errorCode = 0
09-20 03:52:35.739 15695 15721 I OTA-COMPOSER: 17DefaultState.processMessage(Line:136)65
09-20 03:52:35.740 15695 15721 D OTA-COMPOSER: 97InstallState.processMessage(Line:91)current MSG 65
09-20 03:52:35.741 15695 15721 I OTA-COMPOSER: 100InstallState.processMessage(Line:103)installing
09-20 03:52:35.741 15695 15721 I OTA-COMPOSER: 100InstallState.processMessage(Line:107)get soc install msg
09-20 03:52:35.742 15695 15721 I OTA-COMPOSER: 100InstallState.updateInstallationProgress(Line:151)Soc progress is 100
09-20 03:52:35.742 15695 15721 I OTA-COMPOSER: 100InstallState.updateInstallationProgress(Line:152)is soc install now 0x01
09-20 03:52:35.743 15695 15710 D OTA-COMPOSER: 28673UpdateEngineProxy.transcode(Line:236)install and activity success!
09-20 03:52:35.743 15695 15721 I OTA-COMPOSER: 100InstallState.updateInstallationProgress(Line:190)get percent update, notify to AGENT
09-20 03:52:35.743 15695 15710 D OTA-COMPOSER: 28673UpdateEngineProxy.payloadComplete(Line:266)errorCode: 0
09-20 03:52:35.744 15695 15710 D OTA-COMPOSER: 28673UpdateEngineProxy.payloadComplete(Line:275)statusCode: 6
09-20 03:52:35.744 15695 15721 I OTA-COMPOSER: 1OTAStateMachine.updateEcuStateList(Line:225)current Ecu State [EcuState: { ecu: Ecu: { nodeAddress: 0x01, ecuId: MQAAAAAAAAAAAAAAAAAAAA==, softwareId: , updateFilePath: [/storage/1CB9-1D2B/full_update.zip], rollbackFilePath: [], retryTimes: 0, reserved:  }, ecuUpdateState: INSTALLING, statusCode: 0, curStateProgress: 0 }]
09-20 03:52:35.744 15695 15721 I OTA-COMPOSER: 1OTAStateMachine.notifyProgress(Line:199)notify Agent the last data
09-20 03:52:35.746 15695 15721 D OTA-COMPOSER: 256ComposerModel.getInstance(Line:48)->getInstance()
09-20 03:52:35.751 15695 15721 I OTA-COMPOSER: 17DefaultState.processMessage(Line:136)65
09-20 03:52:35.751 15695 15721 D OTA-COMPOSER: 97InstallState.processMessage(Line:91)current MSG 65
09-20 03:52:35.752 15695 15721 I OTA-COMPOSER: 100InstallState.processMessage(Line:103)installing
09-20 03:52:35.752 15695 15721 I OTA-COMPOSER: 100InstallState.processMessage(Line:107)get soc install msg
09-20 03:52:35.756 15695 15721 I OTA-COMPOSER: 100InstallState.updateInstallationProgress(Line:151)Soc progress is 0
09-20 03:52:35.756 15695 15721 I OTA-COMPOSER: 100InstallState.updateInstallationProgress(Line:152)is soc install now 0x01
09-20 03:52:35.757 15695 15721 I OTA-COMPOSER: 100InstallState.updateInstallationProgress(Line:190)get percent update, notify to AGENT
09-20 03:52:35.757 15695 15721 I OTA-COMPOSER: 1OTAStateMachine.updateEcuStateList(Line:225)current Ecu State [EcuState: { ecu: Ecu: { nodeAddress: 0x01, ecuId: MQAAAAAAAAAAAAAAAAAAAA==, softwareId: , updateFilePath: [/storage/1CB9-1D2B/full_update.zip], rollbackFilePath: [], retryTimes: 0, reserved:  }, ecuUpdateState: INSTALLING, statusCode: 0, curStateProgress: 0 }]
09-20 03:52:35.758 15695 15721 I OTA-COMPOSER: 1OTAStateMachine.notifyProgress(Line:199)notify Agent the last data
09-20 03:52:35.758 15695 15721 D OTA-COMPOSER: 256ComposerModel.getInstance(Line:48)->getInstance()

console:/ #
console:/ #
console:/ #
console:/ #
console:/ #
console:/ #
console:/ #
console:/ #
console:/ #
