09-20 03:48:11.042 15695 15721 D OTA-COMPOSER: 97InstallState.processMessage(Line:91)current MSG 65
09-20 03:48:11.043 15695 15721 I OTA-COMPOSER: 100InstallState.processMessage(Line:103)installing
09-20 03:48:11.043 15695 15721 I OTA-COMPOSER: 100InstallState.processMessage(Line:107)get soc install msg
09-20 03:48:11.044 15695 15721 I OTA-COMPOSER: 100InstallState.updateInstallationProgress(Line:151)Soc progress is 76
09-20 03:48:11.044 15695 15721 I OTA-COMPOSER: 100InstallState.updateInstallationProgress(Line:152)is soc install now 0x01
09-20 03:48:11.045 15695 15721 I OTA-COMPOSER: 100InstallState.updateInstallationProgress(Line:190)get percent update, notify to AGENT
09-20 03:48:11.046 15695 15721 I OTA-COMPOSER: 1OTAStateMachine.updateEcuStateList(Line:225)current Ecu State [EcuState: { ecu: Ecu: { nodeAddress: 0x01, ecuId: MQAAAAAAAAAAAAAAAAAAAA==, softwareId: , updateFilePath: [/storage/1CB9-1D2B/full_update.zip], rollbackFilePath: [], retryTimes: 0, reserved:  }, ecuUpdateState: INSTALLING, statusCode: 0, curStateProgress: 0 }]
09-20 03:48:11.046 15695 15721 I OTA-COMPOSER: 1OTAStateMachine.notifyProgress(Line:199)notify Agent the last data
09-20 03:48:11.047 15695 15721 D OTA-COMPOSER: 256ComposerModel.getInstance(Line:48)->getInstance()
09-20 03:48:11.049 15674 15690 I UPDATE_AGENT: OTAComposerProxy.notifyInstallState(Line:195)current ecu state INSTALLING && progress: 0
09-20 03:48:11.050 15674 15690 D UPDATE_AGENT: AgentModel.getInstance(Line:73)getInstance
09-20 03:48:11.051 15674 15711 D UPDATE_AGENT: DefaultState.processMessage(Line:128)DefaultState: 71
09-20 03:48:11.317  1595  1595 I update_engine: [INFO:delta_performer.cc(119)] Completed 1255/1910 operations (65%), 1291141120/1698859798 bytes downloaded (76%), overall progress 70%
09-20 03:48:13.872 15695 15712 D OTA-COMPOSER: 28673UpdateEngineProxy$1.onStatusUpdate(Line:91)onStatusUpdate:      status = 3   percent = 0.7692931
09-20 03:48:13.873 15695 15712 D OTA-COMPOSER: 28673UpdateEngineProxy.statusUpdate(Line:250)status: 3 (int) percent 76
09-20 03:48:13.873 15695 15712 D OTA-COMPOSER: 28673UpdateEngineProxy.statusUpdate(Line:251)status: 3 Math.round(percent) 77
09-20 03:48:13.875 15695 15721 I OTA-COMPOSER: 17DefaultState.processMessage(Line:136)65
09-20 03:48:13.876 15695 15721 D OTA-COMPOSER: 97InstallState.processMessage(Line:91)current MSG 65
09-20 03:48:13.876 15695 15721 I OTA-COMPOSER: 100InstallState.processMessage(Line:103)installing
09-20 03:48:13.877 15695 15721 I OTA-COMPOSER: 100InstallState.processMessage(Line:107)get soc install msg
09-20 03:48:13.877 15695 15721 I OTA-COMPOSER: 100InstallState.updateInstallationProgress(Line:151)Soc progress is 77
09-20 03:48:13.878 15695 15721 I OTA-COMPOSER: 100InstallState.updateInstallationProgress(Line:152)is soc install now 0x01
09-20 03:48:13.878 15695 15721 I OTA-COMPOSER: 100InstallState.updateInstallationProgress(Line:190)get percent update, notify to AGENT
09-20 03:48:13.882 15674 15690 I UPDATE_AGENT: OTAComposerProxy.notifyInstallState(Line:195)current ecu state INSTALLING && progress: 0
09-20 03:48:13.879 15695 15721 I OTA-COMPOSER: 1OTAStateMachine.updateEcuStateList(Line:225)current Ecu State [EcuState: { ecu: Ecu: { nodeAddress: 0x01, ecuId: MQAAAAAAAAAAAAAAAAAAAA==, softwareId: , updateFilePath: [/storage/1CB9-1D2B/full_update.zip], rollbackFilePath: [], retryTimes: 0, reserved:  }, ecuUpdateState: INSTALLING, statusCode: 0, curStateProgress: 0 }]
09-20 03:48:13.879 15695 15721 I OTA-COMPOSER: 1OTAStateMachine.notifyProgress(Line:199)notify Agent the last data
09-20 03:48:13.880 15695 15721 D OTA-COMPOSER: 256ComposerModel.getInstance(Line:48)->getInstance()
09-20 03:48:13.883 15674 15690 D UPDATE_AGENT: AgentModel.getInstance(Line:73)getInstance
09-20 03:48:13.885 15674 15711 D UPDATE_AGENT: DefaultState.processMessage(Line:128)DefaultState: 71
09-20 03:48:18.408 15695 15712 D OTA-COMPOSER: 28673UpdateEngineProxy$1.onStatusUpdate(Line:91)onStatusUpdate:      status = 3   percent = 0.7792941
09-20 03:48:18.409 15695 15712 D OTA-COMPOSER: 28673UpdateEngineProxy.statusUpdate(Line:250)status: 3 (int) percent 77
09-20 03:48:18.409 15695 15712 D OTA-COMPOSER: 28673UpdateEngineProxy.statusUpdate(Line:251)status: 3 Math.round(percent) 78
09-20 03:48:18.410 15695 15721 I OTA-COMPOSER: 17DefaultState.processMessage(Line:136)65
09-20 03:48:18.411 15695 15721 D OTA-COMPOSER: 97InstallState.processMessage(Line:91)current MSG 65
09-20 03:48:18.411 15695 15721 I OTA-COMPOSER: 100InstallState.processMessage(Line:103)installing
09-20 03:48:18.412 15695 15721 I OTA-COMPOSER: 100InstallState.processMessage(Line:107)get soc install msg
09-20 03:48:18.412 15695 15721 I OTA-COMPOSER: 100InstallState.updateInstallationProgress(Line:151)Soc progress is 78
09-20 03:48:18.413 15695 15721 I OTA-COMPOSER: 100InstallState.updateInstallationProgress(Line:152)is soc install now 0x01
09-20 03:48:18.413 15695 15721 I OTA-COMPOSER: 100InstallState.updateInstallationProgress(Line:190)get percent update, notify to AGENT
09-20 03:48:18.414 15695 15721 I OTA-COMPOSER: 1OTAStateMachine.updateEcuStateList(Line:225)current Ecu State [EcuState: { ecu: Ecu: { nodeAddress: 0x01, ecuId: MQAAAAAAAAAAAAAAAAAAAA==, softwareId: , updateFilePath: [/storage/1CB9-1D2B/full_update.zip], rollbackFilePath: [], retryTimes: 0, reserved:  }, ecuUpdateState: INSTALLING, statusCode: 0, curStateProgress: 0 }]
09-20 03:48:18.414 15695 15721 I OTA-COMPOSER: 1OTAStateMachine.notifyProgress(Line:199)notify Agent the last data
09-20 03:48:18.415 15695 15721 D OTA-COMPOSER: 256ComposerModel.getInstance(Line:48)->getInstance()
09-20 03:48:18.417 15674 15690 I UPDATE_AGENT: OTAComposerProxy.notifyInstallState(Line:195)current ecu state INSTALLING && progress: 0
09-20 03:48:18.418 15674 15690 D UPDATE_AGENT: AgentModel.getInstance(Line:73)getInstance
09-20 03:48:18.420 15674 15711 D UPDATE_AGENT: DefaultState.processMessage(Line:128)DefaultState: 71
09-20 03:48:28.084 15695 15712 D OTA-COMPOSER: 28673UpdateEngineProxy$1.onStatusUpdate(Line:91)onStatusUpdate:      status = 3   percent = 0.789295
09-20 03:48:28.085 15695 15712 D OTA-COMPOSER: 28673UpdateEngineProxy.statusUpdate(Line:250)status: 3 (int) percent 78
09-20 03:48:28.087 15695 15712 D OTA-COMPOSER: 28673UpdateEngineProxy.statusUpdate(Line:251)status: 3 Math.round(percent) 79
09-20 03:48:28.088 15695 15721 I OTA-COMPOSER: 17DefaultState.processMessage(Line:136)65
09-20 03:48:28.088 15695 15721 D OTA-COMPOSER: 97InstallState.processMessage(Line:91)current MSG 65
09-20 03:48:28.089 15695 15721 I OTA-COMPOSER: 100InstallState.processMessage(Line:103)installing
09-20 03:48:28.089 15695 15721 I OTA-COMPOSER: 100InstallState.processMessage(Line:107)get soc install msg
09-20 03:48:28.090 15695 15721 I OTA-COMPOSER: 100InstallState.updateInstallationProgress(Line:151)Soc progress is 79
09-20 03:48:28.090 15695 15721 I OTA-COMPOSER: 100InstallState.updateInstallationProgress(Line:152)is soc install now 0x01
09-20 03:48:28.091 15695 15721 I OTA-COMPOSER: 100InstallState.updateInstallationProgress(Line:190)get percent update, notify to AGENT
09-20 03:48:28.091 15695 15721 I OTA-COMPOSER: 1OTAStateMachine.updateEcuStateList(Line:225)current Ecu State [EcuState: { ecu: Ecu: { nodeAddress: 0x01, ecuId: MQAAAAAAAAAAAAAAAAAAAA==, softwareId: , updateFilePath: [/storage/1CB9-1D2B/full_update.zip], rollbackFilePath: [], retryTimes: 0, reserved:  }, ecuUpdateState: INSTALLING, statusCode: 0, curStateProgress: 0 }]
09-20 03:48:28.092 15695 15721 I OTA-COMPOSER: 1OTAStateMachine.notifyProgress(Line:199)notify Agent the last data
09-20 03:48:28.092 15695 15721 D OTA-COMPOSER: 256ComposerModel.getInstance(Line:48)->getInstance()
09-20 03:48:28.094 15674 15690 I UPDATE_AGENT: OTAComposerProxy.notifyInstallState(Line:195)current ecu state INSTALLING && progress: 0
09-20 03:48:28.095 15674 15690 D UPDATE_AGENT: AgentModel.getInstance(Line:73)getInstance
09-20 03:48:28.097 15674 15711 D UPDATE_AGENT: DefaultState.processMessage(Line:128)DefaultState: 71
09-20 03:48:34.115 15695 15712 D OTA-COMPOSER: 28673UpdateEngineProxy$1.onStatusUpdate(Line:91)onStatusUpdate:      status = 3   percent = 0.79929596
09-20 03:48:34.116 15695 15712 D OTA-COMPOSER: 28673UpdateEngineProxy.statusUpdate(Line:250)status: 3 (int) percent 79
09-20 03:48:34.117 15695 15712 D OTA-COMPOSER: 28673UpdateEngineProxy.statusUpdate(Line:251)status: 3 Math.round(percent) 80
09-20 03:48:34.121 15695 15721 I OTA-COMPOSER: 17DefaultState.processMessage(Line:136)65
09-20 03:48:34.127 15674 15690 I UPDATE_AGENT: OTAComposerProxy.notifyInstallState(Line:195)current ecu state INSTALLING && progress: 0
09-20 03:48:34.128 15674 15690 D UPDATE_AGENT: AgentModel.getInstance(Line:73)getInstance
09-20 03:48:34.121 15695 15721 D OTA-COMPOSER: 97InstallState.processMessage(Line:91)current MSG 65
09-20 03:48:34.122 15695 15721 I OTA-COMPOSER: 100InstallState.processMessage(Line:103)installing
09-20 03:48:34.122 15695 15721 I OTA-COMPOSER: 100InstallState.processMessage(Line:107)get soc install msg
09-20 03:48:34.122 15695 15721 I OTA-COMPOSER: 100InstallState.updateInstallationProgress(Line:151)Soc progress is 80
09-20 03:48:34.123 15695 15721 I OTA-COMPOSER: 100InstallState.updateInstallationProgress(Line:152)is soc install now 0x01
09-20 03:48:34.123 15695 15721 I OTA-COMPOSER: 100InstallState.updateInstallationProgress(Line:190)get percent update, notify to AGENT
09-20 03:48:34.124 15695 15721 I OTA-COMPOSER: 1OTAStateMachine.updateEcuStateList(Line:225)current Ecu State [EcuState: { ecu: Ecu: { nodeAddress: 0x01, ecuId: MQAAAAAAAAAAAAAAAAAAAA==, softwareId: , updateFilePath: [/storage/1CB9-1D2B/full_update.zip], rollbackFilePath: [], retryTimes: 0, reserved:  }, ecuUpdateState: INSTALLING, statusCode: 0, curStateProgress: 0 }]
09-20 03:48:34.124 15695 15721 I OTA-COMPOSER: 1OTAStateMachine.notifyProgress(Line:199)notify Agent the last data
09-20 03:48:34.125 15695 15721 D OTA-COMPOSER: 256ComposerModel.getInstance(Line:48)->getInstance()
09-20 03:48:34.131 15674 15711 D UPDATE_AGENT: DefaultState.processMessage(Line:128)DefaultState: 71
09-20 03:48:41.318  1595  1595 I update_engine: [INFO:delta_performer.cc(119)] Completed 1338/1910 operations (70%), 1372258304/1698859798 bytes downloaded (80%), overall progress 75%
09-20 03:48:42.478 15695 15712 D OTA-COMPOSER: 28673UpdateEngineProxy$1.onStatusUpdate(Line:91)onStatusUpdate:      status = 3   percent = 0.8092969
09-20 03:48:42.478 15695 15712 D OTA-COMPOSER: 28673UpdateEngineProxy.statusUpdate(Line:250)status: 3 (int) percent 80
09-20 03:48:42.479 15695 15712 D OTA-COMPOSER: 28673UpdateEngineProxy.statusUpdate(Line:251)status: 3 Math.round(percent) 81
09-20 03:48:42.480 15695 15721 I OTA-COMPOSER: 17DefaultState.processMessage(Line:136)65
09-20 03:48:42.481 15695 15721 D OTA-COMPOSER: 97InstallState.processMessage(Line:91)current MSG 65
09-20 03:48:42.487 15674 15690 I UPDATE_AGENT: OTAComposerProxy.notifyInstallState(Line:195)current ecu state INSTALLING && progress: 0
09-20 03:48:42.481 15695 15721 I OTA-COMPOSER: 100InstallState.processMessage(Line:103)installing
09-20 03:48:42.488 15674 15690 D UPDATE_AGENT: AgentModel.getInstance(Line:73)getInstance
09-20 03:48:42.482 15695 15721 I OTA-COMPOSER: 100InstallState.processMessage(Line:107)get soc install msg
09-20 03:48:42.482 15695 15721 I OTA-COMPOSER: 100InstallState.updateInstallationProgress(Line:151)Soc progress is 81
09-20 03:48:42.483 15695 15721 I OTA-COMPOSER: 100InstallState.updateInstallationProgress(Line:152)is soc install now 0x01
09-20 03:48:42.483 15695 15721 I OTA-COMPOSER: 100InstallState.updateInstallationProgress(Line:190)get percent update, notify to AGENT
09-20 03:48:42.484 15695 15721 I OTA-COMPOSER: 1OTAStateMachine.updateEcuStateList(Line:225)current Ecu State [EcuState: { ecu: Ecu: { nodeAddress: 0x01, ecuId: MQAAAAAAAAAAAAAAAAAAAA==, softwareId: , updateFilePath: [/storage/1CB9-1D2B/full_update.zip], rollbackFilePath: [], retryTimes: 0, reserved:  }, ecuUpdateState: INSTALLING, statusCode: 0, curStateProgress: 0 }]
09-20 03:48:42.484 15695 15721 I OTA-COMPOSER: 1OTAStateMachine.notifyProgress(Line:199)notify Agent the last data
09-20 03:48:42.485 15695 15721 D OTA-COMPOSER: 256ComposerModel.getInstance(Line:48)->getInstance()
09-20 03:48:42.491 15674 15711 D UPDATE_AGENT: DefaultState.processMessage(Line:128)DefaultState: 71
09-20 03:48:46.592 15695 15712 D OTA-COMPOSER: 28673UpdateEngineProxy$1.onStatusUpdate(Line:91)onStatusUpdate:      status = 3   percent = 0.81929785
09-20 03:48:46.592 15695 15712 D OTA-COMPOSER: 28673UpdateEngineProxy.statusUpdate(Line:250)status: 3 (int) percent 81
09-20 03:48:46.593 15695 15712 D OTA-COMPOSER: 28673UpdateEngineProxy.statusUpdate(Line:251)status: 3 Math.round(percent) 82
09-20 03:48:46.600 15674 15690 I UPDATE_AGENT: OTAComposerProxy.notifyInstallState(Line:195)current ecu state INSTALLING && progress: 0
09-20 03:48:46.594 15695 15721 I OTA-COMPOSER: 17DefaultState.processMessage(Line:136)65
09-20 03:48:46.601 15674 15690 D UPDATE_AGENT: AgentModel.getInstance(Line:73)getInstance
09-20 03:48:46.594 15695 15721 D OTA-COMPOSER: 97InstallState.processMessage(Line:91)current MSG 65
09-20 03:48:46.595 15695 15721 I OTA-COMPOSER: 100InstallState.processMessage(Line:103)installing
09-20 03:48:46.595 15695 15721 I OTA-COMPOSER: 100InstallState.processMessage(Line:107)get soc install msg
09-20 03:48:46.596 15695 15721 I OTA-COMPOSER: 100InstallState.updateInstallationProgress(Line:151)Soc progress is 82
09-20 03:48:46.596 15695 15721 I OTA-COMPOSER: 100InstallState.updateInstallationProgress(Line:152)is soc install now 0x01
09-20 03:48:46.597 15695 15721 I OTA-COMPOSER: 100InstallState.updateInstallationProgress(Line:190)get percent update, notify to AGENT
09-20 03:48:46.597 15695 15721 I OTA-COMPOSER: 1OTAStateMachine.updateEcuStateList(Line:225)current Ecu State [EcuState: { ecu: Ecu: { nodeAddress: 0x01, ecuId: MQAAAAAAAAAAAAAAAAAAAA==, softwareId: , updateFilePath: [/storage/1CB9-1D2B/full_update.zip], rollbackFilePath: [], retryTimes: 0, reserved:  }, ecuUpdateState: INSTALLING, statusCode: 0, curStateProgress: 0 }]
09-20 03:48:46.598 15695 15721 I OTA-COMPOSER: 1OTAStateMachine.notifyProgress(Line:199)notify Agent the last data
09-20 03:48:46.598 15695 15721 D OTA-COMPOSER: 256ComposerModel.getInstance(Line:48)->getInstance()
09-20 03:48:46.603 15674 15711 D UPDATE_AGENT: DefaultState.processMessage(Line:128)DefaultState: 71
09-20 03:48:49.425 15695 15712 D OTA-COMPOSER: 28673UpdateEngineProxy$1.onStatusUpdate(Line:91)onStatusUpdate:      status = 3   percent = 0.8292988
09-20 03:48:49.426 15695 15712 D OTA-COMPOSER: 28673UpdateEngineProxy.statusUpdate(Line:250)status: 3 (int) percent 82
09-20 03:48:49.433 15674 15690 I UPDATE_AGENT: OTAComposerProxy.notifyInstallState(Line:195)current ecu state INSTALLING && progress: 0
09-20 03:48:49.434 15674 15690 D UPDATE_AGENT: AgentModel.getInstance(Line:73)getInstance
09-20 03:48:49.426 15695 15712 D OTA-COMPOSER: 28673UpdateEngineProxy.statusUpdate(Line:251)status: 3 Math.round(percent) 83
09-20 03:48:49.427 15695 15721 I OTA-COMPOSER: 17DefaultState.processMessage(Line:136)65
09-20 03:48:49.427 15695 15721 D OTA-COMPOSER: 97InstallState.processMessage(Line:91)current MSG 65
09-20 03:48:49.428 15695 15721 I OTA-COMPOSER: 100InstallState.processMessage(Line:103)installing
09-20 03:48:49.428 15695 15721 I OTA-COMPOSER: 100InstallState.processMessage(Line:107)get soc install msg
09-20 03:48:49.429 15695 15721 I OTA-COMPOSER: 100InstallState.updateInstallationProgress(Line:151)Soc progress is 83
09-20 03:48:49.429 15695 15721 I OTA-COMPOSER: 100InstallState.updateInstallationProgress(Line:152)is soc install now 0x01
09-20 03:48:49.430 15695 15721 I OTA-COMPOSER: 100InstallState.updateInstallationProgress(Line:190)get percent update, notify to AGENT
09-20 03:48:49.430 15695 15721 I OTA-COMPOSER: 1OTAStateMachine.updateEcuStateList(Line:225)current Ecu State [EcuState: { ecu: Ecu: { nodeAddress: 0x01, ecuId: MQAAAAAAAAAAAAAAAAAAAA==, softwareId: , updateFilePath: [/storage/1CB9-1D2B/full_update.zip], rollbackFilePath: [], retryTimes: 0, reserved:  }, ecuUpdateState: INSTALLING, statusCode: 0, curStateProgress: 0 }]
09-20 03:48:49.431 15695 15721 I OTA-COMPOSER: 1OTAStateMachine.notifyProgress(Line:199)notify Agent the last data
09-20 03:48:49.431 15695 15721 D OTA-COMPOSER: 256ComposerModel.getInstance(Line:48)->getInstance()
09-20 03:48:49.436 15674 15711 D UPDATE_AGENT: DefaultState.processMessage(Line:128)DefaultState: 71
09-20 03:48:59.999  1595  1595 I update_engine: [INFO:partition_writer_factory_android.cc(44)] Virtual AB Compression disabled, using Partition Writer for `vendor`
09-20 03:49:00.029  1595  1595 I update_engine: [INFO:partition_writer.cc(295)] Opening /dev/block/dm-13 partition with O_DSYNC
09-20 03:49:00.059  1595  1595 I update_engine: [INFO:partition_writer.cc(100)] Caching writes.
09-20 03:49:00.087  1595  1595 I update_engine: [INFO:partition_writer.cc(307)] Applying 282 operations to partition "vendor"
09-20 03:49:00.122 15695 15712 D OTA-COMPOSER: 28673UpdateEngineProxy$1.onStatusUpdate(Line:91)onStatusUpdate:      status = 3   percent = 0.83768916
09-20 03:49:00.123 15695 15712 D OTA-COMPOSER: 28673UpdateEngineProxy.statusUpdate(Line:250)status: 3 (int) percent 83
09-20 03:49:00.125 15695 15712 D OTA-COMPOSER: 28673UpdateEngineProxy.statusUpdate(Line:251)status: 3 Math.round(percent) 84
09-20 03:49:00.127 15695 15721 I OTA-COMPOSER: 17DefaultState.processMessage(Line:136)65
09-20 03:49:00.128 15695 15721 D OTA-COMPOSER: 97InstallState.processMessage(Line:91)current MSG 65
09-20 03:49:00.134 15674 15690 I UPDATE_AGENT: OTAComposerProxy.notifyInstallState(Line:195)current ecu state INSTALLING && progress: 0
09-20 03:49:00.135 15674 15690 D UPDATE_AGENT: AgentModel.getInstance(Line:73)getInstance
09-20 03:49:00.137 15674 15711 D UPDATE_AGENT: DefaultState.processMessage(Line:128)DefaultState: 71
09-20 03:49:00.128 15695 15721 I OTA-COMPOSER: 100InstallState.processMessage(Line:103)installing
09-20 03:49:00.129 15695 15721 I OTA-COMPOSER: 100InstallState.processMessage(Line:107)get soc install msg
09-20 03:49:00.129 15695 15721 I OTA-COMPOSER: 100InstallState.updateInstallationProgress(Line:151)Soc progress is 84
09-20 03:49:00.130 15695 15721 I OTA-COMPOSER: 100InstallState.updateInstallationProgress(Line:152)is soc install now 0x01
09-20 03:49:00.130 15695 15721 I OTA-COMPOSER: 100InstallState.updateInstallationProgress(Line:190)get percent update, notify to AGENT
09-20 03:49:00.131 15695 15721 I OTA-COMPOSER: 1OTAStateMachine.updateEcuStateList(Line:225)current Ecu State [EcuState: { ecu: Ecu: { nodeAddress: 0x01, ecuId: MQAAAAAAAAAAAAAAAAAAAA==, softwareId: , updateFilePath: [/storage/1CB9-1D2B/full_update.zip], rollbackFilePath: [], retryTimes: 0, reserved:  }, ecuUpdateState: INSTALLING, statusCode: 0, curStateProgress: 0 }]
09-20 03:49:00.131 15695 15721 I OTA-COMPOSER: 1OTAStateMachine.notifyProgress(Line:199)notify Agent the last data
09-20 03:49:00.132 15695 15721 D OTA-COMPOSER: 256ComposerModel.getInstance(Line:48)->getInstance()
09-20 03:49:09.608 15695 15712 D OTA-COMPOSER: 28673UpdateEngineProxy$1.onStatusUpdate(Line:91)onStatusUpdate:      status = 3   percent = 0.8476901
09-20 03:49:09.609 15695 15712 D OTA-COMPOSER: 28673UpdateEngineProxy.statusUpdate(Line:250)status: 3 (int) percent 84
09-20 03:49:09.617 15674 15690 I UPDATE_AGENT: OTAComposerProxy.notifyInstallState(Line:195)current ecu state INSTALLING && progress: 0
09-20 03:49:09.610 15695 15712 D OTA-COMPOSER: 28673UpdateEngineProxy.statusUpdate(Line:251)status: 3 Math.round(percent) 85
09-20 03:49:09.618 15674 15690 D UPDATE_AGENT: AgentModel.getInstance(Line:73)getInstance
09-20 03:49:09.610 15695 15721 I OTA-COMPOSER: 17DefaultState.processMessage(Line:136)65
09-20 03:49:09.619 15674 15711 D UPDATE_AGENT: DefaultState.processMessage(Line:128)DefaultState: 71
09-20 03:49:09.611 15695 15721 D OTA-COMPOSER: 97InstallState.processMessage(Line:91)current MSG 65
09-20 03:49:09.611 15695 15721 I OTA-COMPOSER: 100InstallState.processMessage(Line:103)installing
09-20 03:49:09.612 15695 15721 I OTA-COMPOSER: 100InstallState.processMessage(Line:107)get soc install msg
09-20 03:49:09.612 15695 15721 I OTA-COMPOSER: 100InstallState.updateInstallationProgress(Line:151)Soc progress is 85
09-20 03:49:09.613 15695 15721 I OTA-COMPOSER: 100InstallState.updateInstallationProgress(Line:152)is soc install now 0x01
09-20 03:49:09.613 15695 15721 I OTA-COMPOSER: 100InstallState.updateInstallationProgress(Line:190)get percent update, notify to AGENT
09-20 03:49:09.614 15695 15721 I OTA-COMPOSER: 1OTAStateMachine.updateEcuStateList(Line:225)current Ecu State [EcuState: { ecu: Ecu: { nodeAddress: 0x01, ecuId: MQAAAAAAAAAAAAAAAAAAAA==, softwareId: , updateFilePath: [/storage/1CB9-1D2B/full_update.zip], rollbackFilePath: [], retryTimes: 0, reserved:  }, ecuUpdateState: INSTALLING, statusCode: 0, curStateProgress: 0 }]
09-20 03:49:09.614 15695 15721 I OTA-COMPOSER: 1OTAStateMachine.notifyProgress(Line:199)notify Agent the last data
09-20 03:49:09.614 15695 15721 D OTA-COMPOSER: 256ComposerModel.getInstance(Line:48)->getInstance()
09-20 03:49:11.318  1595  1595 I update_engine: [INFO:delta_performer.cc(119)] Completed 1391/1910 operations (72%), 1444397056/1698859798 bytes downloaded (85%), overall progress 78%
09-20 03:49:19.426 15695 15712 D OTA-COMPOSER: 28673UpdateEngineProxy$1.onStatusUpdate(Line:91)onStatusUpdate:      status = 3   percent = 0.85769105
09-20 03:49:19.427 15695 15712 D OTA-COMPOSER: 28673UpdateEngineProxy.statusUpdate(Line:250)status: 3 (int) percent 85
09-20 03:49:19.428 15695 15712 D OTA-COMPOSER: 28673UpdateEngineProxy.statusUpdate(Line:251)status: 3 Math.round(percent) 86
09-20 03:49:19.429 15695 15721 I OTA-COMPOSER: 17DefaultState.processMessage(Line:136)65
09-20 03:49:19.429 15695 15721 D OTA-COMPOSER: 97InstallState.processMessage(Line:91)current MSG 65
09-20 03:49:19.430 15695 15721 I OTA-COMPOSER: 100InstallState.processMessage(Line:103)installing
09-20 03:49:19.431 15695 15721 I OTA-COMPOSER: 100InstallState.processMessage(Line:107)get soc install msg
09-20 03:49:19.431 15695 15721 I OTA-COMPOSER: 100InstallState.updateInstallationProgress(Line:151)Soc progress is 86
09-20 03:49:19.432 15695 15721 I OTA-COMPOSER: 100InstallState.updateInstallationProgress(Line:152)is soc install now 0x01
09-20 03:49:19.432 15695 15721 I OTA-COMPOSER: 100InstallState.updateInstallationProgress(Line:190)get percent update, notify to AGENT
09-20 03:49:19.433 15695 15721 I OTA-COMPOSER: 1OTAStateMachine.updateEcuStateList(Line:225)current Ecu State [EcuState: { ecu: Ecu: { nodeAddress: 0x01, ecuId: MQAAAAAAAAAAAAAAAAAAAA==, softwareId: , updateFilePath: [/storage/1CB9-1D2B/full_update.zip], rollbackFilePath: [], retryTimes: 0, reserved:  }, ecuUpdateState: INSTALLING, statusCode: 0, curStateProgress: 0 }]
09-20 03:49:19.433 15695 15721 I OTA-COMPOSER: 1OTAStateMachine.notifyProgress(Line:199)notify Agent the last data
09-20 03:49:19.434 15695 15721 D OTA-COMPOSER: 256ComposerModel.getInstance(Line:48)->getInstance()
09-20 03:49:19.436 15674 15690 I UPDATE_AGENT: OTAComposerProxy.notifyInstallState(Line:195)current ecu state INSTALLING && progress: 0
09-20 03:49:19.437 15674 15690 D UPDATE_AGENT: AgentModel.getInstance(Line:73)getInstance
09-20 03:49:19.439 15674 15711 D UPDATE_AGENT: DefaultState.processMessage(Line:128)DefaultState: 71
09-20 03:49:21.592  1595  1595 I update_engine: [INFO:delta_performer.cc(119)] Completed 1427/1910 operations (74%), 1461026816/1698859798 bytes downloaded (86%), overall progress 80%
09-20 03:49:27.900 15695 15712 D OTA-COMPOSER: 28673UpdateEngineProxy$1.onStatusUpdate(Line:91)onStatusUpdate:      status = 3   percent = 0.867692
09-20 03:49:27.901 15695 15712 D OTA-COMPOSER: 28673UpdateEngineProxy.statusUpdate(Line:250)status: 3 (int) percent 86
09-20 03:49:27.902 15695 15712 D OTA-COMPOSER: 28673UpdateEngineProxy.statusUpdate(Line:251)status: 3 Math.round(percent) 87
09-20 03:49:27.903 15695 15721 I OTA-COMPOSER: 17DefaultState.processMessage(Line:136)65
09-20 03:49:27.903 15695 15721 D OTA-COMPOSER: 97InstallState.processMessage(Line:91)current MSG 65
09-20 03:49:27.904 15695 15721 I OTA-COMPOSER: 100InstallState.processMessage(Line:103)installing
09-20 03:49:27.904 15695 15721 I OTA-COMPOSER: 100InstallState.processMessage(Line:107)get soc install msg
09-20 03:49:27.905 15695 15721 I OTA-COMPOSER: 100InstallState.updateInstallationProgress(Line:151)Soc progress is 87
09-20 03:49:27.905 15695 15721 I OTA-COMPOSER: 100InstallState.updateInstallationProgress(Line:152)is soc install now 0x01
09-20 03:49:27.906 15695 15721 I OTA-COMPOSER: 100InstallState.updateInstallationProgress(Line:190)get percent update, notify to AGENT
09-20 03:49:27.907 15695 15721 I OTA-COMPOSER: 1OTAStateMachine.updateEcuStateList(Line:225)current Ecu State [EcuState: { ecu: Ecu: { nodeAddress: 0x01, ecuId: MQAAAAAAAAAAAAAAAAAAAA==, softwareId: , updateFilePath: [/storage/1CB9-1D2B/full_update.zip], rollbackFilePath: [], retryTimes: 0, reserved:  }, ecuUpdateState: INSTALLING, statusCode: 0, curStateProgress: 0 }]
09-20 03:49:27.907 15695 15721 I OTA-COMPOSER: 1OTAStateMachine.notifyProgress(Line:199)notify Agent the last data
09-20 03:49:27.907 15695 15721 D OTA-COMPOSER: 256ComposerModel.getInstance(Line:48)->getInstance()
09-20 03:49:27.910 15674 15690 I UPDATE_AGENT: OTAComposerProxy.notifyInstallState(Line:195)current ecu state INSTALLING && progress: 0
09-20 03:49:27.911 15674 15690 D UPDATE_AGENT: AgentModel.getInstance(Line:73)getInstance
09-20 03:49:27.913 15674 15711 D UPDATE_AGENT: DefaultState.processMessage(Line:128)DefaultState: 71
09-20 03:49:35.774 15695 15712 D OTA-COMPOSER: 28673UpdateEngineProxy$1.onStatusUpdate(Line:91)onStatusUpdate:      status = 3   percent = 0.87769294
09-20 03:49:35.774 15695 15712 D OTA-COMPOSER: 28673UpdateEngineProxy.statusUpdate(Line:250)status: 3 (int) percent 87
09-20 03:49:35.775 15695 15712 D OTA-COMPOSER: 28673UpdateEngineProxy.statusUpdate(Line:251)status: 3 Math.round(percent) 88
09-20 03:49:35.776 15695 15721 I OTA-COMPOSER: 17DefaultState.processMessage(Line:136)65
09-20 03:49:35.777 15695 15721 D OTA-COMPOSER: 97InstallState.processMessage(Line:91)current MSG 65
09-20 03:49:35.778 15695 15721 I OTA-COMPOSER: 100InstallState.processMessage(Line:103)installing
09-20 03:49:35.779 15695 15721 I OTA-COMPOSER: 100InstallState.processMessage(Line:107)get soc install msg
09-20 03:49:35.779 15695 15721 I OTA-COMPOSER: 100InstallState.updateInstallationProgress(Line:151)Soc progress is 88
09-20 03:49:35.779 15695 15721 I OTA-COMPOSER: 100InstallState.updateInstallationProgress(Line:152)is soc install now 0x01
09-20 03:49:35.780 15695 15721 I OTA-COMPOSER: 100InstallState.updateInstallationProgress(Line:190)get percent update, notify to AGENT
09-20 03:49:35.781 15695 15721 I OTA-COMPOSER: 1OTAStateMachine.updateEcuStateList(Line:225)current Ecu State [EcuState: { ecu: Ecu: { nodeAddress: 0x01, ecuId: MQAAAAAAAAAAAAAAAAAAAA==, softwareId: , updateFilePath: [/storage/1CB9-1D2B/full_update.zip], rollbackFilePath: [], retryTimes: 0, reserved:  }, ecuUpdateState: INSTALLING, statusCode: 0, curStateProgress: 0 }]
09-20 03:49:35.781 15695 15721 I OTA-COMPOSER: 1OTAStateMachine.notifyProgress(Line:199)notify Agent the last data
09-20 03:49:35.782 15695 15721 D OTA-COMPOSER: 256ComposerModel.getInstance(Line:48)->getInstance()
09-20 03:49:35.784 15674 15690 I UPDATE_AGENT: OTAComposerProxy.notifyInstallState(Line:195)current ecu state INSTALLING && progress: 0
09-20 03:49:35.785 15674 15690 D UPDATE_AGENT: AgentModel.getInstance(Line:73)getInstance
09-20 03:49:35.786 15674 15711 D UPDATE_AGENT: DefaultState.processMessage(Line:128)DefaultState: 71
09-20 03:49:45.072 15695 15712 D OTA-COMPOSER: 28673UpdateEngineProxy$1.onStatusUpdate(Line:91)onStatusUpdate:      status = 3   percent = 0.8876939
09-20 03:49:45.072 15695 15712 D OTA-COMPOSER: 28673UpdateEngineProxy.statusUpdate(Line:250)status: 3 (int) percent 88
09-20 03:49:45.073 15695 15712 D OTA-COMPOSER: 28673UpdateEngineProxy.statusUpdate(Line:251)status: 3 Math.round(percent) 89
09-20 03:49:45.074 15695 15721 I OTA-COMPOSER: 17DefaultState.processMessage(Line:136)65
09-20 03:49:45.075 15695 15721 D OTA-COMPOSER: 97InstallState.processMessage(Line:91)current MSG 65
09-20 03:49:45.075 15695 15721 I OTA-COMPOSER: 100InstallState.processMessage(Line:103)installing
09-20 03:49:45.077 15695 15721 I OTA-COMPOSER: 100InstallState.processMessage(Line:107)get soc install msg
09-20 03:49:45.077 15695 15721 I OTA-COMPOSER: 100InstallState.updateInstallationProgress(Line:151)Soc progress is 89
09-20 03:49:45.078 15695 15721 I OTA-COMPOSER: 100InstallState.updateInstallationProgress(Line:152)is soc install now 0x01
09-20 03:49:45.079 15695 15721 I OTA-COMPOSER: 100InstallState.updateInstallationProgress(Line:190)get percent update, notify to AGENT
09-20 03:49:45.080 15695 15721 I OTA-COMPOSER: 1OTAStateMachine.updateEcuStateList(Line:225)current Ecu State [EcuState: { ecu: Ecu: { nodeAddress: 0x01, ecuId: MQAAAAAAAAAAAAAAAAAAAA==, softwareId: , updateFilePath: [/storage/1CB9-1D2B/full_update.zip], rollbackFilePath: [], retryTimes: 0, reserved:  }, ecuUpdateState: INSTALLING, statusCode: 0, curStateProgress: 0 }]
09-20 03:49:45.081 15695 15721 I OTA-COMPOSER: 1OTAStateMachine.notifyProgress(Line:199)notify Agent the last data
09-20 03:49:45.082 15695 15721 D OTA-COMPOSER: 256ComposerModel.getInstance(Line:48)->getInstance()
09-20 03:49:45.086 15674 15690 I UPDATE_AGENT: OTAComposerProxy.notifyInstallState(Line:195)current ecu state INSTALLING && progress: 0
09-20 03:49:45.087 15674 15690 D UPDATE_AGENT: AgentModel.getInstance(Line:73)getInstance
09-20 03:49:45.089 15674 15711 D UPDATE_AGENT: DefaultState.processMessage(Line:128)DefaultState: 71
09-20 03:49:51.725  1595  1595 I update_engine: [INFO:delta_performer.cc(119)] Completed 1523/1910 operations (79%), 1518010368/1698859798 bytes downloaded (89%), overall progress 83%
09-20 03:49:55.243 15674 15690 I UPDATE_AGENT: OTAComposerProxy.notifyInstallState(Line:195)current ecu state INSTALLING && progress: 0
09-20 03:49:55.244 15674 15690 D UPDATE_AGENT: AgentModel.getInstance(Line:73)getInstance
09-20 03:49:55.245 15674 15711 D UPDATE_AGENT: DefaultState.processMessage(Line:128)DefaultState: 71
09-20 03:49:55.231 15695 15712 D OTA-COMPOSER: 28673UpdateEngineProxy$1.onStatusUpdate(Line:91)onStatusUpdate:      status = 3   percent = 0.8961518
09-20 03:49:55.232 15695 15712 D OTA-COMPOSER: 28673UpdateEngineProxy.statusUpdate(Line:250)status: 3 (int) percent 89
09-20 03:49:55.233 15695 15712 D OTA-COMPOSER: 28673UpdateEngineProxy.statusUpdate(Line:251)status: 3 Math.round(percent) 90
09-20 03:49:55.234 15695 15721 I OTA-COMPOSER: 17DefaultState.processMessage(Line:136)65
09-20 03:49:55.235 15695 15721 D OTA-COMPOSER: 97InstallState.processMessage(Line:91)current MSG 65
09-20 03:49:55.235 15695 15721 I OTA-COMPOSER: 100InstallState.processMessage(Line:103)installing
09-20 03:49:55.236 15695 15721 I OTA-COMPOSER: 100InstallState.processMessage(Line:107)get soc install msg
09-20 03:49:55.237 15695 15721 I OTA-COMPOSER: 100InstallState.updateInstallationProgress(Line:151)Soc progress is 90
09-20 03:49:55.238 15695 15721 I OTA-COMPOSER: 100InstallState.updateInstallationProgress(Line:152)is soc install now 0x01
09-20 03:49:55.238 15695 15721 I OTA-COMPOSER: 100InstallState.updateInstallationProgress(Line:190)get percent update, notify to AGENT
09-20 03:49:55.239 15695 15721 I OTA-COMPOSER: 1OTAStateMachine.updateEcuStateList(Line:225)current Ecu State [EcuState: { ecu: Ecu: { nodeAddress: 0x01, ecuId: MQAAAAAAAAAAAAAAAAAAAA==, softwareId: , updateFilePath: [/storage/1CB9-1D2B/full_update.zip], rollbackFilePath: [], retryTimes: 0, reserved:  }, ecuUpdateState: INSTALLING, statusCode: 0, curStateProgress: 0 }]
09-20 03:49:55.240 15695 15721 I OTA-COMPOSER: 1OTAStateMachine.notifyProgress(Line:199)notify Agent the last data
09-20 03:49:55.240 15695 15721 D OTA-COMPOSER: 256ComposerModel.getInstance(Line:48)->getInstance()
09-20 03:50:04.766 15695 15712 D OTA-COMPOSER: 28673UpdateEngineProxy$1.onStatusUpdate(Line:91)onStatusUpdate:      status = 3   percent = 0.9061527
09-20 03:50:04.767 15695 15712 D OTA-COMPOSER: 28673UpdateEngineProxy.statusUpdate(Line:250)status: 3 (int) percent 90
09-20 03:50:04.767 15695 15712 D OTA-COMPOSER: 28673UpdateEngineProxy.statusUpdate(Line:251)status: 3 Math.round(percent) 91
09-20 03:50:04.774 15674 15690 I UPDATE_AGENT: OTAComposerProxy.notifyInstallState(Line:195)current ecu state INSTALLING && progress: 0
09-20 03:50:04.775 15674 15690 D UPDATE_AGENT: AgentModel.getInstance(Line:73)getInstance
09-20 03:50:04.768 15695 15721 I OTA-COMPOSER: 17DefaultState.processMessage(Line:136)65
09-20 03:50:04.769 15695 15721 D OTA-COMPOSER: 97InstallState.processMessage(Line:91)current MSG 65
09-20 03:50:04.769 15695 15721 I OTA-COMPOSER: 100InstallState.processMessage(Line:103)installing
09-20 03:50:04.770 15695 15721 I OTA-COMPOSER: 100InstallState.processMessage(Line:107)get soc install msg
09-20 03:50:04.770 15695 15721 I OTA-COMPOSER: 100InstallState.updateInstallationProgress(Line:151)Soc progress is 91
09-20 03:50:04.770 15695 15721 I OTA-COMPOSER: 100InstallState.updateInstallationProgress(Line:152)is soc install now 0x01
09-20 03:50:04.771 15695 15721 I OTA-COMPOSER: 100InstallState.updateInstallationProgress(Line:190)get percent update, notify to AGENT
09-20 03:50:04.771 15695 15721 I OTA-COMPOSER: 1OTAStateMachine.updateEcuStateList(Line:225)current Ecu State [EcuState: { ecu: Ecu: { nodeAddress: 0x01, ecuId: MQAAAAAAAAAAAAAAAAAAAA==, softwareId: , updateFilePath: [/storage/1CB9-1D2B/full_update.zip], rollbackFilePath: [], retryTimes: 0, reserved:  }, ecuUpdateState: INSTALLING, statusCode: 0, curStateProgress: 0 }]
09-20 03:50:04.772 15695 15721 I OTA-COMPOSER: 1OTAStateMachine.notifyProgress(Line:199)notify Agent the last data
09-20 03:50:04.772 15695 15721 D OTA-COMPOSER: 256ComposerModel.getInstance(Line:48)->getInstance()
09-20 03:50:04.777 15674 15711 D UPDATE_AGENT: DefaultState.processMessage(Line:128)DefaultState: 71
09-20 03:50:13.440 15695 15712 D OTA-COMPOSER: 28673UpdateEngineProxy$1.onStatusUpdate(Line:91)onStatusUpdate:      status = 3   percent = 0.91615367
09-20 03:50:13.441 15695 15712 D OTA-COMPOSER: 28673UpdateEngineProxy.statusUpdate(Line:250)status: 3 (int) percent 91
09-20 03:50:13.441 15695 15712 D OTA-COMPOSER: 28673UpdateEngineProxy.statusUpdate(Line:251)status: 3 Math.round(percent) 92
09-20 03:50:13.442 15695 15721 I OTA-COMPOSER: 17DefaultState.processMessage(Line:136)65
09-20 03:50:13.443 15695 15721 D OTA-COMPOSER: 97InstallState.processMessage(Line:91)current MSG 65
09-20 03:50:13.443 15695 15721 I OTA-COMPOSER: 100InstallState.processMessage(Line:103)installing
09-20 03:50:13.444 15695 15721 I OTA-COMPOSER: 100InstallState.processMessage(Line:107)get soc install msg
09-20 03:50:13.444 15695 15721 I OTA-COMPOSER: 100InstallState.updateInstallationProgress(Line:151)Soc progress is 92
09-20 03:50:13.445 15695 15721 I OTA-COMPOSER: 100InstallState.updateInstallationProgress(Line:152)is soc install now 0x01
09-20 03:50:13.445 15695 15721 I OTA-COMPOSER: 100InstallState.updateInstallationProgress(Line:190)get percent update, notify to AGENT
09-20 03:50:13.446 15695 15721 I OTA-COMPOSER: 1OTAStateMachine.updateEcuStateList(Line:225)current Ecu State [EcuState: { ecu: Ecu: { nodeAddress: 0x01, ecuId: MQAAAAAAAAAAAAAAAAAAAA==, softwareId: , updateFilePath: [/storage/1CB9-1D2B/full_update.zip], rollbackFilePath: [], retryTimes: 0, reserved:  }, ecuUpdateState: INSTALLING, statusCode: 0, curStateProgress: 0 }]
09-20 03:50:13.446 15695 15721 I OTA-COMPOSER: 1OTAStateMachine.notifyProgress(Line:199)notify Agent the last data
09-20 03:50:13.449 15674 15690 I UPDATE_AGENT: OTAComposerProxy.notifyInstallState(Line:195)current ecu state INSTALLING && progress: 0
09-20 03:50:13.450 15674 15690 D UPDATE_AGENT: AgentModel.getInstance(Line:73)getInstance
09-20 03:50:13.451 15674 15711 D UPDATE_AGENT: DefaultState.processMessage(Line:128)DefaultState: 71
09-20 03:50:13.447 15695 15721 D OTA-COMPOSER: 256ComposerModel.getInstance(Line:48)->getInstance()
09-20 03:50:21.910  1595  1595 I update_engine: [INFO:delta_performer.cc(119)] Completed 1624/1910 operations (85%), 1572159488/1698859798 bytes downloaded (92%), overall progress 88%
09-20 03:50:22.700 15695 15712 D OTA-COMPOSER: 28673UpdateEngineProxy$1.onStatusUpdate(Line:91)onStatusUpdate:      status = 3   percent = 0.9261546
09-20 03:50:22.701 15695 15712 D OTA-COMPOSER: 28673UpdateEngineProxy.statusUpdate(Line:250)status: 3 (int) percent 92
09-20 03:50:22.701 15695 15712 D OTA-COMPOSER: 28673UpdateEngineProxy.statusUpdate(Line:251)status: 3 Math.round(percent) 93
09-20 03:50:22.702 15695 15721 I OTA-COMPOSER: 17DefaultState.processMessage(Line:136)65
09-20 03:50:22.703 15695 15721 D OTA-COMPOSER: 97InstallState.processMessage(Line:91)current MSG 65
09-20 03:50:22.703 15695 15721 I OTA-COMPOSER: 100InstallState.processMessage(Line:103)installing
09-20 03:50:22.704 15695 15721 I OTA-COMPOSER: 100InstallState.processMessage(Line:107)get soc install msg
09-20 03:50:22.704 15695 15721 I OTA-COMPOSER: 100InstallState.updateInstallationProgress(Line:151)Soc progress is 93
09-20 03:50:22.705 15695 15721 I OTA-COMPOSER: 100InstallState.updateInstallationProgress(Line:152)is soc install now 0x01
09-20 03:50:22.705 15695 15721 I OTA-COMPOSER: 100InstallState.updateInstallationProgress(Line:190)get percent update, notify to AGENT
09-20 03:50:22.706 15695 15721 I OTA-COMPOSER: 1OTAStateMachine.updateEcuStateList(Line:225)current Ecu State [EcuState: { ecu: Ecu: { nodeAddress: 0x01, ecuId: MQAAAAAAAAAAAAAAAAAAAA==, softwareId: , updateFilePath: [/storage/1CB9-1D2B/full_update.zip], rollbackFilePath: [], retryTimes: 0, reserved:  }, ecuUpdateState: INSTALLING, statusCode: 0, curStateProgress: 0 }]
09-20 03:50:22.706 15695 15721 I OTA-COMPOSER: 1OTAStateMachine.notifyProgress(Line:199)notify Agent the last data
09-20 03:50:22.707 15695 15721 D OTA-COMPOSER: 256ComposerModel.getInstance(Line:48)->getInstance()
09-20 03:50:22.709 15674 15690 I UPDATE_AGENT: OTAComposerProxy.notifyInstallState(Line:195)current ecu state INSTALLING && progress: 0
09-20 03:50:22.710 15674 15690 D UPDATE_AGENT: AgentModel.getInstance(Line:73)getInstance
09-20 03:50:22.712 15674 15711 D UPDATE_AGENT: DefaultState.processMessage(Line:128)DefaultState: 71
09-20 03:50:31.019  1595  1595 I update_engine: [INFO:partition_writer_factory_android.cc(44)] Virtual AB Compression disabled, using Partition Writer for `system_ext`
09-20 03:50:31.052  1595  1595 I update_engine: [INFO:partition_writer.cc(295)] Opening /dev/block/dm-16 partition with O_DSYNC
09-20 03:50:31.083  1595  1595 I update_engine: [INFO:partition_writer.cc(100)] Caching writes.
09-20 03:50:31.111  1595  1595 I update_engine: [INFO:partition_writer.cc(307)] Applying 92 operations to partition "system_ext"
09-20 03:50:31.799 15695 15712 D OTA-COMPOSER: 28673UpdateEngineProxy$1.onStatusUpdate(Line:91)onStatusUpdate:      status = 3   percent = 0.9361556
09-20 03:50:31.800 15695 15712 D OTA-COMPOSER: 28673UpdateEngineProxy.statusUpdate(Line:250)status: 3 (int) percent 93
09-20 03:50:31.800 15695 15712 D OTA-COMPOSER: 28673UpdateEngineProxy.statusUpdate(Line:251)status: 3 Math.round(percent) 94
09-20 03:50:31.801 15695 15721 I OTA-COMPOSER: 17DefaultState.processMessage(Line:136)65
09-20 03:50:31.801 15695 15721 D OTA-COMPOSER: 97InstallState.processMessage(Line:91)current MSG 65
09-20 03:50:31.802 15695 15721 I OTA-COMPOSER: 100InstallState.processMessage(Line:103)installing
09-20 03:50:31.802 15695 15721 I OTA-COMPOSER: 100InstallState.processMessage(Line:107)get soc install msg
09-20 03:50:31.803 15695 15721 I OTA-COMPOSER: 100InstallState.updateInstallationProgress(Line:151)Soc progress is 94
09-20 03:50:31.803 15695 15721 I OTA-COMPOSER: 100InstallState.updateInstallationProgress(Line:152)is soc install now 0x01
09-20 03:50:31.803 15695 15721 I OTA-COMPOSER: 100InstallState.updateInstallationProgress(Line:190)get percent update, notify to AGENT
09-20 03:50:31.804 15695 15721 I OTA-COMPOSER: 1OTAStateMachine.updateEcuStateList(Line:225)current Ecu State [EcuState: { ecu: Ecu: { nodeAddress: 0x01, ecuId: MQAAAAAAAAAAAAAAAAAAAA==, softwareId: , updateFilePath: [/storage/1CB9-1D2B/full_update.zip], rollbackFilePath: [], retryTimes: 0, reserved:  }, ecuUpdateState: INSTALLING, statusCode: 0, curStateProgress: 0 }]
09-20 03:50:31.805 15695 15721 I OTA-COMPOSER: 1OTAStateMachine.notifyProgress(Line:199)notify Agent the last data
09-20 03:50:31.807 15674 15690 I UPDATE_AGENT: OTAComposerProxy.notifyInstallState(Line:195)current ecu state INSTALLING && progress: 0
09-20 03:50:31.805 15695 15721 D OTA-COMPOSER: 256ComposerModel.getInstance(Line:48)->getInstance()
09-20 03:50:31.808 15674 15690 D UPDATE_AGENT: AgentModel.getInstance(Line:73)getInstance
09-20 03:50:31.810 15674 15711 D UPDATE_AGENT: DefaultState.processMessage(Line:128)DefaultState: 71
09-20 03:50:35.395  1595  1595 I update_engine: [INFO:delta_performer.cc(119)] Completed 1667/1910 operations (87%), 1596932096/1698859798 bytes downloaded (94%), overall progress 90%
09-20 03:50:40.681 15695 15712 D OTA-COMPOSER: 28673UpdateEngineProxy$1.onStatusUpdate(Line:91)onStatusUpdate:      status = 3   percent = 0.94615656
09-20 03:50:40.681 15695 15712 D OTA-COMPOSER: 28673UpdateEngineProxy.statusUpdate(Line:250)status: 3 (int) percent 94
09-20 03:50:40.682 15695 15712 D OTA-COMPOSER: 28673UpdateEngineProxy.statusUpdate(Line:251)status: 3 Math.round(percent) 95
09-20 03:50:40.683 15695 15721 I OTA-COMPOSER: 17DefaultState.processMessage(Line:136)65
09-20 03:50:40.683 15695 15721 D OTA-COMPOSER: 97InstallState.processMessage(Line:91)current MSG 65
09-20 03:50:40.684 15695 15721 I OTA-COMPOSER: 100InstallState.processMessage(Line:103)installing
09-20 03:50:40.684 15695 15721 I OTA-COMPOSER: 100InstallState.processMessage(Line:107)get soc install msg
09-20 03:50:40.685 15695 15721 I OTA-COMPOSER: 100InstallState.updateInstallationProgress(Line:151)Soc progress is 95
09-20 03:50:40.685 15695 15721 I OTA-COMPOSER: 100InstallState.updateInstallationProgress(Line:152)is soc install now 0x01
09-20 03:50:40.685 15695 15721 I OTA-COMPOSER: 100InstallState.updateInstallationProgress(Line:190)get percent update, notify to AGENT
09-20 03:50:40.686 15695 15721 I OTA-COMPOSER: 1OTAStateMachine.updateEcuStateList(Line:225)current Ecu State [EcuState: { ecu: Ecu: { nodeAddress: 0x01, ecuId: MQAAAAAAAAAAAAAAAAAAAA==, softwareId: , updateFilePath: [/storage/1CB9-1D2B/full_update.zip], rollbackFilePath: [], retryTimes: 0, reserved:  }, ecuUpdateState: INSTALLING, statusCode: 0, curStateProgress: 0 }]
09-20 03:50:40.686 15695 15721 I OTA-COMPOSER: 1OTAStateMachine.notifyProgress(Line:199)notify Agent the last data
09-20 03:50:40.687 15695 15721 D OTA-COMPOSER: 256ComposerModel.getInstance(Line:48)->getInstance()
09-20 03:50:40.689 15674 15690 I UPDATE_AGENT: OTAComposerProxy.notifyInstallState(Line:195)current ecu state INSTALLING && progress: 0
09-20 03:50:40.690 15674 15690 D UPDATE_AGENT: AgentModel.getInstance(Line:73)getInstance
09-20 03:50:40.692 15674 15711 D UPDATE_AGENT: DefaultState.processMessage(Line:128)DefaultState: 71
09-20 03:50:50.931 15695 15712 D OTA-COMPOSER: 28673UpdateEngineProxy$1.onStatusUpdate(Line:91)onStatusUpdate:      status = 3   percent = 0.95531845
09-20 03:50:50.931 15695 15712 D OTA-COMPOSER: 28673UpdateEngineProxy.statusUpdate(Line:250)status: 3 (int) percent 95
09-20 03:50:50.932 15695 15712 D OTA-COMPOSER: 28673UpdateEngineProxy.statusUpdate(Line:251)status: 3 Math.round(percent) 96
09-20 03:50:50.933 15695 15721 I OTA-COMPOSER: 17DefaultState.processMessage(Line:136)65
09-20 03:50:50.934 15695 15721 D OTA-COMPOSER: 97InstallState.processMessage(Line:91)current MSG 65
09-20 03:50:50.935 15695 15721 I OTA-COMPOSER: 100InstallState.processMessage(Line:103)installing
09-20 03:50:50.936 15695 15721 I OTA-COMPOSER: 100InstallState.processMessage(Line:107)get soc install msg
09-20 03:50:50.942 15674 15690 I UPDATE_AGENT: OTAComposerProxy.notifyInstallState(Line:195)current ecu state INSTALLING && progress: 0
09-20 03:50:50.943 15674 15690 D UPDATE_AGENT: AgentModel.getInstance(Line:73)getInstance
09-20 03:50:50.944 15674 15711 D UPDATE_AGENT: DefaultState.processMessage(Line:128)DefaultState: 71
09-20 03:50:50.937 15695 15721 I OTA-COMPOSER: 100InstallState.updateInstallationProgress(Line:151)Soc progress is 96
09-20 03:50:50.937 15695 15721 I OTA-COMPOSER: 100InstallState.updateInstallationProgress(Line:152)is soc install now 0x01
09-20 03:50:50.938 15695 15721 I OTA-COMPOSER: 100InstallState.updateInstallationProgress(Line:190)get percent update, notify to AGENT
09-20 03:50:50.938 15695 15721 I OTA-COMPOSER: 1OTAStateMachine.updateEcuStateList(Line:225)current Ecu State [EcuState: { ecu: Ecu: { nodeAddress: 0x01, ecuId: MQAAAAAAAAAAAAAAAAAAAA==, softwareId: , updateFilePath: [/storage/1CB9-1D2B/full_update.zip], rollbackFilePath: [], retryTimes: 0, reserved:  }, ecuUpdateState: INSTALLING, statusCode: 0, curStateProgress: 0 }]
09-20 03:50:50.939 15695 15721 I OTA-COMPOSER: 1OTAStateMachine.notifyProgress(Line:199)notify Agent the last data
09-20 03:50:50.939 15695 15721 D OTA-COMPOSER: 256ComposerModel.getInstance(Line:48)->getInstance()
09-20 03:50:59.585  1595  1595 I update_engine: [INFO:partition_writer_factory_android.cc(44)] Virtual AB Compression disabled, using Partition Writer for `boot`
09-20 03:50:59.619  1595  1595 I update_engine: [INFO:partition_writer.cc(295)] Opening /dev/block/bootdevice/by-name/boot_b partition with O_DSYNC
09-20 03:50:59.650  1595  1595 I update_engine: [INFO:partition_writer.cc(100)] Caching writes.
09-20 03:50:59.681  1595  1595 I update_engine: [INFO:partition_writer.cc(307)] Applying 48 operations to partition "boot"
09-20 03:51:00.632 15695 15712 D OTA-COMPOSER: 28673UpdateEngineProxy$1.onStatusUpdate(Line:91)onStatusUpdate:      status = 3   percent = 0.9653194
09-20 03:51:00.642 15674 15690 I UPDATE_AGENT: OTAComposerProxy.notifyInstallState(Line:195)current ecu state INSTALLING && progress: 0
09-20 03:51:00.643 15674 15690 D UPDATE_AGENT: AgentModel.getInstance(Line:73)getInstance
09-20 03:51:00.645 15674 15711 D UPDATE_AGENT: DefaultState.processMessage(Line:128)DefaultState: 71
09-20 03:51:00.633 15695 15712 D OTA-COMPOSER: 28673UpdateEngineProxy.statusUpdate(Line:250)status: 3 (int) percent 96
09-20 03:51:00.633 15695 15712 D OTA-COMPOSER: 28673UpdateEngineProxy.statusUpdate(Line:251)status: 3 Math.round(percent) 97
09-20 03:51:00.634 15695 15721 I OTA-COMPOSER: 17DefaultState.processMessage(Line:136)65
09-20 03:51:00.635 15695 15721 D OTA-COMPOSER: 97InstallState.processMessage(Line:91)current MSG 65
09-20 03:51:00.635 15695 15721 I OTA-COMPOSER: 100InstallState.processMessage(Line:103)installing
09-20 03:51:00.636 15695 15721 I OTA-COMPOSER: 100InstallState.processMessage(Line:107)get soc install msg
09-20 03:51:00.636 15695 15721 I OTA-COMPOSER: 100InstallState.updateInstallationProgress(Line:151)Soc progress is 97
09-20 03:51:00.637 15695 15721 I OTA-COMPOSER: 100InstallState.updateInstallationProgress(Line:152)is soc install now 0x01
09-20 03:51:00.637 15695 15721 I OTA-COMPOSER: 100InstallState.updateInstallationProgress(Line:190)get percent update, notify to AGENT
09-20 03:51:00.638 15695 15721 I OTA-COMPOSER: 1OTAStateMachine.updateEcuStateList(Line:225)current Ecu State [EcuState: { ecu: Ecu: { nodeAddress: 0x01, ecuId: MQAAAAAAAAAAAAAAAAAAAA==, softwareId: , updateFilePath: [/storage/1CB9-1D2B/full_update.zip], rollbackFilePath: [], retryTimes: 0, reserved:  }, ecuUpdateState: INSTALLING, statusCode: 0, curStateProgress: 0 }]
09-20 03:51:00.639 15695 15721 I OTA-COMPOSER: 1OTAStateMachine.notifyProgress(Line:199)notify Agent the last data
09-20 03:51:00.639 15695 15721 D OTA-COMPOSER: 256ComposerModel.getInstance(Line:48)->getInstance()
09-20 03:51:05.528  1595  1595 I update_engine: [INFO:delta_performer.cc(119)] Completed 1767/1910 operations (92%), 1653080064/1698859798 bytes downloaded (97%), overall progress 94%
09-20 03:51:06.297 15674 15690 I UPDATE_AGENT: OTAComposerProxy.notifyInstallState(Line:195)current ecu state INSTALLING && progress: 0
09-20 03:51:06.289 15695 15712 D OTA-COMPOSER: 28673UpdateEngineProxy$1.onStatusUpdate(Line:91)onStatusUpdate:      status = 3   percent = 0.97532034
09-20 03:51:06.290 15695 15712 D OTA-COMPOSER: 28673UpdateEngineProxy.statusUpdate(Line:250)status: 3 (int) percent 97
09-20 03:51:06.290 15695 15712 D OTA-COMPOSER: 28673UpdateEngineProxy.statusUpdate(Line:251)status: 3 Math.round(percent) 98
09-20 03:51:06.291 15695 15721 I OTA-COMPOSER: 17DefaultState.processMessage(Line:136)65
09-20 03:51:06.292 15695 15721 D OTA-COMPOSER: 97InstallState.processMessage(Line:91)current MSG 65
09-20 03:51:06.292 15695 15721 I OTA-COMPOSER: 100InstallState.processMessage(Line:103)installing
09-20 03:51:06.292 15695 15721 I OTA-COMPOSER: 100InstallState.processMessage(Line:107)get soc install msg
09-20 03:51:06.293 15695 15721 I OTA-COMPOSER: 100InstallState.updateInstallationProgress(Line:151)Soc progress is 98
09-20 03:51:06.293 15695 15721 I OTA-COMPOSER: 100InstallState.updateInstallationProgress(Line:152)is soc install now 0x01
09-20 03:51:06.294 15695 15721 I OTA-COMPOSER: 100InstallState.updateInstallationProgress(Line:190)get percent update, notify to AGENT
09-20 03:51:06.294 15695 15721 I OTA-COMPOSER: 1OTAStateMachine.updateEcuStateList(Line:225)current Ecu State [EcuState: { ecu: Ecu: { nodeAddress: 0x01, ecuId: MQAAAAAAAAAAAAAAAAAAAA==, softwareId: , updateFilePath: [/storage/1CB9-1D2B/full_update.zip], rollbackFilePath: [], retryTimes: 0, reserved:  }, ecuUpdateState: INSTALLING, statusCode: 0, curStateProgress: 0 }]
