09-20 03:52:27.217 15674 15711 D UPDATE_AGENT: DefaultState.processMessage(Line:128)DefaultState: 71
09-20 03:52:28.992 15695 15712 D OTA-COMPOSER: 28673UpdateEngineProxy$1.onStatusUpdate(Line:91)onStatusUpdate:      status = 4   percent = 0.11835504
09-20 03:52:28.993 15695 15712 D OTA-COMPOSER: 28673UpdateEngineProxy.statusUpdate(Line:250)status: 4 (int) percent 99
09-20 03:52:28.993 15695 15712 D OTA-COMPOSER: 28673UpdateEngineProxy.statusUpdate(Line:251)status: 4 Math.round(percent) 99
09-20 03:52:28.994 15695 15721 I OTA-COMPOSER: 17DefaultState.processMessage(Line:136)65
09-20 03:52:28.995 15695 15721 D OTA-COMPOSER: 97InstallState.processMessage(Line:91)current MSG 65
09-20 03:52:28.995 15695 15721 I OTA-COMPOSER: 100InstallState.processMessage(Line:103)installing
09-20 03:52:28.995 15695 15721 I OTA-COMPOSER: 100InstallState.processMessage(Line:107)get soc install msg
09-20 03:52:28.996 15695 15721 I OTA-COMPOSER: 100InstallState.updateInstallationProgress(Line:151)Soc progress is 99
09-20 03:52:28.996 15695 15721 I OTA-COMPOSER: 100InstallState.updateInstallationProgress(Line:152)is soc install now 0x01
09-20 03:52:28.997 15695 15721 I OTA-COMPOSER: 100InstallState.updateInstallationProgress(Line:190)get percent update, notify to AGENT
09-20 03:52:28.997 15695 15721 I OTA-COMPOSER: 1OTAStateMachine.updateEcuStateList(Line:225)current Ecu State [EcuState: { ecu: Ecu: { nodeAddress: 0x01, ecuId: MQAAAAAAAAAAAAAAAAAAAA==, softwareId: , updateFilePath: [/storage/1CB9-1D2B/full_update.zip], rollbackFilePath: [], retryTimes: 0, reserved:  }, ecuUpdateState: INSTALLING, statusCode: 0, curStateProgress: 0 }]
09-20 03:52:28.998 15695 15721 I OTA-COMPOSER: 1OTAStateMachine.notifyProgress(Line:199)notify Agent the last data
09-20 03:52:28.998 15695 15721 D OTA-COMPOSER: 256ComposerModel.getInstance(Line:48)->getInstance()
09-20 03:52:29.001 15674 15690 I UPDATE_AGENT: OTAComposerProxy.notifyInstallState(Line:195)current ecu state INSTALLING && progress: 0
09-20 03:52:29.002 15674 15690 D UPDATE_AGENT: AgentModel.getInstance(Line:73)getInstance
09-20 03:52:29.012 15674 15711 D UPDATE_AGENT: DefaultState.processMessage(Line:128)DefaultState: 71
09-20 03:52:30.157  1595  1595 I update_engine: [INFO:filesystem_verifier_action.cc(436)] Hash of system_ext: JSvPODnq4D0dLJItv+kQu1fJZjazh/ojhuL9JfWWuxg=
09-20 03:52:30.446  1595  1595 I update_engine: [INFO:filesystem_verifier_action.cc(330)] Hashing partition 3 (boot) on device /dev/block/bootdevice/by-name/boot_b
09-20 03:52:30.478  1595  1595 I update_engine: [INFO:filesystem_verifier_action.cc(380)] Verity writes disabled on partition boot
09-20 03:52:30.513 15695 15712 D OTA-COMPOSER: 28673UpdateEngineProxy$1.onStatusUpdate(Line:91)onStatusUpdate:      status = 4   percent = 0.1500217
09-20 03:52:30.514 15695 15712 D OTA-COMPOSER: 28673UpdateEngineProxy.statusUpdate(Line:250)status: 4 (int) percent 99
09-20 03:52:30.514 15695 15712 D OTA-COMPOSER: 28673UpdateEngineProxy.statusUpdate(Line:251)status: 4 Math.round(percent) 99
09-20 03:52:30.516 15695 15721 I OTA-COMPOSER: 17DefaultState.processMessage(Line:136)65
09-20 03:52:30.516 15695 15721 D OTA-COMPOSER: 97InstallState.processMessage(Line:91)current MSG 65
09-20 03:52:30.517 15695 15721 I OTA-COMPOSER: 100InstallState.processMessage(Line:103)installing
09-20 03:52:30.517 15695 15721 I OTA-COMPOSER: 100InstallState.processMessage(Line:107)get soc install msg
09-20 03:52:30.518 15695 15721 I OTA-COMPOSER: 100InstallState.updateInstallationProgress(Line:151)Soc progress is 99
09-20 03:52:30.518 15695 15721 I OTA-COMPOSER: 100InstallState.updateInstallationProgress(Line:152)is soc install now 0x01
09-20 03:52:30.519 15695 15721 I OTA-COMPOSER: 100InstallState.updateInstallationProgress(Line:190)get percent update, notify to AGENT
09-20 03:52:30.520 15695 15721 I OTA-COMPOSER: 1OTAStateMachine.updateEcuStateList(Line:225)current Ecu State [EcuState: { ecu: Ecu: { nodeAddress: 0x01, ecuId: MQAAAAAAAAAAAAAAAAAAAA==, softwareId: , updateFilePath: [/storage/1CB9-1D2B/full_update.zip], rollbackFilePath: [], retryTimes: 0, reserved:  }, ecuUpdateState: INSTALLING, statusCode: 0, curStateProgress: 0 }]
09-20 03:52:30.523 15674 15690 I UPDATE_AGENT: OTAComposerProxy.notifyInstallState(Line:195)current ecu state INSTALLING && progress: 0
09-20 03:52:30.521 15695 15721 I OTA-COMPOSER: 1OTAStateMachine.notifyProgress(Line:199)notify Agent the last data
09-20 03:52:30.521 15695 15721 D OTA-COMPOSER: 256ComposerModel.getInstance(Line:48)->getInstance()
09-20 03:52:30.524 15674 15690 D UPDATE_AGENT: AgentModel.getInstance(Line:73)getInstance
09-20 03:52:30.526 15674 15711 D UPDATE_AGENT: DefaultState.processMessage(Line:128)DefaultState: 71
09-20 03:52:30.812 15695 15712 D OTA-COMPOSER: 28673UpdateEngineProxy$1.onStatusUpdate(Line:91)onStatusUpdate:      status = 4   percent = 0.16002604
09-20 03:52:30.812 15695 15712 D OTA-COMPOSER: 28673UpdateEngineProxy.statusUpdate(Line:250)status: 4 (int) percent 99
09-20 03:52:30.813 15695 15712 D OTA-COMPOSER: 28673UpdateEngineProxy.statusUpdate(Line:251)status: 4 Math.round(percent) 99
09-20 03:52:30.814 15695 15721 I OTA-COMPOSER: 17DefaultState.processMessage(Line:136)65
09-20 03:52:30.814 15695 15721 D OTA-COMPOSER: 97InstallState.processMessage(Line:91)current MSG 65
09-20 03:52:30.814 15695 15721 I OTA-COMPOSER: 100InstallState.processMessage(Line:103)installing
09-20 03:52:30.815 15695 15721 I OTA-COMPOSER: 100InstallState.processMessage(Line:107)get soc install msg
09-20 03:52:30.815 15695 15721 I OTA-COMPOSER: 100InstallState.updateInstallationProgress(Line:151)Soc progress is 99
09-20 03:52:30.816 15695 15721 I OTA-COMPOSER: 100InstallState.updateInstallationProgress(Line:152)is soc install now 0x01
09-20 03:52:30.817 15695 15721 I OTA-COMPOSER: 100InstallState.updateInstallationProgress(Line:190)get percent update, notify to AGENT
09-20 03:52:30.817 15695 15721 I OTA-COMPOSER: 1OTAStateMachine.updateEcuStateList(Line:225)current Ecu State [EcuState: { ecu: Ecu: { nodeAddress: 0x01, ecuId: MQAAAAAAAAAAAAAAAAAAAA==, softwareId: , updateFilePath: [/storage/1CB9-1D2B/full_update.zip], rollbackFilePath: [], retryTimes: 0, reserved:  }, ecuUpdateState: INSTALLING, statusCode: 0, curStateProgress: 0 }]
09-20 03:52:30.818 15695 15721 I OTA-COMPOSER: 1OTAStateMachine.notifyProgress(Line:199)notify Agent the last data
09-20 03:52:30.818 15695 15721 D OTA-COMPOSER: 256ComposerModel.getInstance(Line:48)->getInstance()
09-20 03:52:30.820 15674 15690 I UPDATE_AGENT: OTAComposerProxy.notifyInstallState(Line:195)current ecu state INSTALLING && progress: 0
09-20 03:52:30.821 15674 15690 D UPDATE_AGENT: AgentModel.getInstance(Line:73)getInstance
09-20 03:52:30.823 15674 15711 D UPDATE_AGENT: DefaultState.processMessage(Line:128)DefaultState: 71
09-20 03:52:31.003  1595  1595 I update_engine: [INFO:filesystem_verifier_action.cc(436)] Hash of boot: 1LF+bFiS+vEeQPYfkRCkIddzqGFSgz0LJuYfegkSXHA=
09-20 03:52:31.162  1595  1595 I update_engine: [INFO:filesystem_verifier_action.cc(330)] Hashing partition 4 (vbmeta) on device /dev/block/bootdevice/by-name/vbmeta_b
09-20 03:52:31.194  1595  1595 I update_engine: [INFO:filesystem_verifier_action.cc(380)] Verity writes disabled on partition vbmeta
09-20 03:52:31.223  1595  1595 I update_engine: [INFO:filesystem_verifier_action.cc(436)] Hash of vbmeta: 3Z+fJ7tO1Tv4kNqdxb4dXlAgyLQTZWGHwJzATTCkNKg=
09-20 03:52:31.224 15695 15712 D OTA-COMPOSER: 28673UpdateEngineProxy$1.onStatusUpdate(Line:91)onStatusUpdate:      status = 4   percent = 0.20833333
09-20 03:52:31.225 15695 15712 D OTA-COMPOSER: 28673UpdateEngineProxy.statusUpdate(Line:250)status: 4 (int) percent 99
09-20 03:52:31.225 15695 15712 D OTA-COMPOSER: 28673UpdateEngineProxy.statusUpdate(Line:251)status: 4 Math.round(percent) 99
09-20 03:52:31.226 15695 15721 I OTA-COMPOSER: 17DefaultState.processMessage(Line:136)65
09-20 03:52:31.227 15695 15721 D OTA-COMPOSER: 97InstallState.processMessage(Line:91)current MSG 65
09-20 03:52:31.227 15695 15721 I OTA-COMPOSER: 100InstallState.processMessage(Line:103)installing
09-20 03:52:31.228 15695 15721 I OTA-COMPOSER: 100InstallState.processMessage(Line:107)get soc install msg
09-20 03:52:31.228 15695 15721 I OTA-COMPOSER: 100InstallState.updateInstallationProgress(Line:151)Soc progress is 99
09-20 03:52:31.229 15695 15721 I OTA-COMPOSER: 100InstallState.updateInstallationProgress(Line:152)is soc install now 0x01
09-20 03:52:31.230 15695 15721 I OTA-COMPOSER: 100InstallState.updateInstallationProgress(Line:190)get percent update, notify to AGENT
09-20 03:52:31.230 15695 15721 I OTA-COMPOSER: 1OTAStateMachine.updateEcuStateList(Line:225)current Ecu State [EcuState: { ecu: Ecu: { nodeAddress: 0x01, ecuId: MQAAAAAAAAAAAAAAAAAAAA==, softwareId: , updateFilePath: [/storage/1CB9-1D2B/full_update.zip], rollbackFilePath: [], retryTimes: 0, reserved:  }, ecuUpdateState: INSTALLING, statusCode: 0, curStateProgress: 0 }]
09-20 03:52:31.231 15695 15721 I OTA-COMPOSER: 1OTAStateMachine.notifyProgress(Line:199)notify Agent the last data
09-20 03:52:31.232 15695 15721 D OTA-COMPOSER: 256ComposerModel.getInstance(Line:48)->getInstance()
09-20 03:52:31.234 15674 15690 I UPDATE_AGENT: OTAComposerProxy.notifyInstallState(Line:195)current ecu state INSTALLING && progress: 0
09-20 03:52:31.235 15674 15690 D UPDATE_AGENT: AgentModel.getInstance(Line:73)getInstance
09-20 03:52:31.238 15674 15711 D UPDATE_AGENT: DefaultState.processMessage(Line:128)DefaultState: 71
09-20 03:52:31.252  1595  1595 I update_engine: [INFO:filesystem_verifier_action.cc(330)] Hashing partition 5 (vbmeta_system) on device /dev/block/bootdevice/by-name/vbmeta_system_b
09-20 03:52:31.284  1595  1595 I update_engine: [INFO:filesystem_verifier_action.cc(380)] Verity writes disabled on partition vbmeta_system
09-20 03:52:31.315 15695 15712 D OTA-COMPOSER: 28673UpdateEngineProxy$1.onStatusUpdate(Line:91)onStatusUpdate:      status = 4   percent = 0.25
09-20 03:52:31.315 15695 15712 D OTA-COMPOSER: 28673UpdateEngineProxy.statusUpdate(Line:250)status: 4 (int) percent 99
09-20 03:52:31.316 15695 15712 D OTA-COMPOSER: 28673UpdateEngineProxy.statusUpdate(Line:251)status: 4 Math.round(percent) 99
09-20 03:52:31.314  1595  1595 I update_engine: [INFO:filesystem_verifier_action.cc(436)] Hash of vbmeta_system: YS1UYW5RARVZ+Iv2+E3BjxpYal56ClGmHWlEnkP+7VE=
09-20 03:52:31.317 15695 15721 I OTA-COMPOSER: 17DefaultState.processMessage(Line:136)65
09-20 03:52:31.318 15695 15721 D OTA-COMPOSER: 97InstallState.processMessage(Line:91)current MSG 65
09-20 03:52:31.318 15695 15721 I OTA-COMPOSER: 100InstallState.processMessage(Line:103)installing
09-20 03:52:31.319 15695 15721 I OTA-COMPOSER: 100InstallState.processMessage(Line:107)get soc install msg
09-20 03:52:31.320 15695 15721 I OTA-COMPOSER: 100InstallState.updateInstallationProgress(Line:151)Soc progress is 99
09-20 03:52:31.321 15695 15721 I OTA-COMPOSER: 100InstallState.updateInstallationProgress(Line:152)is soc install now 0x01
09-20 03:52:31.321 15695 15721 I OTA-COMPOSER: 100InstallState.updateInstallationProgress(Line:190)get percent update, notify to AGENT
09-20 03:52:31.322 15695 15721 I OTA-COMPOSER: 1OTAStateMachine.updateEcuStateList(Line:225)current Ecu State [EcuState: { ecu: Ecu: { nodeAddress: 0x01, ecuId: MQAAAAAAAAAAAAAAAAAAAA==, softwareId: , updateFilePath: [/storage/1CB9-1D2B/full_update.zip], rollbackFilePath: [], retryTimes: 0, reserved:  }, ecuUpdateState: INSTALLING, statusCode: 0, curStateProgress: 0 }]
09-20 03:52:31.322 15695 15721 I OTA-COMPOSER: 1OTAStateMachine.notifyProgress(Line:199)notify Agent the last data
09-20 03:52:31.323 15695 15721 D OTA-COMPOSER: 256ComposerModel.getInstance(Line:48)->getInstance()
09-20 03:52:31.325 15674 15690 I UPDATE_AGENT: OTAComposerProxy.notifyInstallState(Line:195)current ecu state INSTALLING && progress: 0
09-20 03:52:31.326 15674 15690 D UPDATE_AGENT: AgentModel.getInstance(Line:73)getInstance
09-20 03:52:31.327 15674 15711 D UPDATE_AGENT: DefaultState.processMessage(Line:128)DefaultState: 71
09-20 03:52:31.345  1595  1595 I update_engine: [INFO:filesystem_verifier_action.cc(330)] Hashing partition 6 (vendor_boot) on device /dev/block/bootdevice/by-name/vendor_boot_b
09-20 03:52:31.375  1595  1595 I update_engine: [INFO:filesystem_verifier_action.cc(380)] Verity writes disabled on partition vendor_boot
09-20 03:52:31.409 15695 15712 D OTA-COMPOSER: 28673UpdateEngineProxy$1.onStatusUpdate(Line:91)onStatusUpdate:      status = 4   percent = 0.2750217
09-20 03:52:31.410 15695 15712 D OTA-COMPOSER: 28673UpdateEngineProxy.statusUpdate(Line:250)status: 4 (int) percent 99
09-20 03:52:31.410 15695 15712 D OTA-COMPOSER: 28673UpdateEngineProxy.statusUpdate(Line:251)status: 4 Math.round(percent) 99
09-20 03:52:31.412 15695 15721 I OTA-COMPOSER: 17DefaultState.processMessage(Line:136)65
09-20 03:52:31.412 15695 15721 D OTA-COMPOSER: 97InstallState.processMessage(Line:91)current MSG 65
09-20 03:52:31.413 15695 15721 I OTA-COMPOSER: 100InstallState.processMessage(Line:103)installing
09-20 03:52:31.414 15695 15721 I OTA-COMPOSER: 100InstallState.processMessage(Line:107)get soc install msg
09-20 03:52:31.414 15695 15721 I OTA-COMPOSER: 100InstallState.updateInstallationProgress(Line:151)Soc progress is 99
09-20 03:52:31.415 15695 15721 I OTA-COMPOSER: 100InstallState.updateInstallationProgress(Line:152)is soc install now 0x01
09-20 03:52:31.415 15695 15721 I OTA-COMPOSER: 100InstallState.updateInstallationProgress(Line:190)get percent update, notify to AGENT
09-20 03:52:31.416 15695 15721 I OTA-COMPOSER: 1OTAStateMachine.updateEcuStateList(Line:225)current Ecu State [EcuState: { ecu: Ecu: { nodeAddress: 0x01, ecuId: MQAAAAAAAAAAAAAAAAAAAA==, softwareId: , updateFilePath: [/storage/1CB9-1D2B/full_update.zip], rollbackFilePath: [], retryTimes: 0, reserved:  }, ecuUpdateState: INSTALLING, statusCode: 0, curStateProgress: 0 }]
09-20 03:52:31.417 15695 15721 I OTA-COMPOSER: 1OTAStateMachine.notifyProgress(Line:199)notify Agent the last data
09-20 03:52:31.417 15695 15721 D OTA-COMPOSER: 256ComposerModel.getInstance(Line:48)->getInstance()
09-20 03:52:31.703 15695 15712 D OTA-COMPOSER: 28673UpdateEngineProxy$1.onStatusUpdate(Line:91)onStatusUpdate:      status = 4   percent = 0.28502604
09-20 03:52:31.703 15695 15712 D OTA-COMPOSER: 28673UpdateEngineProxy.statusUpdate(Line:250)status: 4 (int) percent 99
09-20 03:52:31.704 15695 15712 D OTA-COMPOSER: 28673UpdateEngineProxy.statusUpdate(Line:251)status: 4 Math.round(percent) 99
09-20 03:52:31.705 15695 15721 I OTA-COMPOSER: 17DefaultState.processMessage(Line:136)65
09-20 03:52:31.705 15695 15721 D OTA-COMPOSER: 97InstallState.processMessage(Line:91)current MSG 65
09-20 03:52:31.706 15695 15721 I OTA-COMPOSER: 100InstallState.processMessage(Line:103)installing
09-20 03:52:31.706 15695 15721 I OTA-COMPOSER: 100InstallState.processMessage(Line:107)get soc install msg
09-20 03:52:31.707 15695 15721 I OTA-COMPOSER: 100InstallState.updateInstallationProgress(Line:151)Soc progress is 99
09-20 03:52:31.708 15695 15721 I OTA-COMPOSER: 100InstallState.updateInstallationProgress(Line:152)is soc install now 0x01
09-20 03:52:31.708 15695 15721 I OTA-COMPOSER: 100InstallState.updateInstallationProgress(Line:190)get percent update, notify to AGENT
09-20 03:52:31.709 15695 15721 I OTA-COMPOSER: 1OTAStateMachine.updateEcuStateList(Line:225)current Ecu State [EcuState: { ecu: Ecu: { nodeAddress: 0x01, ecuId: MQAAAAAAAAAAAAAAAAAAAA==, softwareId: , updateFilePath: [/storage/1CB9-1D2B/full_update.zip], rollbackFilePath: [], retryTimes: 0, reserved:  }, ecuUpdateState: INSTALLING, statusCode: 0, curStateProgress: 0 }]
09-20 03:52:31.709 15695 15721 I OTA-COMPOSER: 1OTAStateMachine.notifyProgress(Line:199)notify Agent the last data
09-20 03:52:31.710 15695 15721 D OTA-COMPOSER: 256ComposerModel.getInstance(Line:48)->getInstance()
09-20 03:52:31.420 15674 15690 I UPDATE_AGENT: OTAComposerProxy.notifyInstallState(Line:195)current ecu state INSTALLING && progress: 0
09-20 03:52:31.421 15674 15690 D UPDATE_AGENT: AgentModel.getInstance(Line:73)getInstance
09-20 03:52:31.423 15674 15711 D UPDATE_AGENT: DefaultState.processMessage(Line:128)DefaultState: 71
09-20 03:52:31.712 15674 15690 I UPDATE_AGENT: OTAComposerProxy.notifyInstallState(Line:195)current ecu state INSTALLING && progress: 0
09-20 03:52:31.713 15674 15690 D UPDATE_AGENT: AgentModel.getInstance(Line:73)getInstance
09-20 03:52:31.714 15674 15711 D UPDATE_AGENT: DefaultState.processMessage(Line:128)DefaultState: 71
09-20 03:52:31.891  1595  1595 I update_engine: [INFO:filesystem_verifier_action.cc(436)] Hash of vendor_boot: QwYaeRQb4Mb2jFLFkL1wCCJx25RwOCqO9T/HRQL0Kjs=
09-20 03:52:32.043  1595  1595 I update_engine: [INFO:filesystem_verifier_action.cc(330)] Hashing partition 7 (abl) on device /dev/block/bootdevice/by-name/abl_b
09-20 03:52:32.076  1595  1595 I update_engine: [INFO:filesystem_verifier_action.cc(380)] Verity writes disabled on partition abl
09-20 03:52:32.110 15695 15712 D OTA-COMPOSER: 28673UpdateEngineProxy$1.onStatusUpdate(Line:91)onStatusUpdate:      status = 4   percent = 0.32967478
09-20 03:52:32.111 15695 15712 D OTA-COMPOSER: 28673UpdateEngineProxy.statusUpdate(Line:250)status: 4 (int) percent 99
09-20 03:52:32.111 15695 15712 D OTA-COMPOSER: 28673UpdateEngineProxy.statusUpdate(Line:251)status: 4 Math.round(percent) 99
09-20 03:52:32.113 15695 15721 I OTA-COMPOSER: 17DefaultState.processMessage(Line:136)65
09-20 03:52:32.114 15695 15721 D OTA-COMPOSER: 97InstallState.processMessage(Line:91)current MSG 65
09-20 03:52:32.111  1595  1595 I update_engine: [INFO:filesystem_verifier_action.cc(436)] Hash of abl: jvTsj7GxEQ00Bde0mpzSGncDmsuXdSj3fQMm2p8rg+Q=
09-20 03:52:32.115 15695 15721 I OTA-COMPOSER: 100InstallState.processMessage(Line:103)installing
09-20 03:52:32.116 15695 15721 I OTA-COMPOSER: 100InstallState.processMessage(Line:107)get soc install msg
09-20 03:52:32.117 15695 15721 I OTA-COMPOSER: 100InstallState.updateInstallationProgress(Line:151)Soc progress is 99
09-20 03:52:32.118 15695 15721 I OTA-COMPOSER: 100InstallState.updateInstallationProgress(Line:152)is soc install now 0x01
09-20 03:52:32.119 15695 15721 I OTA-COMPOSER: 100InstallState.updateInstallationProgress(Line:190)get percent update, notify to AGENT
09-20 03:52:32.120 15695 15721 I OTA-COMPOSER: 1OTAStateMachine.updateEcuStateList(Line:225)current Ecu State [EcuState: { ecu: Ecu: { nodeAddress: 0x01, ecuId: MQAAAAAAAAAAAAAAAAAAAA==, softwareId: , updateFilePath: [/storage/1CB9-1D2B/full_update.zip], rollbackFilePath: [], retryTimes: 0, reserved:  }, ecuUpdateState: INSTALLING, statusCode: 0, curStateProgress: 0 }]
09-20 03:52:32.120 15695 15721 I OTA-COMPOSER: 1OTAStateMachine.notifyProgress(Line:199)notify Agent the last data
09-20 03:52:32.121 15695 15721 D OTA-COMPOSER: 256ComposerModel.getInstance(Line:48)->getInstance()
09-20 03:52:32.123 15674 15690 I UPDATE_AGENT: OTAComposerProxy.notifyInstallState(Line:195)current ecu state INSTALLING && progress: 0
09-20 03:52:32.124 15674 15690 D UPDATE_AGENT: AgentModel.getInstance(Line:73)getInstance
09-20 03:52:32.127 15674 15711 D UPDATE_AGENT: DefaultState.processMessage(Line:128)DefaultState: 71
09-20 03:52:32.142  1595  1595 I update_engine: [INFO:filesystem_verifier_action.cc(330)] Hashing partition 8 (aop) on device /dev/block/bootdevice/by-name/aop_b
09-20 03:52:32.173  1595  1595 I update_engine: [INFO:filesystem_verifier_action.cc(380)] Verity writes disabled on partition aop
09-20 03:52:32.207 15695 15712 D OTA-COMPOSER: 28673UpdateEngineProxy$1.onStatusUpdate(Line:91)onStatusUpdate:      status = 4   percent = 0.36968085
09-20 03:52:32.208 15695 15712 D OTA-COMPOSER: 28673UpdateEngineProxy.statusUpdate(Line:250)status: 4 (int) percent 99
09-20 03:52:32.208 15695 15712 D OTA-COMPOSER: 28673UpdateEngineProxy.statusUpdate(Line:251)status: 4 Math.round(percent) 99
09-20 03:52:32.207  1595  1595 I update_engine: [INFO:filesystem_verifier_action.cc(436)] Hash of aop: u8wNxolrnt3rVKD+sqfw0iWxDJvpo+QERWXBtmaKByg=
09-20 03:52:32.209 15695 15721 I OTA-COMPOSER: 17DefaultState.processMessage(Line:136)65
09-20 03:52:32.210 15695 15721 D OTA-COMPOSER: 97InstallState.processMessage(Line:91)current MSG 65
09-20 03:52:32.211 15695 15721 I OTA-COMPOSER: 100InstallState.processMessage(Line:103)installing
09-20 03:52:32.211 15695 15721 I OTA-COMPOSER: 100InstallState.processMessage(Line:107)get soc install msg
09-20 03:52:32.212 15695 15721 I OTA-COMPOSER: 100InstallState.updateInstallationProgress(Line:151)Soc progress is 99
09-20 03:52:32.213 15695 15721 I OTA-COMPOSER: 100InstallState.updateInstallationProgress(Line:152)is soc install now 0x01
09-20 03:52:32.213 15695 15721 I OTA-COMPOSER: 100InstallState.updateInstallationProgress(Line:190)get percent update, notify to AGENT
09-20 03:52:32.214 15695 15721 I OTA-COMPOSER: 1OTAStateMachine.updateEcuStateList(Line:225)current Ecu State [EcuState: { ecu: Ecu: { nodeAddress: 0x01, ecuId: MQAAAAAAAAAAAAAAAAAAAA==, softwareId: , updateFilePath: [/storage/1CB9-1D2B/full_update.zip], rollbackFilePath: [], retryTimes: 0, reserved:  }, ecuUpdateState: INSTALLING, statusCode: 0, curStateProgress: 0 }]
09-20 03:52:32.215 15695 15721 I OTA-COMPOSER: 1OTAStateMachine.notifyProgress(Line:199)notify Agent the last data
09-20 03:52:32.215 15695 15721 D OTA-COMPOSER: 256ComposerModel.getInstance(Line:48)->getInstance()
09-20 03:52:32.218 15674 15690 I UPDATE_AGENT: OTAComposerProxy.notifyInstallState(Line:195)current ecu state INSTALLING && progress: 0
09-20 03:52:32.219 15674 15690 D UPDATE_AGENT: AgentModel.getInstance(Line:73)getInstance
09-20 03:52:32.221 15674 15711 D UPDATE_AGENT: DefaultState.processMessage(Line:128)DefaultState: 71
09-20 03:52:32.239  1595  1595 I update_engine: [INFO:filesystem_verifier_action.cc(330)] Hashing partition 9 (bluetooth) on device /dev/block/bootdevice/by-name/bluetooth_b
09-20 03:52:32.270  1595  1595 I update_engine: [INFO:filesystem_verifier_action.cc(380)] Verity writes disabled on partition bluetooth
09-20 03:52:32.305 15695 15712 D OTA-COMPOSER: 28673UpdateEngineProxy$1.onStatusUpdate(Line:91)onStatusUpdate:      status = 4   percent = 0.40969697
09-20 03:52:32.306 15695 15712 D OTA-COMPOSER: 28673UpdateEngineProxy.statusUpdate(Line:250)status: 4 (int) percent 99
09-20 03:52:32.307 15695 15712 D OTA-COMPOSER: 28673UpdateEngineProxy.statusUpdate(Line:251)status: 4 Math.round(percent) 99
09-20 03:52:32.306  1595  1595 I update_engine: [INFO:filesystem_verifier_action.cc(436)] Hash of bluetooth: 7b61sEaixXq0ngrprvpPC8N49TQXDpB8videZxWuP+c=
09-20 03:52:32.308 15695 15721 I OTA-COMPOSER: 17DefaultState.processMessage(Line:136)65
09-20 03:52:32.309 15695 15721 D OTA-COMPOSER: 97InstallState.processMessage(Line:91)current MSG 65
09-20 03:52:32.311 15695 15721 I OTA-COMPOSER: 100InstallState.processMessage(Line:103)installing
09-20 03:52:32.311 15695 15721 I OTA-COMPOSER: 100InstallState.processMessage(Line:107)get soc install msg
09-20 03:52:32.312 15695 15721 I OTA-COMPOSER: 100InstallState.updateInstallationProgress(Line:151)Soc progress is 99
09-20 03:52:32.313 15695 15721 I OTA-COMPOSER: 100InstallState.updateInstallationProgress(Line:152)is soc install now 0x01
09-20 03:52:32.313 15695 15721 I OTA-COMPOSER: 100InstallState.updateInstallationProgress(Line:190)get percent update, notify to AGENT
09-20 03:52:32.314 15695 15721 I OTA-COMPOSER: 1OTAStateMachine.updateEcuStateList(Line:225)current Ecu State [EcuState: { ecu: Ecu: { nodeAddress: 0x01, ecuId: MQAAAAAAAAAAAAAAAAAAAA==, softwareId: , updateFilePath: [/storage/1CB9-1D2B/full_update.zip], rollbackFilePath: [], retryTimes: 0, reserved:  }, ecuUpdateState: INSTALLING, statusCode: 0, curStateProgress: 0 }]
09-20 03:52:32.315 15695 15721 I OTA-COMPOSER: 1OTAStateMachine.notifyProgress(Line:199)notify Agent the last data
09-20 03:52:32.315 15695 15721 D OTA-COMPOSER: 256ComposerModel.getInstance(Line:48)->getInstance()
09-20 03:52:32.411 15695 15712 D OTA-COMPOSER: 28673UpdateEngineProxy$1.onStatusUpdate(Line:91)onStatusUpdate:      status = 4   percent = 0.44710883
09-20 03:52:32.412 15695 15712 D OTA-COMPOSER: 28673UpdateEngineProxy.statusUpdate(Line:250)status: 4 (int) percent 99
09-20 03:52:32.413 15695 15712 D OTA-COMPOSER: 28673UpdateEngineProxy.statusUpdate(Line:251)status: 4 Math.round(percent) 99
09-20 03:52:32.416 15695 15721 I OTA-COMPOSER: 17DefaultState.processMessage(Line:136)65
09-20 03:52:32.417 15695 15721 D OTA-COMPOSER: 97InstallState.processMessage(Line:91)current MSG 65
09-20 03:52:32.418 15695 15721 I OTA-COMPOSER: 100InstallState.processMessage(Line:103)installing
09-20 03:52:32.418 15695 15721 I OTA-COMPOSER: 100InstallState.processMessage(Line:107)get soc install msg
09-20 03:52:32.419 15695 15721 I OTA-COMPOSER: 100InstallState.updateInstallationProgress(Line:151)Soc progress is 99
09-20 03:52:32.419 15695 15721 I OTA-COMPOSER: 100InstallState.updateInstallationProgress(Line:152)is soc install now 0x01
09-20 03:52:32.420 15695 15721 I OTA-COMPOSER: 100InstallState.updateInstallationProgress(Line:190)get percent update, notify to AGENT
09-20 03:52:32.421 15695 15721 I OTA-COMPOSER: 1OTAStateMachine.updateEcuStateList(Line:225)current Ecu State [EcuState: { ecu: Ecu: { nodeAddress: 0x01, ecuId: MQAAAAAAAAAAAAAAAAAAAA==, softwareId: , updateFilePath: [/storage/1CB9-1D2B/full_update.zip], rollbackFilePath: [], retryTimes: 0, reserved:  }, ecuUpdateState: INSTALLING, statusCode: 0, curStateProgress: 0 }]
09-20 03:52:32.422 15695 15721 I OTA-COMPOSER: 1OTAStateMachine.notifyProgress(Line:199)notify Agent the last data
09-20 03:52:32.422 15695 15712 D OTA-COMPOSER: 28673UpdateEngineProxy$1.onStatusUpdate(Line:91)onStatusUpdate:      status = 4   percent = 0.4579932
09-20 03:52:32.423 15695 15721 D OTA-COMPOSER: 256ComposerModel.getInstance(Line:48)->getInstance()
09-20 03:52:32.423 15695 15712 D OTA-COMPOSER: 28673UpdateEngineProxy.statusUpdate(Line:250)status: 4 (int) percent 99
09-20 03:52:32.424 15695 15712 D OTA-COMPOSER: 28673UpdateEngineProxy.statusUpdate(Line:251)status: 4 Math.round(percent) 99
09-20 03:52:32.430 15695 15721 I OTA-COMPOSER: 17DefaultState.processMessage(Line:136)65
09-20 03:52:32.431 15695 15721 D OTA-COMPOSER: 97InstallState.processMessage(Line:91)current MSG 65
09-20 03:52:32.432 15695 15721 I OTA-COMPOSER: 100InstallState.processMessage(Line:103)installing
09-20 03:52:32.432 15695 15721 I OTA-COMPOSER: 100InstallState.processMessage(Line:107)get soc install msg
09-20 03:52:32.433 15695 15721 I OTA-COMPOSER: 100InstallState.updateInstallationProgress(Line:151)Soc progress is 99
09-20 03:52:32.434 15695 15721 I OTA-COMPOSER: 100InstallState.updateInstallationProgress(Line:152)is soc install now 0x01
09-20 03:52:32.434 15695 15721 I OTA-COMPOSER: 100InstallState.updateInstallationProgress(Line:190)get percent update, notify to AGENT
09-20 03:52:32.435 15695 15721 I OTA-COMPOSER: 1OTAStateMachine.updateEcuStateList(Line:225)current Ecu State [EcuState: { ecu: Ecu: { nodeAddress: 0x01, ecuId: MQAAAAAAAAAAAAAAAAAAAA==, softwareId: , updateFilePath: [/storage/1CB9-1D2B/full_update.zip], rollbackFilePath: [], retryTimes: 0, reserved:  }, ecuUpdateState: INSTALLING, statusCode: 0, curStateProgress: 0 }]
09-20 03:52:32.318 15674 15690 I UPDATE_AGENT: OTAComposerProxy.notifyInstallState(Line:195)current ecu state INSTALLING && progress: 0
09-20 03:52:32.319 15674 15690 D UPDATE_AGENT: AgentModel.getInstance(Line:73)getInstance
09-20 03:52:32.321 15674 15711 D UPDATE_AGENT: DefaultState.processMessage(Line:128)DefaultState: 71
09-20 03:52:32.427 15674 15690 I UPDATE_AGENT: OTAComposerProxy.notifyInstallState(Line:195)current ecu state INSTALLING && progress: 0
09-20 03:52:32.428 15674 15690 D UPDATE_AGENT: AgentModel.getInstance(Line:73)getInstance
09-20 03:52:32.434 15674 15711 D UPDATE_AGENT: DefaultState.processMessage(Line:128)DefaultState: 71
09-20 03:52:32.439 15674 15690 I UPDATE_AGENT: OTAComposerProxy.notifyInstallState(Line:195)current ecu state INSTALLING && progress: 0
09-20 03:52:32.440 15674 15690 D UPDATE_AGENT: AgentModel.getInstance(Line:73)getInstance
09-20 03:52:32.441 15674 15711 D UPDATE_AGENT: DefaultState.processMessage(Line:128)DefaultState: 71
09-20 03:52:32.529 15674 15690 I UPDATE_AGENT: OTAComposerProxy.notifyInstallState(Line:195)current ecu state INSTALLING && progress: 0
09-20 03:52:32.530 15674 15690 D UPDATE_AGENT: AgentModel.getInstance(Line:73)getInstance
09-20 03:52:32.531 15674 15711 D UPDATE_AGENT: DefaultState.processMessage(Line:128)DefaultState: 71
09-20 03:52:32.538 15674 15690 I UPDATE_AGENT: OTAComposerProxy.notifyInstallState(Line:195)current ecu state INSTALLING && progress: 0
09-20 03:52:32.539 15674 15690 D UPDATE_AGENT: AgentModel.getInstance(Line:73)getInstance
09-20 03:52:32.541 15674 15711 D UPDATE_AGENT: DefaultState.processMessage(Line:128)DefaultState: 71
09-20 03:52:32.631 15674 15690 I UPDATE_AGENT: OTAComposerProxy.notifyInstallState(Line:195)current ecu state INSTALLING && progress: 0
09-20 03:52:32.632 15674 15690 D UPDATE_AGENT: AgentModel.getInstance(Line:73)getInstance
09-20 03:52:32.633 15674 15711 D UPDATE_AGENT: DefaultState.processMessage(Line:128)DefaultState: 71
09-20 03:52:32.727 15674 15690 I UPDATE_AGENT: OTAComposerProxy.notifyInstallState(Line:195)current ecu state INSTALLING && progress: 0
09-20 03:52:32.728 15674 15690 D UPDATE_AGENT: AgentModel.getInstance(Line:73)getInstance
09-20 03:52:32.729 15674 15711 D UPDATE_AGENT: DefaultState.processMessage(Line:128)DefaultState: 71
09-20 03:52:32.928 15674 15690 I UPDATE_AGENT: OTAComposerProxy.notifyInstallState(Line:195)current ecu state INSTALLING && progress: 0
09-20 03:52:32.929 15674 15690 D UPDATE_AGENT: AgentModel.getInstance(Line:73)getInstance
09-20 03:52:32.930 15674 15711 D UPDATE_AGENT: DefaultState.processMessage(Line:128)DefaultState: 71
09-20 03:52:32.340  1595  1595 I update_engine: [INFO:filesystem_verifier_action.cc(330)] Hashing partition 10 (cmnlib) on device /dev/block/bootdevice/by-name/cmnlib_b
09-20 03:52:32.372  1595  1595 I update_engine: [INFO:filesystem_verifier_action.cc(380)] Verity writes disabled on partition cmnlib
09-20 03:52:32.415  1595  1595 I update_engine: [INFO:filesystem_verifier_action.cc(436)] Hash of cmnlib: DRJA5sI9LqH9Fwev2qkHyhBoADfHrBu3ICpdU/YCJ0E=
09-20 03:52:32.450  1595  1595 I update_engine: [INFO:filesystem_verifier_action.cc(330)] Hashing partition 11 (cmnlib64) on device /dev/block/bootdevice/by-name/cmnlib64_b
09-20 03:52:32.483  1595  1595 I update_engine: [INFO:filesystem_verifier_action.cc(380)] Verity writes disabled on partition cmnlib64
09-20 03:52:32.522  1595  1595 I update_engine: [INFO:filesystem_verifier_action.cc(436)] Hash of cmnlib64: pJA95cHNvPSkFnP1k9m7Q3rsN8NfT+IY6ZaIRvpyMvc=
09-20 03:52:32.557  1595  1595 I update_engine: [INFO:filesystem_verifier_action.cc(330)] Hashing partition 12 (devcfg) on device /dev/block/bootdevice/by-name/devcfg_b
09-20 03:52:32.588  1595  1595 I update_engine: [INFO:filesystem_verifier_action.cc(380)] Verity writes disabled on partition devcfg
09-20 03:52:32.436 15695 15721 I OTA-COMPOSER: 1OTAStateMachine.notifyProgress(Line:199)notify Agent the last data
09-20 03:52:32.436 15695 15721 D OTA-COMPOSER: 256ComposerModel.getInstance(Line:48)->getInstance()
09-20 03:52:32.518 15695 15712 D OTA-COMPOSER: 28673UpdateEngineProxy$1.onStatusUpdate(Line:91)onStatusUpdate:      status = 4   percent = 0.4875328
09-20 03:52:32.519 15695 15712 D OTA-COMPOSER: 28673UpdateEngineProxy.statusUpdate(Line:250)status: 4 (int) percent 99
09-20 03:52:32.520 15695 15712 D OTA-COMPOSER: 28673UpdateEngineProxy.statusUpdate(Line:251)status: 4 Math.round(percent) 99
09-20 03:52:32.521 15695 15721 I OTA-COMPOSER: 17DefaultState.processMessage(Line:136)65
09-20 03:52:32.521 15695 15721 D OTA-COMPOSER: 97InstallState.processMessage(Line:91)current MSG 65
09-20 03:52:32.522 15695 15721 I OTA-COMPOSER: 100InstallState.processMessage(Line:103)installing
09-20 03:52:32.523 15695 15721 I OTA-COMPOSER: 100InstallState.processMessage(Line:107)get soc install msg
09-20 03:52:32.523 15695 15712 D OTA-COMPOSER: 28673UpdateEngineProxy$1.onStatusUpdate(Line:91)onStatusUpdate:      status = 4   percent = 0.5
09-20 03:52:32.523 15695 15721 I OTA-COMPOSER: 100InstallState.updateInstallationProgress(Line:151)Soc progress is 99
09-20 03:52:32.524 15695 15712 D OTA-COMPOSER: 28673UpdateEngineProxy.statusUpdate(Line:250)status: 4 (int) percent 99
09-20 03:52:32.524 15695 15721 I OTA-COMPOSER: 100InstallState.updateInstallationProgress(Line:152)is soc install now 0x01
09-20 03:52:32.524 15695 15712 D OTA-COMPOSER: 28673UpdateEngineProxy.statusUpdate(Line:251)status: 4 Math.round(percent) 99
09-20 03:52:32.525 15695 15721 I OTA-COMPOSER: 100InstallState.updateInstallationProgress(Line:190)get percent update, notify to AGENT
09-20 03:52:32.525 15695 15721 I OTA-COMPOSER: 1OTAStateMachine.updateEcuStateList(Line:225)current Ecu State [EcuState: { ecu: Ecu: { nodeAddress: 0x01, ecuId: MQAAAAAAAAAAAAAAAAAAAA==, softwareId: , updateFilePath: [/storage/1CB9-1D2B/full_update.zip], rollbackFilePath: [], retryTimes: 0, reserved:  }, ecuUpdateState: INSTALLING, statusCode: 0, curStateProgress: 0 }]
09-20 03:52:32.526 15695 15721 I OTA-COMPOSER: 1OTAStateMachine.notifyProgress(Line:199)notify Agent the last data
09-20 03:52:32.526 15695 15721 D OTA-COMPOSER: 256ComposerModel.getInstance(Line:48)->getInstance()
09-20 03:52:32.531 15695 15721 I OTA-COMPOSER: 17DefaultState.processMessage(Line:136)65
09-20 03:52:32.532 15695 15721 D OTA-COMPOSER: 97InstallState.processMessage(Line:91)current MSG 65
09-20 03:52:32.533 15695 15721 I OTA-COMPOSER: 100InstallState.processMessage(Line:103)installing
09-20 03:52:32.533 15695 15721 I OTA-COMPOSER: 100InstallState.processMessage(Line:107)get soc install msg
09-20 03:52:32.534 15695 15721 I OTA-COMPOSER: 100InstallState.updateInstallationProgress(Line:151)Soc progress is 99
09-20 03:52:32.534 15695 15721 I OTA-COMPOSER: 100InstallState.updateInstallationProgress(Line:152)is soc install now 0x01
09-20 03:52:32.535 15695 15721 I OTA-COMPOSER: 100InstallState.updateInstallationProgress(Line:190)get percent update, notify to AGENT
09-20 03:52:32.535 15695 15721 I OTA-COMPOSER: 1OTAStateMachine.updateEcuStateList(Line:225)current Ecu State [EcuState: { ecu: Ecu: { nodeAddress: 0x01, ecuId: MQAAAAAAAAAAAAAAAAAAAA==, softwareId: , updateFilePath: [/storage/1CB9-1D2B/full_update.zip], rollbackFilePath: [], retryTimes: 0, reserved:  }, ecuUpdateState: INSTALLING, statusCode: 0, curStateProgress: 0 }]
09-20 03:52:32.536 15695 15721 I OTA-COMPOSER: 1OTAStateMachine.notifyProgress(Line:199)notify Agent the last data
09-20 03:52:32.536 15695 15721 D OTA-COMPOSER: 256ComposerModel.getInstance(Line:48)->getInstance()
09-20 03:52:33.229 15674 15690 I UPDATE_AGENT: OTAComposerProxy.notifyInstallState(Line:195)current ecu state INSTALLING && progress: 0
09-20 03:52:33.230 15674 15690 D UPDATE_AGENT: AgentModel.getInstance(Line:73)getInstance
09-20 03:52:33.231 15674 15711 D UPDATE_AGENT: DefaultState.processMessage(Line:128)DefaultState: 71
09-20 03:52:33.260 15674 15690 I UPDATE_AGENT: OTAComposerProxy.notifyInstallState(Line:195)current ecu state INSTALLING && progress: 0
09-20 03:52:33.261 15674 15690 D UPDATE_AGENT: AgentModel.getInstance(Line:73)getInstance
09-20 03:52:33.262 15674 15711 D UPDATE_AGENT: DefaultState.processMessage(Line:128)DefaultState: 71
09-20 03:52:33.382 15674 15690 I UPDATE_AGENT: OTAComposerProxy.notifyInstallState(Line:195)current ecu state INSTALLING && progress: 0
09-20 03:52:33.383 15674 15690 D UPDATE_AGENT: AgentModel.getInstance(Line:73)getInstance
09-20 03:52:33.384 15674 15711 D UPDATE_AGENT: DefaultState.processMessage(Line:128)DefaultState: 71
09-20 03:52:33.391 15674 15690 I UPDATE_AGENT: OTAComposerProxy.notifyInstallState(Line:195)current ecu state INSTALLING && progress: 0
09-20 03:52:33.391 15674 15690 D UPDATE_AGENT: AgentModel.getInstance(Line:73)getInstance
09-20 03:52:33.392 15674 15711 D UPDATE_AGENT: DefaultState.processMessage(Line:128)DefaultState: 71
09-20 03:52:33.491 15674 15690 I UPDATE_AGENT: OTAComposerProxy.notifyInstallState(Line:195)current ecu state INSTALLING && progress: 0
09-20 03:52:33.492 15674 15690 D UPDATE_AGENT: AgentModel.getInstance(Line:73)getInstance
09-20 03:52:33.498 15674 15711 D UPDATE_AGENT: DefaultState.processMessage(Line:128)DefaultState: 71
09-20 03:52:33.507 15674 15690 I UPDATE_AGENT: OTAComposerProxy.notifyInstallState(Line:195)current ecu state INSTALLING && progress: 0
09-20 03:52:33.508 15674 15690 D UPDATE_AGENT: AgentModel.getInstance(Line:73)getInstance
09-20 03:52:33.509 15674 15711 D UPDATE_AGENT: DefaultState.processMessage(Line:128)DefaultState: 71
09-20 03:52:33.602 15674 15690 I UPDATE_AGENT: OTAComposerProxy.notifyInstallState(Line:195)current ecu state INSTALLING && progress: 0
09-20 03:52:33.602 15674 15690 D UPDATE_AGENT: AgentModel.getInstance(Line:73)getInstance
09-20 03:52:33.604 15674 15711 D UPDATE_AGENT: DefaultState.processMessage(Line:128)DefaultState: 71
09-20 03:52:33.708 15674 15690 I UPDATE_AGENT: OTAComposerProxy.notifyInstallState(Line:195)current ecu state INSTALLING && progress: 0
09-20 03:52:33.709 15674 15690 D UPDATE_AGENT: AgentModel.getInstance(Line:73)getInstance
09-20 03:52:33.710 15674 15711 D UPDATE_AGENT: DefaultState.processMessage(Line:128)DefaultState: 71
09-20 03:52:32.619  1595  1595 I update_engine: [INFO:filesystem_verifier_action.cc(436)] Hash of devcfg: RV+fbaTKxKcZxdVhJs2j9sh7UR2B5IqyHP14op102Lw=
09-20 03:52:32.648  1595  1595 I update_engine: [INFO:filesystem_verifier_action.cc(330)] Hashing partition 13 (dsp) on device /dev/block/bootdevice/by-name/dsp_b
09-20 03:52:32.678  1595  1595 I update_engine: [INFO:filesystem_verifier_action.cc(380)] Verity writes disabled on partition dsp
09-20 03:52:33.039  1595  1595 I update_engine: [INFO:filesystem_verifier_action.cc(436)] Hash of dsp: N8JndxdQU3F3FDfY2HFj7lViIBPtCe9mrO7PQmQ73uw=
09-20 03:52:33.154  1595  1595 I update_engine: [INFO:filesystem_verifier_action.cc(330)] Hashing partition 14 (dtbo) on device /dev/block/bootdevice/by-name/dtbo_b
09-20 03:52:33.186  1595  1595 I update_engine: [INFO:filesystem_verifier_action.cc(380)] Verity writes disabled on partition dtbo
09-20 03:52:33.266  1595  1595 I update_engine: [INFO:filesystem_verifier_action.cc(436)] Hash of dtbo: GJMRbpt56Jago+Fbgt8f4rx84XOUZTX/NJ1Bab5lErI=
09-20 03:52:33.306  1595  1595 I update_engine: [INFO:filesystem_verifier_action.cc(330)] Hashing partition 15 (hyp) on device /dev/block/bootdevice/by-name/hyp_b
09-20 03:52:32.620 15695 15712 D OTA-COMPOSER: 28673UpdateEngineProxy$1.onStatusUpdate(Line:91)onStatusUpdate:      status = 4   percent = 0.5416667
09-20 03:52:32.621 15695 15712 D OTA-COMPOSER: 28673UpdateEngineProxy.statusUpdate(Line:250)status: 4 (int) percent 99
09-20 03:52:32.621 15695 15712 D OTA-COMPOSER: 28673UpdateEngineProxy.statusUpdate(Line:251)status: 4 Math.round(percent) 99
09-20 03:52:32.622 15695 15721 I OTA-COMPOSER: 17DefaultState.processMessage(Line:136)65
09-20 03:52:32.623 15695 15721 D OTA-COMPOSER: 97InstallState.processMessage(Line:91)current MSG 65
09-20 03:52:32.624 15695 15721 I OTA-COMPOSER: 100InstallState.processMessage(Line:103)installing
09-20 03:52:32.624 15695 15721 I OTA-COMPOSER: 100InstallState.processMessage(Line:107)get soc install msg
09-20 03:52:32.625 15695 15721 I OTA-COMPOSER: 100InstallState.updateInstallationProgress(Line:151)Soc progress is 99
09-20 03:52:32.626 15695 15721 I OTA-COMPOSER: 100InstallState.updateInstallationProgress(Line:152)is soc install now 0x01
09-20 03:52:32.626 15695 15721 I OTA-COMPOSER: 100InstallState.updateInstallationProgress(Line:190)get percent update, notify to AGENT
09-20 03:52:32.627 15695 15721 I OTA-COMPOSER: 1OTAStateMachine.updateEcuStateList(Line:225)current Ecu State [EcuState: { ecu: Ecu: { nodeAddress: 0x01, ecuId: MQAAAAAAAAAAAAAAAAAAAA==, softwareId: , updateFilePath: [/storage/1CB9-1D2B/full_update.zip], rollbackFilePath: [], retryTimes: 0, reserved:  }, ecuUpdateState: INSTALLING, statusCode: 0, curStateProgress: 0 }]
09-20 03:52:32.628 15695 15721 I OTA-COMPOSER: 1OTAStateMachine.notifyProgress(Line:199)notify Agent the last data
09-20 03:52:32.628 15695 15721 D OTA-COMPOSER: 256ComposerModel.getInstance(Line:48)->getInstance()
09-20 03:52:32.714 15695 15712 D OTA-COMPOSER: 28673UpdateEngineProxy$1.onStatusUpdate(Line:91)onStatusUpdate:      status = 4   percent = 0.5666992
09-20 03:52:32.715 15695 15712 D OTA-COMPOSER: 28673UpdateEngineProxy.statusUpdate(Line:250)status: 4 (int) percent 99
09-20 03:52:32.715 15695 15712 D OTA-COMPOSER: 28673UpdateEngineProxy.statusUpdate(Line:251)status: 4 Math.round(percent) 99
09-20 03:52:32.717 15695 15721 I OTA-COMPOSER: 17DefaultState.processMessage(Line:136)65
09-20 03:52:32.717 15695 15721 D OTA-COMPOSER: 97InstallState.processMessage(Line:91)current MSG 65
09-20 03:52:32.718 15695 15721 I OTA-COMPOSER: 100InstallState.processMessage(Line:103)installing
09-20 03:52:32.719 15695 15721 I OTA-COMPOSER: 100InstallState.processMessage(Line:107)get soc install msg
09-20 03:52:32.721 15695 15721 I OTA-COMPOSER: 100InstallState.updateInstallationProgress(Line:151)Soc progress is 99
09-20 03:52:32.722 15695 15721 I OTA-COMPOSER: 100InstallState.updateInstallationProgress(Line:152)is soc install now 0x01
09-20 03:52:32.722 15695 15721 I OTA-COMPOSER: 100InstallState.updateInstallationProgress(Line:190)get percent update, notify to AGENT
09-20 03:52:32.723 15695 15721 I OTA-COMPOSER: 1OTAStateMachine.updateEcuStateList(Line:225)current Ecu State [EcuState: { ecu: Ecu: { nodeAddress: 0x01, ecuId: MQAAAAAAAAAAAAAAAAAAAA==, softwareId: , updateFilePath: [/storage/1CB9-1D2B/full_update.zip], rollbackFilePath: [], retryTimes: 0, reserved:  }, ecuUpdateState: INSTALLING, statusCode: 0, curStateProgress: 0 }]
09-20 03:52:32.723 15695 15721 I OTA-COMPOSER: 1OTAStateMachine.notifyProgress(Line:199)notify Agent the last data
09-20 03:52:32.724 15695 15721 D OTA-COMPOSER: 256ComposerModel.getInstance(Line:48)->getInstance()
09-20 03:52:32.919 15695 15712 D OTA-COMPOSER: 28673UpdateEngineProxy$1.onStatusUpdate(Line:91)onStatusUpdate:      status = 4   percent = 0.57672524
09-20 03:52:32.920 15695 15712 D OTA-COMPOSER: 28673UpdateEngineProxy.statusUpdate(Line:250)status: 4 (int) percent 99
09-20 03:52:33.915 15674 15690 I UPDATE_AGENT: OTAComposerProxy.notifyInstallState(Line:195)current ecu state INSTALLING && progress: 0
09-20 03:52:33.916 15674 15690 D UPDATE_AGENT: AgentModel.getInstance(Line:73)getInstance
09-20 03:52:33.918 15674 15711 D UPDATE_AGENT: DefaultState.processMessage(Line:128)DefaultState: 71
09-20 03:52:34.022 15674 15690 I UPDATE_AGENT: OTAComposerProxy.notifyInstallState(Line:195)current ecu state INSTALLING && progress: 0
09-20 03:52:34.023 15674 15690 D UPDATE_AGENT: AgentModel.getInstance(Line:73)getInstance
09-20 03:52:34.025 15674 15711 D UPDATE_AGENT: DefaultState.processMessage(Line:128)DefaultState: 71
09-20 03:52:34.139 15674 15690 I UPDATE_AGENT: OTAComposerProxy.notifyInstallState(Line:195)current ecu state INSTALLING && progress: 0
09-20 03:52:34.140 15674 15690 D UPDATE_AGENT: AgentModel.getInstance(Line:73)getInstance
09-20 03:52:34.141 15674 15711 D UPDATE_AGENT: DefaultState.processMessage(Line:128)DefaultState: 71
09-20 03:52:34.154 15674 15690 I UPDATE_AGENT: OTAComposerProxy.notifyInstallState(Line:195)current ecu state INSTALLING && progress: 0
09-20 03:52:34.154 15674 15690 D UPDATE_AGENT: AgentModel.getInstance(Line:73)getInstance
09-20 03:52:34.155 15674 15711 D UPDATE_AGENT: DefaultState.processMessage(Line:128)DefaultState: 71
09-20 03:52:34.263 15674 15690 I UPDATE_AGENT: OTAComposerProxy.notifyInstallState(Line:195)current ecu state INSTALLING && progress: 0
09-20 03:52:34.263 15674 15690 D UPDATE_AGENT: AgentModel.getInstance(Line:73)getInstance
09-20 03:52:34.264 15674 15711 D UPDATE_AGENT: DefaultState.processMessage(Line:128)DefaultState: 71
09-20 03:52:34.373 15674 15690 I UPDATE_AGENT: OTAComposerProxy.notifyInstallState(Line:195)current ecu state INSTALLING && progress: 0
09-20 03:52:34.374 15674 15690 D UPDATE_AGENT: AgentModel.getInstance(Line:73)getInstance
09-20 03:52:34.375 15674 15711 D UPDATE_AGENT: DefaultState.processMessage(Line:128)DefaultState: 71
09-20 03:52:34.385 15674 15690 I UPDATE_AGENT: OTAComposerProxy.notifyInstallState(Line:195)current ecu state INSTALLING && progress: 0
09-20 03:52:34.387 15674 15690 D UPDATE_AGENT: AgentModel.getInstance(Line:73)getInstance
09-20 03:52:34.389 15674 15711 D UPDATE_AGENT: DefaultState.processMessage(Line:128)DefaultState: 71
09-20 03:52:33.336  1595  1595 I update_engine: [INFO:filesystem_verifier_action.cc(380)] Verity writes disabled on partition hyp
09-20 03:52:33.374  1595  1595 I update_engine: [INFO:filesystem_verifier_action.cc(436)] Hash of hyp: ovPRRPhQ6u6Pq4r4QC5j21rlwnQLoJVuRtFdCtiAzn4=
09-20 03:52:33.407  1595  1595 I update_engine: [INFO:filesystem_verifier_action.cc(330)] Hashing partition 16 (keymaster) on device /dev/block/bootdevice/by-name/keymaster_b
09-20 03:52:33.441  1595  1595 I update_engine: [INFO:filesystem_verifier_action.cc(380)] Verity writes disabled on partition keymaster
09-20 03:52:33.481  1595  1595 I update_engine: [INFO:filesystem_verifier_action.cc(436)] Hash of keymaster: lYekC8sfCsCzhLUYOOlfwcRBi1BdcurhwSqmR/wLnqQ=
09-20 03:52:33.513  1595  1595 I update_engine: [INFO:filesystem_verifier_action.cc(330)] Hashing partition 17 (modem) on device /dev/block/bootdevice/by-name/modem_b
09-20 03:52:33.550  1595  1595 I update_engine: [INFO:filesystem_verifier_action.cc(380)] Verity writes disabled on partition modem
09-20 03:52:33.758  1595  1595 I update_engine: [INFO:filesystem_verifier_action.cc(436)] Hash of modem: gZOlzI+UrnZ+tQNvXHFpKEgfkhtKMrTN5Xnfejaed48=
09-20 03:52:33.834  1595  1595 I update_engine: [INFO:filesystem_verifier_action.cc(330)] Hashing partition 18 (qupfw) on device /dev/block/bootdevice/by-name/qupfw_b
09-20 03:52:33.871  1595  1595 I update_engine: [INFO:filesystem_verifier_action.cc(380)] Verity writes disabled on partition qupfw
09-20 03:52:33.903  1595  1595 I update_engine: [INFO:filesystem_verifier_action.cc(436)] Hash of qupfw: 9sgZXPWNfsoDPD1fP3QRgIW0wu4CmgrOh4kX1+21pKw=
09-20 03:52:32.920 15695 15712 D OTA-COMPOSER: 28673UpdateEngineProxy.statusUpdate(Line:251)status: 4 Math.round(percent) 99
09-20 03:52:32.921 15695 15721 I OTA-COMPOSER: 17DefaultState.processMessage(Line:136)65
09-20 03:52:32.921 15695 15721 D OTA-COMPOSER: 97InstallState.processMessage(Line:91)current MSG 65
09-20 03:52:34.499 15674 15690 I UPDATE_AGENT: OTAComposerProxy.notifyInstallState(Line:195)current ecu state INSTALLING && progress: 0
09-20 03:52:32.922 15695 15721 I OTA-COMPOSER: 100InstallState.processMessage(Line:103)installing
09-20 03:52:32.922 15695 15721 I OTA-COMPOSER: 100InstallState.processMessage(Line:107)get soc install msg
09-20 03:52:32.923 15695 15721 I OTA-COMPOSER: 100InstallState.updateInstallationProgress(Line:151)Soc progress is 99
09-20 03:52:34.500 15674 15690 D UPDATE_AGENT: AgentModel.getInstance(Line:73)getInstance
09-20 03:52:32.923 15695 15721 I OTA-COMPOSER: 100InstallState.updateInstallationProgress(Line:152)is soc install now 0x01
09-20 03:52:34.502 15674 15711 D UPDATE_AGENT: DefaultState.processMessage(Line:128)DefaultState: 71
09-20 03:52:32.924 15695 15721 I OTA-COMPOSER: 100InstallState.updateInstallationProgress(Line:190)get percent update, notify to AGENT
09-20 03:52:32.924 15695 15721 I OTA-COMPOSER: 1OTAStateMachine.updateEcuStateList(Line:225)current Ecu State [EcuState: { ecu: Ecu: { nodeAddress: 0x01, ecuId: MQAAAAAAAAAAAAAAAAAAAA==, softwareId: , updateFilePath: [/storage/1CB9-1D2B/full_update.zip], rollbackFilePath: [], retryTimes: 0, reserved:  }, ecuUpdateState: INSTALLING, statusCode: 0, curStateProgress: 0 }]
09-20 03:52:32.925 15695 15721 I OTA-COMPOSER: 1OTAStateMachine.notifyProgress(Line:199)notify Agent the last data
09-20 03:52:32.925 15695 15721 D OTA-COMPOSER: 256ComposerModel.getInstance(Line:48)->getInstance()
09-20 03:52:33.218 15695 15712 D OTA-COMPOSER: 28673UpdateEngineProxy$1.onStatusUpdate(Line:91)onStatusUpdate:      status = 4   percent = 0.60859376
09-20 03:52:33.219 15695 15712 D OTA-COMPOSER: 28673UpdateEngineProxy.statusUpdate(Line:250)status: 4 (int) percent 99
09-20 03:52:34.536 15674 15690 I UPDATE_AGENT: OTAComposerProxy.notifyInstallState(Line:195)current ecu state INSTALLING && progress: 0
09-20 03:52:33.219 15695 15712 D OTA-COMPOSER: 28673UpdateEngineProxy.statusUpdate(Line:251)status: 4 Math.round(percent) 99
09-20 03:52:34.537 15674 15690 D UPDATE_AGENT: AgentModel.getInstance(Line:73)getInstance
09-20 03:52:33.220 15695 15721 I OTA-COMPOSER: 17DefaultState.processMessage(Line:136)65
09-20 03:52:34.539 15674 15711 D UPDATE_AGENT: DefaultState.processMessage(Line:128)DefaultState: 71
09-20 03:52:33.221 15695 15721 D OTA-COMPOSER: 97InstallState.processMessage(Line:91)current MSG 65
09-20 03:52:33.221 15695 15721 I OTA-COMPOSER: 100InstallState.processMessage(Line:103)installing
09-20 03:52:33.222 15695 15721 I OTA-COMPOSER: 100InstallState.processMessage(Line:107)get soc install msg
09-20 03:52:33.223 15695 15721 I OTA-COMPOSER: 100InstallState.updateInstallationProgress(Line:151)Soc progress is 99
09-20 03:52:33.223 15695 15721 I OTA-COMPOSER: 100InstallState.updateInstallationProgress(Line:152)is soc install now 0x01
09-20 03:52:34.546 15674 15690 I UPDATE_AGENT: OTAComposerProxy.notifyInstallState(Line:195)current ecu state INSTALLING && progress: 0
09-20 03:52:33.224 15695 15721 I OTA-COMPOSER: 100InstallState.updateInstallationProgress(Line:190)get percent update, notify to AGENT
09-20 03:52:34.546 15674 15690 D UPDATE_AGENT: AgentModel.getInstance(Line:73)getInstance
