09-20 03:51:06.298 15674 15690 D UPDATE_AGENT: AgentModel.getInstance(Line:73)getInstance
09-20 03:51:06.295 15695 15721 I OTA-COMPOSER: 1OTAStateMachine.notifyProgress(Line:199)notify Agent the last data
09-20 03:51:06.295 15695 15721 D OTA-COMPOSER: 256ComposerModel.getInstance(Line:48)->getInstance()
09-20 03:51:06.299 15674 15711 D UPDATE_AGENT: DefaultState.processMessage(Line:128)DefaultState: 71
09-20 03:51:10.117  1595  1595 I update_engine: [INFO:partition_writer_factory_android.cc(44)] Virtual AB Compression disabled, using Partition Writer for `vbmeta`
09-20 03:51:10.152  1595  1595 I update_engine: [INFO:partition_writer.cc(295)] Opening /dev/block/bootdevice/by-name/vbmeta_b partition with O_DSYNC
09-20 03:51:10.183  1595  1595 I update_engine: [INFO:partition_writer.cc(100)] Caching writes.
09-20 03:51:10.212  1595  1595 I update_engine: [INFO:partition_writer.cc(307)] Applying 1 operations to partition "vbmeta"
09-20 03:51:10.250  1595  1595 I update_engine: [INFO:partition_writer_factory_android.cc(44)] Virtual AB Compression disabled, using Partition Writer for `vbmeta_system`
09-20 03:51:10.282  1595  1595 I update_engine: [INFO:partition_writer.cc(295)] Opening /dev/block/bootdevice/by-name/vbmeta_system_b partition with O_DSYNC
09-20 03:51:10.315  1595  1595 I update_engine: [INFO:partition_writer.cc(100)] Caching writes.
09-20 03:51:10.346  1595  1595 I update_engine: [INFO:partition_writer.cc(307)] Applying 1 operations to partition "vbmeta_system"
09-20 03:51:10.392  1595  1595 I update_engine: [INFO:partition_writer_factory_android.cc(44)] Virtual AB Compression disabled, using Partition Writer for `vendor_boot`
09-20 03:51:10.424  1595  1595 I update_engine: [INFO:partition_writer.cc(295)] Opening /dev/block/bootdevice/by-name/vendor_boot_b partition with O_DSYNC
09-20 03:51:10.457  1595  1595 I update_engine: [INFO:partition_writer.cc(100)] Caching writes.
09-20 03:51:10.487  1595  1595 I update_engine: [INFO:partition_writer.cc(307)] Applying 48 operations to partition "vendor_boot"
09-20 03:51:12.174 15695 15712 D OTA-COMPOSER: 28673UpdateEngineProxy$1.onStatusUpdate(Line:91)onStatusUpdate:      status = 3   percent = 0.9853213
09-20 03:51:12.175 15695 15712 D OTA-COMPOSER: 28673UpdateEngineProxy.statusUpdate(Line:250)status: 3 (int) percent 98
09-20 03:51:12.175 15695 15712 D OTA-COMPOSER: 28673UpdateEngineProxy.statusUpdate(Line:251)status: 3 Math.round(percent) 99
09-20 03:51:12.177 15695 15721 I OTA-COMPOSER: 17DefaultState.processMessage(Line:136)65
09-20 03:51:12.177 15695 15721 D OTA-COMPOSER: 97InstallState.processMessage(Line:91)current MSG 65
09-20 03:51:12.178 15695 15721 I OTA-COMPOSER: 100InstallState.processMessage(Line:103)installing
09-20 03:51:12.178 15695 15721 I OTA-COMPOSER: 100InstallState.processMessage(Line:107)get soc install msg
09-20 03:51:12.178 15695 15721 I OTA-COMPOSER: 100InstallState.updateInstallationProgress(Line:151)Soc progress is 99
09-20 03:51:12.179 15695 15721 I OTA-COMPOSER: 100InstallState.updateInstallationProgress(Line:152)is soc install now 0x01
09-20 03:51:12.179 15695 15721 I OTA-COMPOSER: 100InstallState.updateInstallationProgress(Line:190)get percent update, notify to AGENT
09-20 03:51:12.180 15695 15721 I OTA-COMPOSER: 1OTAStateMachine.updateEcuStateList(Line:225)current Ecu State [EcuState: { ecu: Ecu: { nodeAddress: 0x01, ecuId: MQAAAAAAAAAAAAAAAAAAAA==, softwareId: , updateFilePath: [/storage/1CB9-1D2B/full_update.zip], rollbackFilePath: [], retryTimes: 0, reserved:  }, ecuUpdateState: INSTALLING, statusCode: 0, curStateProgress: 0 }]
09-20 03:51:12.181 15695 15721 I OTA-COMPOSER: 1OTAStateMachine.notifyProgress(Line:199)notify Agent the last data
09-20 03:51:12.181 15695 15721 D OTA-COMPOSER: 256ComposerModel.getInstance(Line:48)->getInstance()
09-20 03:51:12.184 15674 15690 I UPDATE_AGENT: OTAComposerProxy.notifyInstallState(Line:195)current ecu state INSTALLING && progress: 0
09-20 03:51:12.185 15674 15690 D UPDATE_AGENT: AgentModel.getInstance(Line:73)getInstance
09-20 03:51:12.187 15674 15711 D UPDATE_AGENT: DefaultState.processMessage(Line:128)DefaultState: 71
09-20 03:51:17.821  1595  1595 I update_engine: [INFO:partition_writer_factory_android.cc(44)] Virtual AB Compression disabled, using Partition Writer for `abl`
09-20 03:51:17.849  1595  1595 I update_engine: [INFO:partition_writer.cc(295)] Opening /dev/block/bootdevice/by-name/abl_b partition with O_DSYNC
09-20 03:51:17.879  1595  1595 I update_engine: [INFO:partition_writer.cc(100)] Caching writes.
09-20 03:51:17.908  1595  1595 I update_engine: [INFO:partition_writer.cc(307)] Applying 1 operations to partition "abl"
09-20 03:51:17.982  1595  1595 I update_engine: [INFO:partition_writer_factory_android.cc(44)] Virtual AB Compression disabled, using Partition Writer for `aop`
09-20 03:51:18.013  1595  1595 I update_engine: [INFO:partition_writer.cc(295)] Opening /dev/block/bootdevice/by-name/aop_b partition with O_DSYNC
09-20 03:51:18.049  1595  1595 I update_engine: [INFO:partition_writer.cc(100)] Caching writes.
09-20 03:51:18.079  1595  1595 I update_engine: [INFO:partition_writer.cc(307)] Applying 1 operations to partition "aop"
09-20 03:51:18.149  1595  1595 I update_engine: [INFO:partition_writer_factory_android.cc(44)] Virtual AB Compression disabled, using Partition Writer for `bluetooth`
09-20 03:51:18.180  1595  1595 I update_engine: [INFO:partition_writer.cc(295)] Opening /dev/block/bootdevice/by-name/bluetooth_b partition with O_DSYNC
09-20 03:51:18.214  1595  1595 I update_engine: [INFO:partition_writer.cc(100)] Caching writes.
09-20 03:51:18.244  1595  1595 I update_engine: [INFO:partition_writer.cc(307)] Applying 1 operations to partition "bluetooth"
09-20 03:51:18.320  1595  1595 I update_engine: [INFO:partition_writer_factory_android.cc(44)] Virtual AB Compression disabled, using Partition Writer for `cmnlib`
09-20 03:51:18.350  1595  1595 I update_engine: [INFO:partition_writer.cc(295)] Opening /dev/block/bootdevice/by-name/cmnlib_b partition with O_DSYNC
09-20 03:51:18.384  1595  1595 I update_engine: [INFO:partition_writer.cc(100)] Caching writes.
09-20 03:51:18.414  1595  1595 I update_engine: [INFO:partition_writer.cc(307)] Applying 1 operations to partition "cmnlib"
09-20 03:51:18.529  1595  1595 I update_engine: [INFO:partition_writer_factory_android.cc(44)] Virtual AB Compression disabled, using Partition Writer for `cmnlib64`
09-20 03:51:18.559  1595  1595 I update_engine: [INFO:partition_writer.cc(295)] Opening /dev/block/bootdevice/by-name/cmnlib64_b partition with O_DSYNC
09-20 03:51:18.593  1595  1595 I update_engine: [INFO:partition_writer.cc(100)] Caching writes.
09-20 03:51:18.623  1595  1595 I update_engine: [INFO:partition_writer.cc(307)] Applying 1 operations to partition "cmnlib64"
09-20 03:51:18.749  1595  1595 I update_engine: [INFO:partition_writer_factory_android.cc(44)] Virtual AB Compression disabled, using Partition Writer for `devcfg`
09-20 03:51:18.780  1595  1595 I update_engine: [INFO:partition_writer.cc(295)] Opening /dev/block/bootdevice/by-name/devcfg_b partition with O_DSYNC
09-20 03:51:18.812  1595  1595 I update_engine: [INFO:partition_writer.cc(100)] Caching writes.
09-20 03:51:18.841  1595  1595 I update_engine: [INFO:partition_writer.cc(307)] Applying 1 operations to partition "devcfg"
09-20 03:51:18.892  1595  1595 I update_engine: [INFO:partition_writer_factory_android.cc(44)] Virtual AB Compression disabled, using Partition Writer for `dsp`
09-20 03:51:18.926  1595  1595 I update_engine: [INFO:partition_writer.cc(295)] Opening /dev/block/bootdevice/by-name/dsp_b partition with O_DSYNC
09-20 03:51:18.960  1595  1595 I update_engine: [INFO:partition_writer.cc(100)] Caching writes.
09-20 03:51:18.990  1595  1595 I update_engine: [INFO:partition_writer.cc(307)] Applying 32 operations to partition "dsp"
09-20 03:51:22.933  1595  1595 I update_engine: [INFO:partition_writer_factory_android.cc(44)] Virtual AB Compression disabled, using Partition Writer for `dtbo`
09-20 03:51:22.965  1595  1595 I update_engine: [INFO:partition_writer.cc(295)] Opening /dev/block/bootdevice/by-name/dtbo_b partition with O_DSYNC
09-20 03:51:22.997  1595  1595 I update_engine: [INFO:partition_writer.cc(100)] Caching writes.
09-20 03:51:23.026  1595  1595 I update_engine: [INFO:partition_writer.cc(307)] Applying 4 operations to partition "dtbo"
09-20 03:51:23.072 15695 15712 D OTA-COMPOSER: 28673UpdateEngineProxy$1.onStatusUpdate(Line:91)onStatusUpdate:      status = 3   percent = 0.9930559
09-20 03:51:23.073 15695 15712 D OTA-COMPOSER: 28673UpdateEngineProxy.statusUpdate(Line:250)status: 3 (int) percent 99
09-20 03:51:23.074 15695 15712 D OTA-COMPOSER: 28673UpdateEngineProxy.statusUpdate(Line:251)status: 3 Math.round(percent) 99
09-20 03:51:23.075 15695 15721 I OTA-COMPOSER: 17DefaultState.processMessage(Line:136)65
09-20 03:51:23.076 15695 15721 D OTA-COMPOSER: 97InstallState.processMessage(Line:91)current MSG 65
09-20 03:51:23.077 15695 15721 I OTA-COMPOSER: 100InstallState.processMessage(Line:103)installing
09-20 03:51:23.077 15695 15721 I OTA-COMPOSER: 100InstallState.processMessage(Line:107)get soc install msg
09-20 03:51:23.078 15695 15721 I OTA-COMPOSER: 100InstallState.updateInstallationProgress(Line:151)Soc progress is 99
09-20 03:51:23.079 15695 15721 I OTA-COMPOSER: 100InstallState.updateInstallationProgress(Line:152)is soc install now 0x01
09-20 03:51:23.079 15695 15721 I OTA-COMPOSER: 100InstallState.updateInstallationProgress(Line:190)get percent update, notify to AGENT
09-20 03:51:23.080 15695 15721 I OTA-COMPOSER: 1OTAStateMachine.updateEcuStateList(Line:225)current Ecu State [EcuState: { ecu: Ecu: { nodeAddress: 0x01, ecuId: MQAAAAAAAAAAAAAAAAAAAA==, softwareId: , updateFilePath: [/storage/1CB9-1D2B/full_update.zip], rollbackFilePath: [], retryTimes: 0, reserved:  }, ecuUpdateState: INSTALLING, statusCode: 0, curStateProgress: 0 }]
09-20 03:51:23.081 15695 15721 I OTA-COMPOSER: 1OTAStateMachine.notifyProgress(Line:199)notify Agent the last data
09-20 03:51:23.081 15695 15721 D OTA-COMPOSER: 256ComposerModel.getInstance(Line:48)->getInstance()
09-20 03:51:23.083 15674 15690 I UPDATE_AGENT: OTAComposerProxy.notifyInstallState(Line:195)current ecu state INSTALLING && progress: 0
09-20 03:51:23.085 15674 15690 D UPDATE_AGENT: AgentModel.getInstance(Line:73)getInstance
09-20 03:51:23.087 15674 15711 D UPDATE_AGENT: DefaultState.processMessage(Line:128)DefaultState: 71
09-20 03:51:23.458  1595  1595 I update_engine: [INFO:partition_writer_factory_android.cc(44)] Virtual AB Compression disabled, using Partition Writer for `hyp`
09-20 03:51:23.490  1595  1595 I update_engine: [INFO:partition_writer.cc(295)] Opening /dev/block/bootdevice/by-name/hyp_b partition with O_DSYNC
09-20 03:51:23.522  1595  1595 I update_engine: [INFO:partition_writer.cc(100)] Caching writes.
09-20 03:51:23.551  1595  1595 I update_engine: [INFO:partition_writer.cc(307)] Applying 1 operations to partition "hyp"
09-20 03:51:23.657  1595  1595 I update_engine: [INFO:partition_writer_factory_android.cc(44)] Virtual AB Compression disabled, using Partition Writer for `keymaster`
09-20 03:51:23.691  1595  1595 I update_engine: [INFO:partition_writer.cc(295)] Opening /dev/block/bootdevice/by-name/keymaster_b partition with O_DSYNC
09-20 03:51:23.723  1595  1595 I update_engine: [INFO:partition_writer.cc(100)] Caching writes.
09-20 03:51:23.752  1595  1595 I update_engine: [INFO:partition_writer.cc(307)] Applying 1 operations to partition "keymaster"
09-20 03:51:23.861  1595  1595 I update_engine: [INFO:partition_writer_factory_android.cc(44)] Virtual AB Compression disabled, using Partition Writer for `modem`
09-20 03:51:23.891  1595  1595 I update_engine: [INFO:partition_writer.cc(295)] Opening /dev/block/bootdevice/by-name/modem_b partition with O_DSYNC
09-20 03:51:23.924  1595  1595 I update_engine: [INFO:partition_writer.cc(100)] Caching writes.
09-20 03:51:23.954  1595  1595 I update_engine: [INFO:partition_writer.cc(307)] Applying 15 operations to partition "modem"
09-20 03:51:27.787  1595  1595 I update_engine: [INFO:partition_writer_factory_android.cc(44)] Virtual AB Compression disabled, using Partition Writer for `qupfw`
09-20 03:51:27.824  1595  1595 I update_engine: [INFO:partition_writer.cc(295)] Opening /dev/block/bootdevice/by-name/qupfw_b partition with O_DSYNC
09-20 03:51:27.854  1595  1595 I update_engine: [INFO:partition_writer.cc(100)] Caching writes.
09-20 03:51:27.886  1595  1595 I update_engine: [INFO:partition_writer.cc(307)] Applying 1 operations to partition "qupfw"
09-20 03:51:27.938  1595  1595 I update_engine: [INFO:partition_writer_factory_android.cc(44)] Virtual AB Compression disabled, using Partition Writer for `secs2d`
09-20 03:51:27.972  1595  1595 I update_engine: [INFO:partition_writer.cc(295)] Opening /dev/block/bootdevice/by-name/secs2d_b partition with O_DSYNC
09-20 03:51:28.003  1595  1595 I update_engine: type=1400 audit(0.0:1984): avc: denied { read } for name="sde32" dev="tmpfs" ino=31323 scontext=u:r:update_engine:s0 tcontext=u:object_r:block_device:s0 tclass=blk_file permissive=1
09-20 03:51:28.003  1595  1595 I update_engine: type=1400 audit(0.0:1985): avc: denied { open } for path="/dev/block/sde32" dev="tmpfs" ino=31323 scontext=u:r:update_engine:s0 tcontext=u:object_r:block_device:s0 tclass=blk_file permissive=1
09-20 03:51:28.003  1595  1595 I update_engine: type=1400 audit(0.0:1986): avc: denied { ioctl } for path="/dev/block/sde32" dev="tmpfs" ino=31323 ioctlcmd=0x125e scontext=u:r:update_engine:s0 tcontext=u:object_r:block_device:s0 tclass=blk_file permissive=1
09-20 03:51:28.013  1595  1595 I update_engine: [INFO:partition_writer.cc(100)] Caching writes.
09-20 03:51:28.039  1595  1595 I update_engine: type=1400 audit(0.0:1987): avc: denied { write } for name="sde32" dev="tmpfs" ino=31323 scontext=u:r:update_engine:s0 tcontext=u:object_r:block_device:s0 tclass=blk_file permissive=1
09-20 03:51:28.044  1595  1595 I update_engine: [INFO:partition_writer.cc(307)] Applying 1 operations to partition "secs2d"
09-20 03:51:28.071  1595  1595 I update_engine: type=1400 audit(0.0:1988): avc: denied { getattr } for path="/dev/block/sde32" dev="tmpfs" ino=31323 scontext=u:r:update_engine:s0 tcontext=u:object_r:block_device:s0 tclass=blk_file permissive=1
09-20 03:51:28.091  1595  1595 I update_engine: [INFO:partition_writer_factory_android.cc(44)] Virtual AB Compression disabled, using Partition Writer for `tz`
09-20 03:51:28.123  1595  1595 I update_engine: [INFO:partition_writer.cc(295)] Opening /dev/block/bootdevice/by-name/tz_b partition with O_DSYNC
09-20 03:51:28.161  1595  1595 I update_engine: [INFO:partition_writer.cc(100)] Caching writes.
09-20 03:51:28.193  1595  1595 I update_engine: [INFO:partition_writer.cc(307)] Applying 2 operations to partition "tz"
09-20 03:51:28.600  1595  1595 I update_engine: [INFO:partition_writer_factory_android.cc(44)] Virtual AB Compression disabled, using Partition Writer for `uefisecapp`
09-20 03:51:28.632  1595  1595 I update_engine: [INFO:partition_writer.cc(295)] Opening /dev/block/bootdevice/by-name/uefisecapp_b partition with O_DSYNC
09-20 03:51:28.665  1595  1595 I update_engine: [INFO:partition_writer.cc(100)] Caching writes.
09-20 03:51:28.694  1595  1595 I update_engine: [INFO:partition_writer.cc(307)] Applying 1 operations to partition "uefisecapp"
09-20 03:51:28.754  1595  1595 I update_engine: [INFO:partition_writer_factory_android.cc(44)] Virtual AB Compression disabled, using Partition Writer for `xbl`
09-20 03:51:28.785  1595  1595 I update_engine: [INFO:partition_writer.cc(295)] Opening /dev/block/bootdevice/by-name/xbl_b partition with O_DSYNC
09-20 03:51:28.820  1595  1595 I update_engine: [INFO:partition_writer.cc(100)] Caching writes.
09-20 03:51:28.851  1595  1595 I update_engine: [INFO:partition_writer.cc(307)] Applying 2 operations to partition "xbl"
09-20 03:51:29.348  1595  1595 I update_engine: [INFO:partition_writer_factory_android.cc(44)] Virtual AB Compression disabled, using Partition Writer for `xbl_config`
09-20 03:51:29.380  1595  1595 I update_engine: [INFO:partition_writer.cc(295)] Opening /dev/block/bootdevice/by-name/xbl_config_b partition with O_DSYNC
09-20 03:51:29.413  1595  1595 I update_engine: [INFO:partition_writer.cc(100)] Caching writes.
09-20 03:51:29.441  1595  1595 I update_engine: [INFO:partition_writer.cc(307)] Applying 1 operations to partition "xbl_config"
09-20 03:51:29.485  1595  1595 I update_engine: [INFO:delta_performer.cc(119)] Completed 1910/1910 operations (100%), 1698859798/1698859798 bytes downloaded (100%), overall progress 100%
09-20 03:51:29.524  1595  1595 I update_engine: [INFO:delta_performer.cc(1173)] Extracted signature data of size 523 at 1698741664
09-20 03:51:29.558  1595  1595 I update_engine: [INFO:multi_range_http_fetcher.cc(115)] Terminating transfer.
09-20 03:51:29.588  1595  1595 I update_engine: [INFO:multi_range_http_fetcher.cc(177)] Received transfer terminated.
09-20 03:51:29.619  1595  1595 I update_engine: [INFO:multi_range_http_fetcher.cc(129)] TransferEnded w/ code 200
09-20 03:51:29.646  1595  1595 I update_engine: [INFO:multi_range_http_fetcher.cc(163)] Done w/ all transfers
09-20 03:51:29.674  1595  1595 I update_engine: [INFO:delta_performer.cc(1201)] Verifying using certificates: /system/etc/security/otacerts.zip
09-20 03:51:29.704  1595  1595 I update_engine: [INFO:payload_verifier.cc(102)] signature blob size = 523
09-20 03:51:29.732  1595  1595 I update_engine: [INFO:payload_verifier.cc(118)] Truncating the signature to its unpadded size: 512.
09-20 03:51:29.765  1595  1595 I update_engine: [INFO:payload_verifier.cc(129)] Verified correct signature 1 out of 1 signatures.
09-20 03:51:29.795  1595  1595 I update_engine: [INFO:delta_performer.cc(1499)] Payload hash matches value in payload.
09-20 03:51:29.828  1595  1595 I update_engine: [INFO:download_action.cc(258)] Collections of histograms for UpdateEngine.DownloadAction.
09-20 03:51:29.828  1595  1595 I update_engine: Histogram: UpdateEngine.DownloadAction.InstallOperation::REPLACE.Duration recorded 1910 samples, mean = 256.7
09-20 03:51:29.828  1595  1595 I update_engine: 0    O                                                                         (9 = 0.5%)
09-20 03:51:29.828  1595  1595 I update_engine: 10   O                                                                         (3 = 0.2%) {0.5%}
09-20 03:51:29.828  1595  1595 I update_engine: 18   O                                                                         (2 = 0.1%) {0.6%}
09-20 03:51:29.828  1595  1595 I update_engine: 32   O                                                                         (4 = 0.2%) {0.7%}
09-20 03:51:29.828  1595  1595 I update_engine: 57   ----O                                                                     (84 = 4.4%) {0.9%}
09-20 03:51:29.828  1595  1595 I update_engine: 101  ------O                                                                   (109 = 5.7%) {5.3%}
09-20 03:51:29.828  1595  1595 I update_engine: 179  ------------------------------------------------------------------------O (1398 = 73.2%) {11.0%}
09-20 03:51:29.828  1595  1595 I update_engine: 317  ---------------O                                                          (288 = 15.1%) {84.2%}
09-20 03:51:29.828  1595  1595 I update_engine: 561  -O                                                                        (13 = 0.7%) {99.3%}
09-20 03:51:29.828  1595  1595 I update_engine: 993  ...
09-20 03:51:29.828  1595  1595 I update_engine:
09-20 03:51:29.859 15695 15712 D OTA-COMPOSER: 28673UpdateEngineProxy$1.onStatusUpdate(Line:91)onStatusUpdate:      status = 4   percent = 0.0
09-20 03:51:29.860 15695 15712 D OTA-COMPOSER: 28673UpdateEngineProxy.statusUpdate(Line:250)status: 4 (int) percent 99
09-20 03:51:29.869  1595  1595 I update_engine: [INFO:action_processor.cc(116)] ActionProcessor: finished DownloadAction with code ErrorCode::kSuccess
09-20 03:51:29.861 15695 15712 D OTA-COMPOSER: 28673UpdateEngineProxy.statusUpdate(Line:251)status: 4 Math.round(percent) 99
09-20 03:51:29.862 15695 15721 I OTA-COMPOSER: 17DefaultState.processMessage(Line:136)65
09-20 03:51:29.863 15695 15721 D OTA-COMPOSER: 97InstallState.processMessage(Line:91)current MSG 65
09-20 03:51:29.863 15695 15721 I OTA-COMPOSER: 100InstallState.processMessage(Line:103)installing
09-20 03:51:29.864 15695 15721 I OTA-COMPOSER: 100InstallState.processMessage(Line:107)get soc install msg
09-20 03:51:29.865 15695 15721 I OTA-COMPOSER: 100InstallState.updateInstallationProgress(Line:151)Soc progress is 99
09-20 03:51:29.865 15695 15721 I OTA-COMPOSER: 100InstallState.updateInstallationProgress(Line:152)is soc install now 0x01
09-20 03:51:29.866 15695 15721 I OTA-COMPOSER: 100InstallState.updateInstallationProgress(Line:190)get percent update, notify to AGENT
09-20 03:51:29.867 15695 15721 I OTA-COMPOSER: 1OTAStateMachine.updateEcuStateList(Line:225)current Ecu State [EcuState: { ecu: Ecu: { nodeAddress: 0x01, ecuId: MQAAAAAAAAAAAAAAAAAAAA==, softwareId: , updateFilePath: [/storage/1CB9-1D2B/full_update.zip], rollbackFilePath: [], retryTimes: 0, reserved:  }, ecuUpdateState: INSTALLING, statusCode: 0, curStateProgress: 0 }]
09-20 03:51:29.867 15695 15721 I OTA-COMPOSER: 1OTAStateMachine.notifyProgress(Line:199)notify Agent the last data
09-20 03:51:29.868 15695 15721 D OTA-COMPOSER: 256ComposerModel.getInstance(Line:48)->getInstance()
09-20 03:51:29.871 15674 15690 I UPDATE_AGENT: OTAComposerProxy.notifyInstallState(Line:195)current ecu state INSTALLING && progress: 0
09-20 03:51:29.872 15674 15690 D UPDATE_AGENT: AgentModel.getInstance(Line:73)getInstance
09-20 03:51:29.873 15674 15711 D UPDATE_AGENT: DefaultState.processMessage(Line:128)DefaultState: 71
09-20 03:51:29.898  1595  1595 I update_engine: [INFO:action_processor.cc(143)] ActionProcessor: starting FilesystemVerifierAction
09-20 03:51:29.930  1595  1595 I update_engine: [INFO:install_plan.cc(79)] InstallPlan:
09-20 03:51:29.930  1595  1595 I update_engine: type: new_update
09-20 03:51:29.930  1595  1595 I update_engine: version:
09-20 03:51:29.930  1595  1595 I update_engine: source_slot: A
09-20 03:51:29.930  1595  1595 I update_engine: target_slot: B
09-20 03:51:29.930  1595  1595 I update_engine: initial url: file:///storage/1CB9-1D2B/full_update.zip
09-20 03:51:29.930  1595  1595 I update_engine: hash_checks_mandatory: true
09-20 03:51:29.930  1595  1595 I update_engine: powerwash_required: false
09-20 03:51:29.930  1595  1595 I update_engine: switch_slot_on_reboot: true
09-20 03:51:29.930  1595  1595 I update_engine: run_post_install: true
09-20 03:51:29.930  1595  1595 I update_engine: is_rollback: false
09-20 03:51:29.930  1595  1595 I update_engine: rollback_data_save_requested: false
09-20 03:51:29.930  1595  1595 I update_engine: write_verity: true
09-20 03:51:29.930  1595  1595 I update_engine: Partition: system
09-20 03:51:29.930  1595  1595 I update_engine:   source_size: 0
09-20 03:51:29.930  1595  1595 I update_engine:   source_path:
09-20 03:51:29.930  1595  1595 I update_engine:   source_hash:
09-20 03:51:29.930  1595  1595 I update_engine:   target_size: 2873765888
09-20 03:51:29.930  1595  1595 I update_engine:   target_path: /dev/block/dm-10
09-20 03:51:29.930  1595  1595 I update_engine:   target_hash: 977F467F7BA0E1D32077B60CA240295689F9A899A4E1C69BAD3AF7DDF8077E6D
09-20 03:51:29.930  1595  1595 I update_engine:   run_postinstall: false
09-20 03:51:29.930  1595  1595 I update_engine:   postinstall_path:
09-20 03:51:29.930  1595  1595 I update_engine:   readonly_target_path: /dev/block/dm-10
09-20 03:51:29.930  1595  1595 I update_engine:   filesystem_type:
09-20 03:51:29.930  1595  1595 I update_engine: Partition: vendor
09-20 03:51:29.930  1595  1595 I update_engine:   source_size: 0
09-20 03:51:29.930  1595  1595 I update_engine:   source_path:
09-20 03:51:29.930  1595  1595 I update_engine:   source_hash:
09-20 03:51:29.930  1595  1595 I update_engine:   target_size: 589627392
09-20 03:51:29.930  1595  1595 I update_engine:   target_path: /dev/block/dm-13
09-20 03:51:29.930  1595  1595 I update_engine:   target_hash: 92922F06FF64C72BBFBD8C5A66B091050B603430498EABB40B7DEBF0AE183FAB
09-20 03:51:29.930  1595  1595 I update_engine:   run_postinstall: false
09-20 03:51:29.930  1595  1595 I update_engine:   postinstall_path:
09-20 03:51:29.930  1595  1595 I update_engine:   readonly_target_path: /dev/block/dm-13
09-20 03:51:29.930  1595  1595 I update_engine:   filesystem_type:
09-20 03:51:29.930  1595  1595 I update_engine: Partition: system_ext
09-20 03:51:29.930  1595  1595 I update_engine:   source_size: 0
09-20 03:51:29.930  1595  1595 I update_engine:   source_path:
09-20 03:51:29.930  1595  1595 I update_engine:   source_hash:
09-20 03:51:29.930  1595  1595 I update_engine:   target_size: 191168512
09-20 03:51:29.930  1595  1595 I update_engine:   target_path: /dev/block/dm-16
09-20 03:51:29.930  1595  1595 I update_engine:   target_hash: 252BCF3839EAE03D1D2C922DBFE910BB57C96636B387FA2386E2FD25F596BB18
09-20 03:51:29.930  1595  1595 I update_engine:   run_postinstall: false
09-20 03:51:29.930  1595  1595 I update_engine:   postinstall_path:
09-20 03:51:29.930  1595  1595 I update_engine:   readonly_target_path: /dev/block/dm-16
09-20 03:51:29.930  1595  1595 I update_engine:   filesystem_type:
09-20 03:51:29.930  1595  1595 I update_engine: Partition: boot
09-20 03:51:29.930  1595  1595 I update_engine:   source_size: 0
09-20 03:51:29.930  1595  1595 I update_engine:   source_path:
09-20 03:51:29.930  1595  1595 I update_engine:   source_hash:
09-20 03:51:29.930  1595  1595 I update_engine:   target_size: 100663296
09-20 03:51:29.930  1595  1595 I update_engine:   target_path: /dev/block/bootdevice/by-name/boot_b
09-20 03:51:29.930  1595  1595 I update_engine:   target_hash: D4B17E6C5892FAF11E40F61F9110A421D773A86152833D0B26E61F7A09125C70
09-20 03:51:29.930  1595  1595 I update_engine:   run_postinstall: false
09-20 03:51:29.930  1595  1595 I update_engine:   postinstall_path:
09-20 03:51:29.930  1595  1595 I update_engine:   readonly_target_path: /dev/block/bootdevice/by-name/boot_b
09-20 03:51:29.930  1595  1595 I update_engine:   filesystem_type:
09-20 03:51:29.930  1595  1595 I update_engine: Partition: vbmeta
09-20 03:51:29.930  1595  1595 I update_engine:   source_size: 0
09-20 03:51:29.930  1595  1595 I update_engine:   source_path:
09-20 03:51:29.930  1595  1595 I update_engine:   source_hash:
09-20 03:51:29.930  1595  1595 I update_engine:   target_size: 8192
09-20 03:51:29.930  1595  1595 I update_engine:   target_path: /dev/block/bootdevice/by-name/vbmeta_b
09-20 03:51:29.930  1595  1595 I update_engine:   target_hash: DD9F9F27BB4ED53BF890DA9DC5BE1D5E5020C8B413656187C09CC04D30A434A8
09-20 03:51:29.930  1595  1595 I update_engine:   run_postinstall: false
09-20 03:51:29.930  1595  1595 I update_engine:   postinstall_path:
09-20 03:51:29.930  1595  1595 I update_engine:   readonly_target_path: /dev/block/bootdevice/by-name/vbmeta_b
09-20 03:51:29.930  1595  1595 I update_engine:   filesystem_type:
09-20 03:51:29.930  1595  1595 I update_engine: Partition: vbmeta_system
09-20 03:51:29.930  1595  1595 I update_engine:   source_size: 0
09-20 03:51:29.930  1595  1595 I update_engine:   source_path:
09-20 03:51:29.930  1595  1595 I update_engine:   source_hash:
09-20 03:51:29.930  1595  1595 I update_engine:   target_size: 4096
09-20 03:51:29.930  1595  1595 I update_engine:   target_path: /dev/block/bootdevice/by-name/vbmeta_system_b
09-20 03:51:29.930  1595  1595 I update_engine:   target_hash: 612D54616E51011559F88BF6F84DC18F1A586A5E7A0A51A61D69449E43FEED51
09-20 03:51:29.930  1595  1595 I update_engine:   run_postinstall: false
09-20 03:51:29.930  1595  1595 I update_engine:   postinstall_path:
09-20 03:51:29.930  1595  1595 I update_engine:   readonly_target_path: /dev/block/bootdevice/by-name/vbmeta_system_b
09-20 03:51:29.930  1595  1595 I update_engine:   filesystem_type:
09-20 03:51:29.930  1595  1595 I update_engine: Partition: vendor_boot
09-20 03:51:29.930  1595  1595 I update_engine:   source_size: 0
09-20 03:51:29.930  1595  1595 I update_engine:   source_path:
09-20 03:51:29.930  1595  1595 I update_engine:   source_hash:
09-20 03:51:29.930  1595  1595 I update_engine:   target_size: 100663296
09-20 03:51:29.930  1595  1595 I update_engine:   target_path: /dev/block/bootdevice/by-name/vendor_boot_b
09-20 03:51:29.930  1595  1595 I update_engine:   target_hash: 43061A79141BE0C6F68C52C590BD70082271DB9470382A8EF53FC74502F42A3B
09-20 03:51:29.930  1595  1595 I update_engine:   run_postinstall: false
09-20 03:51:29.930  1595  1595 I update_engine:   postinstall_path:
09-20 03:51:29.930  1595  1595 I update_engine:   readonly_target_path: /dev/block/bootdevice/by-name/vendor_boot_b
09-20 03:51:29.930  1595  1595 I update_engine:   filesystem_type:
09-20 03:51:29.930  1595  1595 I update_engine: Partition: abl
09-20 03:51:29.930  1595  1595 I update_engine:   source_size: 0
09-20 03:51:29.930  1595  1595 I update_engine:   source_path:
09-20 03:51:29.930  1595  1595 I update_engine:   source_hash:
09-20 03:51:29.930  1595  1595 I update_engine:   target_size: 167936
09-20 03:51:29.930  1595  1595 I update_engine:   target_path: /dev/block/bootdevice/by-name/abl_b
09-20 03:51:29.930  1595  1595 I update_engine:   target_hash: 8EF4EC8FB1B1110D3405D7B49A9CD21A77039ACB977528F77D0326DA9F2B83E4
09-20 03:51:29.930  1595  1595 I update_engine:   run_postinstall: false
09-20 03:51:29.930  1595  1595 I update_engine:   postinstall_path:
09-20 03:51:29.930  1595  1595 I update_engine:   readonly_target_path: /dev/block/bootdevice/by-name/abl_b
09-20 03:51:29.930  1595  1595 I update_engine:   filesystem_type:
09-20 03:51:29.930  1595  1595 I update_engine: Partition: aop
09-20 03:51:29.930  1595  1595 I update_engine:   source_size: 0
09-20 03:51:29.930  1595  1595 I update_engine:   source_path:
09-20 03:51:29.930  1595  1595 I update_engine:   source_hash:
09-20 03:51:29.930  1595  1595 I update_engine:   target_size: 192512
09-20 03:51:29.930  1595  1595 I update_engine:   target_path: /dev/block/bootdevice/by-name/aop_b
09-20 03:51:29.930  1595  1595 I update_engine:   target_hash: BBCC0DC6896B9EDDEB54A0FEB2A7F0D225B10C9BE9A3E4044565C1B6668A0728
09-20 03:51:29.930  1595  1595 I update_engine:   run_postinstall: false
09-20 03:51:29.930  1595  1595 I update_engine:   postinstall_path:
09-20 03:51:29.930  1595  1595 I update_engine:   readonly_target_path: /dev/block/bootdevice/by-name/aop_b
09-20 03:51:29.930  1595  1595 I update_engine:   filesystem_type:
09-20 03:51:29.930  1595  1595 I update_engine: Partition: bluetooth
09-20 03:51:29.930  1595  1595 I update_engine:   source_size: 0
09-20 03:51:29.930  1595  1595 I update_engine:   source_path:
09-20 03:51:29.930  1595  1595 I update_engine:   source_hash:
09-20 03:51:29.930  1595  1595 I update_engine:   target_size: 225280
09-20 03:51:29.930  1595  1595 I update_engine:   target_path: /dev/block/bootdevice/by-name/bluetooth_b
09-20 03:51:29.930  1595  1595 I update_engine:   target_hash: EDBEB5B046A2C57AB49E0AE9AEFA4F0BC378F534170E907CBE275E6715AE3FE7
09-20 03:51:29.930  1595  1595 I update_engine:   run_postinstall: false
09-20 03:51:29.930  1595  1595 I update_engine:   postinstall_path:
09-20 03:51:29.930  1595  1595 I update_engine:   readonly_target_path: /dev/block/bootdevice/by-name/bluetooth_b
09-20 03:51:29.930  1595  1595 I update_engine:   filesystem_type:
09-20 03:51:29.930  1595  1595 I update_engine: Partition: cmnlib
09-20 03:51:29.930  1595  1595 I update_engine:   source_size: 0
09-20 03:51:29.930  1595  1595 I update_engine:   source_path:
09-20 03:51:29.930  1595  1595 I update_engine:   source_hash:
09-20 03:51:29.930  1595  1595 I update_engine:   target_size: 401408
09-20 03:51:29.930  1595  1595 I update_engine:   target_path: /dev/block/bootdevice/by-name/cmnlib_b
09-20 03:51:29.930  1595  1595 I update_engine:   target_hash: 0D1240E6C23D2EA1FD1707AFDAA907CA10680037C7AC1BB7202A5D53F6022741
09-20 03:51:29.930  1595  1595 I update_engine:   run_postinstall: false
09-20 03:51:29.930  1595  1595 I update_engine:   postinstall_path:
09-20 03:51:29.930  1595  1595 I update_engine:   readonly_target_path: /d
09-20 03:51:30.042 15695 15712 D OTA-COMPOSER: 28673UpdateEngineProxy$1.onStatusUpdate(Line:91)onStatusUpdate:      status = 4   percent = 0.02500076
09-20 03:51:29.968  1595  1595 I update_engine: [INFO:filesystem_verifier_action.cc(330)] Hashing partition 0 (system) on device /dev/block/dm-10
09-20 03:51:30.042 15695 15712 D OTA-COMPOSER: 28673UpdateEngineProxy.statusUpdate(Line:250)status: 4 (int) percent 99
09-20 03:51:29.999  1595  1595 I update_engine: [INFO:filesystem_verifier_action.cc(380)] Verity writes disabled on partition system
09-20 03:51:30.043 15695 15712 D OTA-COMPOSER: 28673UpdateEngineProxy.statusUpdate(Line:251)status: 4 Math.round(percent) 99
09-20 03:51:30.044 15695 15721 I OTA-COMPOSER: 17DefaultState.processMessage(Line:136)65
09-20 03:51:30.045 15695 15721 D OTA-COMPOSER: 97InstallState.processMessage(Line:91)current MSG 65
09-20 03:51:30.046 15695 15721 I OTA-COMPOSER: 100InstallState.processMessage(Line:103)installing
09-20 03:51:30.046 15695 15721 I OTA-COMPOSER: 100InstallState.processMessage(Line:107)get soc install msg
09-20 03:51:30.047 15695 15721 I OTA-COMPOSER: 100InstallState.updateInstallationProgress(Line:151)Soc progress is 99
09-20 03:51:30.048 15695 15721 I OTA-COMPOSER: 100InstallState.updateInstallationProgress(Line:152)is soc install now 0x01
09-20 03:51:30.048 15695 15721 I OTA-COMPOSER: 100InstallState.updateInstallationProgress(Line:190)get percent update, notify to AGENT
09-20 03:51:30.049 15695 15721 I OTA-COMPOSER: 1OTAStateMachine.updateEcuStateList(Line:225)current Ecu State [EcuState: { ecu: Ecu: { nodeAddress: 0x01, ecuId: MQAAAAAAAAAAAAAAAAAAAA==, softwareId: , updateFilePath: [/storage/1CB9-1D2B/full_update.zip], rollbackFilePath: [], retryTimes: 0, reserved:  }, ecuUpdateState: INSTALLING, statusCode: 0, curStateProgress: 0 }]
09-20 03:51:30.052 15674 15690 I UPDATE_AGENT: OTAComposerProxy.notifyInstallState(Line:195)current ecu state INSTALLING && progress: 0
09-20 03:51:30.050 15695 15721 I OTA-COMPOSER: 1OTAStateMachine.notifyProgress(Line:199)notify Agent the last data
09-20 03:51:30.050 15695 15721 D OTA-COMPOSER: 256ComposerModel.getInstance(Line:48)->getInstance()
09-20 03:51:30.053 15674 15690 D UPDATE_AGENT: AgentModel.getInstance(Line:73)getInstance
09-20 03:51:30.056 15674 15711 D UPDATE_AGENT: DefaultState.processMessage(Line:128)DefaultState: 71
09-20 03:51:40.047 15695 15712 D OTA-COMPOSER: 28673UpdateEngineProxy$1.onStatusUpdate(Line:91)onStatusUpdate:      status = 4   percent = 0.02884567
09-20 03:51:40.048 15695 15712 D OTA-COMPOSER: 28673UpdateEngineProxy.statusUpdate(Line:250)status: 4 (int) percent 99
09-20 03:51:40.048 15695 15712 D OTA-COMPOSER: 28673UpdateEngineProxy.statusUpdate(Line:251)status: 4 Math.round(percent) 99
09-20 03:51:40.049 15695 15721 I OTA-COMPOSER: 17DefaultState.processMessage(Line:136)65
09-20 03:51:40.050 15695 15721 D OTA-COMPOSER: 97InstallState.processMessage(Line:91)current MSG 65
09-20 03:51:40.050 15695 15721 I OTA-COMPOSER: 100InstallState.processMessage(Line:103)installing
09-20 03:51:40.050 15695 15721 I OTA-COMPOSER: 100InstallState.processMessage(Line:107)get soc install msg
09-20 03:51:40.051 15695 15721 I OTA-COMPOSER: 100InstallState.updateInstallationProgress(Line:151)Soc progress is 99
09-20 03:51:40.051 15695 15721 I OTA-COMPOSER: 100InstallState.updateInstallationProgress(Line:152)is soc install now 0x01
09-20 03:51:40.052 15695 15721 I OTA-COMPOSER: 100InstallState.updateInstallationProgress(Line:190)get percent update, notify to AGENT
09-20 03:51:40.052 15695 15721 I OTA-COMPOSER: 1OTAStateMachine.updateEcuStateList(Line:225)current Ecu State [EcuState: { ecu: Ecu: { nodeAddress: 0x01, ecuId: MQAAAAAAAAAAAAAAAAAAAA==, softwareId: , updateFilePath: [/storage/1CB9-1D2B/full_update.zip], rollbackFilePath: [], retryTimes: 0, reserved:  }, ecuUpdateState: INSTALLING, statusCode: 0, curStateProgress: 0 }]
09-20 03:51:40.053 15695 15721 I OTA-COMPOSER: 1OTAStateMachine.notifyProgress(Line:199)notify Agent the last data
09-20 03:51:40.053 15695 15721 D OTA-COMPOSER: 256ComposerModel.getInstance(Line:48)->getInstance()
09-20 03:51:40.055 15674 15690 I UPDATE_AGENT: OTAComposerProxy.notifyInstallState(Line:195)current ecu state INSTALLING && progress: 0
09-20 03:51:40.056 15674 15690 D UPDATE_AGENT: AgentModel.getInstance(Line:73)getInstance
09-20 03:51:40.058 15674 15711 D UPDATE_AGENT: DefaultState.processMessage(Line:128)DefaultState: 71
09-20 03:51:50.051 15695 15712 D OTA-COMPOSER: 28673UpdateEngineProxy$1.onStatusUpdate(Line:91)onStatusUpdate:      status = 4   percent = 0.032676894
09-20 03:51:50.052 15695 15712 D OTA-COMPOSER: 28673UpdateEngineProxy.statusUpdate(Line:250)status: 4 (int) percent 99
09-20 03:51:50.052 15695 15712 D OTA-COMPOSER: 28673UpdateEngineProxy.statusUpdate(Line:251)status: 4 Math.round(percent) 99
09-20 03:51:50.053 15695 15721 I OTA-COMPOSER: 17DefaultState.processMessage(Line:136)65
09-20 03:51:50.054 15695 15721 D OTA-COMPOSER: 97InstallState.processMessage(Line:91)current MSG 65
09-20 03:51:50.054 15695 15721 I OTA-COMPOSER: 100InstallState.processMessage(Line:103)installing
09-20 03:51:50.055 15695 15721 I OTA-COMPOSER: 100InstallState.processMessage(Line:107)get soc install msg
09-20 03:51:50.055 15695 15721 I OTA-COMPOSER: 100InstallState.updateInstallationProgress(Line:151)Soc progress is 99
09-20 03:51:50.056 15695 15721 I OTA-COMPOSER: 100InstallState.updateInstallationProgress(Line:152)is soc install now 0x01
09-20 03:51:50.056 15695 15721 I OTA-COMPOSER: 100InstallState.updateInstallationProgress(Line:190)get percent update, notify to AGENT
09-20 03:51:50.057 15695 15721 I OTA-COMPOSER: 1OTAStateMachine.updateEcuStateList(Line:225)current Ecu State [EcuState: { ecu: Ecu: { nodeAddress: 0x01, ecuId: MQAAAAAAAAAAAAAAAAAAAA==, softwareId: , updateFilePath: [/storage/1CB9-1D2B/full_update.zip], rollbackFilePath: [], retryTimes: 0, reserved:  }, ecuUpdateState: INSTALLING, statusCode: 0, curStateProgress: 0 }]
09-20 03:51:50.057 15695 15721 I OTA-COMPOSER: 1OTAStateMachine.notifyProgress(Line:199)notify Agent the last data
09-20 03:51:50.058 15695 15721 D OTA-COMPOSER: 256ComposerModel.getInstance(Line:48)->getInstance()
09-20 03:51:50.061 15674 15690 I UPDATE_AGENT: OTAComposerProxy.notifyInstallState(Line:195)current ecu state INSTALLING && progress: 0
09-20 03:51:50.062 15674 15690 D UPDATE_AGENT: AgentModel.getInstance(Line:73)getInstance
09-20 03:51:50.072 15674 15711 D UPDATE_AGENT: DefaultState.processMessage(Line:128)DefaultState: 71
09-20 03:52:00.055 15695 15712 D OTA-COMPOSER: 28673UpdateEngineProxy$1.onStatusUpdate(Line:91)onStatusUpdate:      status = 4   percent = 0.036471635
09-20 03:52:00.055 15695 15712 D OTA-COMPOSER: 28673UpdateEngineProxy.statusUpdate(Line:250)status: 4 (int) percent 99
09-20 03:52:00.056 15695 15712 D OTA-COMPOSER: 28673UpdateEngineProxy.statusUpdate(Line:251)status: 4 Math.round(percent) 99
09-20 03:52:00.057 15695 15721 I OTA-COMPOSER: 17DefaultState.processMessage(Line:136)65
09-20 03:52:00.057 15695 15721 D OTA-COMPOSER: 97InstallState.processMessage(Line:91)current MSG 65
09-20 03:52:00.057 15695 15721 I OTA-COMPOSER: 100InstallState.processMessage(Line:103)installing
09-20 03:52:00.058 15695 15721 I OTA-COMPOSER: 100InstallState.processMessage(Line:107)get soc install msg
09-20 03:52:00.058 15695 15721 I OTA-COMPOSER: 100InstallState.updateInstallationProgress(Line:151)Soc progress is 99
09-20 03:52:00.059 15695 15721 I OTA-COMPOSER: 100InstallState.updateInstallationProgress(Line:152)is soc install now 0x01
09-20 03:52:00.059 15695 15721 I OTA-COMPOSER: 100InstallState.updateInstallationProgress(Line:190)get percent update, notify to AGENT
09-20 03:52:00.060 15695 15721 I OTA-COMPOSER: 1OTAStateMachine.updateEcuStateList(Line:225)current Ecu State [EcuState: { ecu: Ecu: { nodeAddress: 0x01, ecuId: MQAAAAAAAAAAAAAAAAAAAA==, softwareId: , updateFilePath: [/storage/1CB9-1D2B/full_update.zip], rollbackFilePath: [], retryTimes: 0, reserved:  }, ecuUpdateState: INSTALLING, statusCode: 0, curStateProgress: 0 }]
09-20 03:52:00.060 15695 15721 I OTA-COMPOSER: 1OTAStateMachine.notifyProgress(Line:199)notify Agent the last data
09-20 03:52:00.061 15695 15721 D OTA-COMPOSER: 256ComposerModel.getInstance(Line:48)->getInstance()
09-20 03:52:00.063 15674 15690 I UPDATE_AGENT: OTAComposerProxy.notifyInstallState(Line:195)current ecu state INSTALLING && progress: 0
09-20 03:52:00.064 15674 15690 D UPDATE_AGENT: AgentModel.getInstance(Line:73)getInstance
09-20 03:52:00.065 15674 15711 D UPDATE_AGENT: DefaultState.processMessage(Line:128)DefaultState: 71
09-20 03:52:10.063 15695 15712 D OTA-COMPOSER: 28673UpdateEngineProxy$1.onStatusUpdate(Line:91)onStatusUpdate:      status = 4   percent = 0.040281575
09-20 03:52:10.064 15695 15712 D OTA-COMPOSER: 28673UpdateEngineProxy.statusUpdate(Line:250)status: 4 (int) percent 99
09-20 03:52:10.064 15695 15712 D OTA-COMPOSER: 28673UpdateEngineProxy.statusUpdate(Line:251)status: 4 Math.round(percent) 99
09-20 03:52:10.066 15695 15721 I OTA-COMPOSER: 17DefaultState.processMessage(Line:136)65
09-20 03:52:10.067 15695 15721 D OTA-COMPOSER: 97InstallState.processMessage(Line:91)current MSG 65
09-20 03:52:10.067 15695 15721 I OTA-COMPOSER: 100InstallState.processMessage(Line:103)installing
09-20 03:52:10.067 15695 15721 I OTA-COMPOSER: 100InstallState.processMessage(Line:107)get soc install msg
09-20 03:52:10.068 15695 15721 I OTA-COMPOSER: 100InstallState.updateInstallationProgress(Line:151)Soc progress is 99
09-20 03:52:10.068 15695 15721 I OTA-COMPOSER: 100InstallState.updateInstallationProgress(Line:152)is soc install now 0x01
09-20 03:52:10.069 15695 15721 I OTA-COMPOSER: 100InstallState.updateInstallationProgress(Line:190)get percent update, notify to AGENT
09-20 03:52:10.069 15695 15721 I OTA-COMPOSER: 1OTAStateMachine.updateEcuStateList(Line:225)current Ecu State [EcuState: { ecu: Ecu: { nodeAddress: 0x01, ecuId: MQAAAAAAAAAAAAAAAAAAAA==, softwareId: , updateFilePath: [/storage/1CB9-1D2B/full_update.zip], rollbackFilePath: [], retryTimes: 0, reserved:  }, ecuUpdateState: INSTALLING, statusCode: 0, curStateProgress: 0 }]
09-20 03:52:10.070 15695 15721 I OTA-COMPOSER: 1OTAStateMachine.notifyProgress(Line:199)notify Agent the last data
09-20 03:52:10.070 15695 15721 D OTA-COMPOSER: 256ComposerModel.getInstance(Line:48)->getInstance()
09-20 03:52:10.072 15674 15690 I UPDATE_AGENT: OTAComposerProxy.notifyInstallState(Line:195)current ecu state INSTALLING && progress: 0
09-20 03:52:10.073 15674 15690 D UPDATE_AGENT: AgentModel.getInstance(Line:73)getInstance
09-20 03:52:10.075 15674 15711 D UPDATE_AGENT: DefaultState.processMessage(Line:128)DefaultState: 71
09-20 03:52:13.715  1595  1595 I update_engine: [INFO:filesystem_verifier_action.cc(436)] Hash of system: l39Gf3ug4dMgd7YMokApVon5qJmk4cabrTr33fgHfm0=
09-20 03:52:17.239  1595  1595 I update_engine: [INFO:filesystem_verifier_action.cc(330)] Hashing partition 1 (vendor) on device /dev/block/dm-13
09-20 03:52:17.274  1595  1595 I update_engine: [INFO:filesystem_verifier_action.cc(380)] Verity writes disabled on partition vendor
09-20 03:52:17.318 15695 15712 D OTA-COMPOSER: 28673UpdateEngineProxy$1.onStatusUpdate(Line:91)onStatusUpdate:      status = 4   percent = 0.06667037
09-20 03:52:17.319 15695 15712 D OTA-COMPOSER: 28673UpdateEngineProxy.statusUpdate(Line:250)status: 4 (int) percent 99
09-20 03:52:17.320 15695 15712 D OTA-COMPOSER: 28673UpdateEngineProxy.statusUpdate(Line:251)status: 4 Math.round(percent) 99
09-20 03:52:17.321 15695 15721 I OTA-COMPOSER: 17DefaultState.processMessage(Line:136)65
09-20 03:52:17.322 15695 15721 D OTA-COMPOSER: 97InstallState.processMessage(Line:91)current MSG 65
09-20 03:52:17.322 15695 15721 I OTA-COMPOSER: 100InstallState.processMessage(Line:103)installing
09-20 03:52:17.322 15695 15721 I OTA-COMPOSER: 100InstallState.processMessage(Line:107)get soc install msg
09-20 03:52:17.323 15695 15721 I OTA-COMPOSER: 100InstallState.updateInstallationProgress(Line:151)Soc progress is 99
09-20 03:52:17.323 15695 15721 I OTA-COMPOSER: 100InstallState.updateInstallationProgress(Line:152)is soc install now 0x01
09-20 03:52:17.324 15695 15721 I OTA-COMPOSER: 100InstallState.updateInstallationProgress(Line:190)get percent update, notify to AGENT
09-20 03:52:17.324 15695 15721 I OTA-COMPOSER: 1OTAStateMachine.updateEcuStateList(Line:225)current Ecu State [EcuState: { ecu: Ecu: { nodeAddress: 0x01, ecuId: MQAAAAAAAAAAAAAAAAAAAA==, softwareId: , updateFilePath: [/storage/1CB9-1D2B/full_update.zip], rollbackFilePath: [], retryTimes: 0, reserved:  }, ecuUpdateState: INSTALLING, statusCode: 0, curStateProgress: 0 }]
09-20 03:52:17.325 15695 15721 I OTA-COMPOSER: 1OTAStateMachine.notifyProgress(Line:199)notify Agent the last data
09-20 03:52:17.325 15695 15721 D OTA-COMPOSER: 256ComposerModel.getInstance(Line:48)->getInstance()
09-20 03:52:17.328 15674 15690 I UPDATE_AGENT: OTAComposerProxy.notifyInstallState(Line:195)current ecu state INSTALLING && progress: 0
09-20 03:52:17.329 15674 15690 D UPDATE_AGENT: AgentModel.getInstance(Line:73)getInstance
09-20 03:52:17.331 15674 15711 D UPDATE_AGENT: DefaultState.processMessage(Line:128)DefaultState: 71
09-20 03:52:22.794 15695 15712 D OTA-COMPOSER: 28673UpdateEngineProxy$1.onStatusUpdate(Line:91)onStatusUpdate:      status = 4   percent = 0.07667371
09-20 03:52:22.794 15695 15712 D OTA-COMPOSER: 28673UpdateEngineProxy.statusUpdate(Line:250)status: 4 (int) percent 99
09-20 03:52:22.795 15695 15712 D OTA-COMPOSER: 28673UpdateEngineProxy.statusUpdate(Line:251)status: 4 Math.round(percent) 99
09-20 03:52:22.796 15695 15721 I OTA-COMPOSER: 17DefaultState.processMessage(Line:136)65
09-20 03:52:22.797 15695 15721 D OTA-COMPOSER: 97InstallState.processMessage(Line:91)current MSG 65
09-20 03:52:22.797 15695 15721 I OTA-COMPOSER: 100InstallState.processMessage(Line:103)installing
09-20 03:52:22.797 15695 15721 I OTA-COMPOSER: 100InstallState.processMessage(Line:107)get soc install msg
09-20 03:52:22.798 15695 15721 I OTA-COMPOSER: 100InstallState.updateInstallationProgress(Line:151)Soc progress is 99
09-20 03:52:22.798 15695 15721 I OTA-COMPOSER: 100InstallState.updateInstallationProgress(Line:152)is soc install now 0x01
09-20 03:52:22.799 15695 15721 I OTA-COMPOSER: 100InstallState.updateInstallationProgress(Line:190)get percent update, notify to AGENT
09-20 03:52:22.799 15695 15721 I OTA-COMPOSER: 1OTAStateMachine.updateEcuStateList(Line:225)current Ecu State [EcuState: { ecu: Ecu: { nodeAddress: 0x01, ecuId: MQAAAAAAAAAAAAAAAAAAAA==, softwareId: , updateFilePath: [/storage/1CB9-1D2B/full_update.zip], rollbackFilePath: [], retryTimes: 0, reserved:  }, ecuUpdateState: INSTALLING, statusCode: 0, curStateProgress: 0 }]
09-20 03:52:22.800 15695 15721 I OTA-COMPOSER: 1OTAStateMachine.notifyProgress(Line:199)notify Agent the last data
09-20 03:52:22.800 15695 15721 D OTA-COMPOSER: 256ComposerModel.getInstance(Line:48)->getInstance()
09-20 03:52:22.803 15674 15690 I UPDATE_AGENT: OTAComposerProxy.notifyInstallState(Line:195)current ecu state INSTALLING && progress: 0
09-20 03:52:22.804 15674 15690 D UPDATE_AGENT: AgentModel.getInstance(Line:73)getInstance
09-20 03:52:22.811 15674 15711 D UPDATE_AGENT: DefaultState.processMessage(Line:128)DefaultState: 71
09-20 03:52:26.370  1595  1595 I update_engine: [INFO:filesystem_verifier_action.cc(436)] Hash of vendor: kpIvBv9kxyu/vYxaZrCRBQtgNDBJjqu0C33r8K4YP6s=
09-20 03:52:27.112  1595  1595 I update_engine: [INFO:filesystem_verifier_action.cc(330)] Hashing partition 2 (system_ext) on device /dev/block/dm-16
09-20 03:52:27.142  1595  1595 I update_engine: [INFO:filesystem_verifier_action.cc(380)] Verity writes disabled on partition system_ext
09-20 03:52:27.196 15695 15712 D OTA-COMPOSER: 28673UpdateEngineProxy$1.onStatusUpdate(Line:91)onStatusUpdate:      status = 4   percent = 0.10834476
09-20 03:52:27.197 15695 15712 D OTA-COMPOSER: 28673UpdateEngineProxy.statusUpdate(Line:250)status: 4 (int) percent 99
09-20 03:52:27.197 15695 15712 D OTA-COMPOSER: 28673UpdateEngineProxy.statusUpdate(Line:251)status: 4 Math.round(percent) 99
09-20 03:52:27.198 15695 15721 I OTA-COMPOSER: 17DefaultState.processMessage(Line:136)65
09-20 03:52:27.199 15695 15721 D OTA-COMPOSER: 97InstallState.processMessage(Line:91)current MSG 65
09-20 03:52:27.199 15695 15721 I OTA-COMPOSER: 100InstallState.processMessage(Line:103)installing
09-20 03:52:27.199 15695 15721 I OTA-COMPOSER: 100InstallState.processMessage(Line:107)get soc install msg
09-20 03:52:27.200 15695 15721 I OTA-COMPOSER: 100InstallState.updateInstallationProgress(Line:151)Soc progress is 99
09-20 03:52:27.201 15695 15721 I OTA-COMPOSER: 100InstallState.updateInstallationProgress(Line:152)is soc install now 0x01
09-20 03:52:27.201 15695 15721 I OTA-COMPOSER: 100InstallState.updateInstallationProgress(Line:190)get percent update, notify to AGENT
09-20 03:52:27.202 15695 15721 I OTA-COMPOSER: 1OTAStateMachine.updateEcuStateList(Line:225)current Ecu State [EcuState: { ecu: Ecu: { nodeAddress: 0x01, ecuId: MQAAAAAAAAAAAAAAAAAAAA==, softwareId: , updateFilePath: [/storage/1CB9-1D2B/full_update.zip], rollbackFilePath: [], retryTimes: 0, reserved:  }, ecuUpdateState: INSTALLING, statusCode: 0, curStateProgress: 0 }]
09-20 03:52:27.202 15695 15721 I OTA-COMPOSER: 1OTAStateMachine.notifyProgress(Line:199)notify Agent the last data
09-20 03:52:27.202 15695 15721 D OTA-COMPOSER: 256ComposerModel.getInstance(Line:48)->getInstance()
09-20 03:52:27.205 15674 15690 I UPDATE_AGENT: OTAComposerProxy.notifyInstallState(Line:195)current ecu state INSTALLING && progress: 0
09-20 03:52:27.206 15674 15690 D UPDATE_AGENT: AgentModel.getInstance(Line:73)getInstance
